<html>
<body>
<pre>
<h1>µVision Build Log</h1>
<h2>Tool Versions:</h2>
IDE-Version: ¦ÌVision V5.14.0.0
Copyright (C) 2015 ARM Ltd and ARM Germany GmbH. All rights reserved.
License Information: dashdsa jdakslhda, sajdklasj, LIC=Y2BZ9-4NGQE-ZDWK6-D5S1G-4WUZX-EH2UN
 
Tool Versions:
Toolchain:       MDK-ARM Professional  Version: 5.14.0.0
Toolchain Path:  D:\MDK5\ARM\ARMCC\Bin
C Compiler:      Armcc.exe V5.05 update 1 (build 106)
Assembler:       Armasm.exe V5.05 update 1 (build 106)
Linker/Locator:  ArmLink.exe V5.05 update 1 (build 106)
Library Manager: ArmAr.exe V5.05 update 1 (build 106)
Hex Converter:   FromElf.exe V5.05 update 1 (build 106)
CPU DLL:         SARMCM3.DLL V5.14.0.0
Dialog DLL:      DCM.DLL V1.13.1.0
Target DLL:      Segger\JL2CM3.dll V2.99.13.0
Dialog DLL:      TCM.DLL V1.14.4.0
 
<h2>Project:</h2>
C:\Users\Lenovo\Documents\GitHub\YuTian_Pro\CarryPilot\CarryPilot.uvprojx
Project File Date:  07/13/2019

<h2>Output:</h2>
Build target 'CarryPilot'
compiling adc.c...
compiling aes.c...
compiling can.c...
compiling comp.c...
compiling cpu.c...
compiling crc.c...
compiling des.c...
compiling eeprom.c...
compiling emac.c...
compiling epi.c...
compiling flash.c...
compiling fpu.c...
compiling gpio.c...
compiling hibernate.c...
compiling i2c.c...
compiling interrupt.c...
compiling lcd.c...
compiling mpu.c...
compiling pwm.c...
compiling qei.c...
compiling shamd5.c...
compiling ssi.c...
compiling sw_crc.c...
compiling sysctl.c...
compiling sysexc.c...
compiling systick.c...
compiling timer.c...
compiling uart.c...
compiling udma.c...
compiling usb.c...
compiling watchdog.c...
compiling main.c...
assembling startup_rvmdk.S...
compiling uartstdio.c...
compiling Calibration.c...
compiling Bling.c...
compiling Filter.c...
compiling GPS.c...
compiling IST8310.c...
compiling Key.c...
compiling mpu6050.c...
compiling myiic.c...
compiling OLED.c...
compiling OpticalFlow_LC306.c...
compiling PID.c...
compiling PPM.c...
compiling RC.c...
compiling Ringbuf.c...
compiling Schedule.c...
compiling SINS.c...
compiling SPL06.c...
compiling Time.c...
compiling Time_Cnt.c...
compiling US_100.c...
compiling SYSTEM.c...
compiling Usart.c...
compiling WP_ADC.c...
compiling wp_flash.c...
compiling WP_Math.c...
compiling WP_PWM.c...
compiling ssd1306.c...
compiling RDroneSudio.c...
compiling Soft_I2C.c...
compiling CalibrationRoutines.c...
compiling control_althold.c...
compiling control_land.c...
compiling control_poshold.c...
compiling Earth_Declination.c...
compiling NamelessCotrun_SDK.c...
compiling OpticalFlow_Control.c...
compiling Sensor.c...
compiling WP_Ctrl.c...
linking...
Program Size: Code=115656 RO-data=13564 RW-data=3692 ZI-data=14748  
FromELF: creating hex file...
".\Output\CarryPilot.axf" - 0 Error(s), 0 Warning(s).

<h2>Collection of Component include folders:</h2>
  C:\Users\Lenovo\Documents\GitHub\YuTian_Pro\CarryPilot\RTE
  D:\MDK5\ARM\PACK\Keil\TM4C_DFP\1.1.0

<h2>Collection of Component Files used:</h2>
</pre>
</body>
</html>
