Component: ARM Compiler 5.05 update 1 (build 106) Tool: armlink [4d0efa]

==============================================================================

Section Cross References

    adc.o(i.ADCIntRegister) refers to adc.o(i._ADCIntNumberGet) for _ADCIntNumberGet
    adc.o(i.ADCIntRegister) refers to interrupt.o(i.IntRegister) for IntRegister
    adc.o(i.ADCIntRegister) refers to interrupt.o(i.IntEnable) for IntEnable
    adc.o(i.ADCIntUnregister) refers to adc.o(i._ADCIntNumberGet) for _ADCIntNumberGet
    adc.o(i.ADCIntUnregister) refers to interrupt.o(i.IntDisable) for IntDisable
    adc.o(i.ADCIntUnregister) refers to interrupt.o(i.IntUnregister) for IntUnregister
    adc.o(i.ADCSoftwareOversampleConfigure) refers to adc.o(.data) for g_pui8OversampleFactor
    adc.o(i.ADCSoftwareOversampleDataGet) refers to adc.o(.data) for g_pui8OversampleFactor
    adc.o(i.ADCSoftwareOversampleStepConfigure) refers to adc.o(.data) for g_pui8OversampleFactor
    aes.o(i.AESDataAuth) refers to aes.o(i.AESLengthSet) for AESLengthSet
    aes.o(i.AESDataAuth) refers to aes.o(i.AESDataWrite) for AESDataWrite
    aes.o(i.AESDataAuth) refers to aes.o(i.AESTagRead) for AESTagRead
    aes.o(i.AESDataProcess) refers to aes.o(i.AESLengthSet) for AESLengthSet
    aes.o(i.AESDataProcess) refers to aes.o(i.AESDataWrite) for AESDataWrite
    aes.o(i.AESDataProcess) refers to aes.o(i.AESDataRead) for AESDataRead
    aes.o(i.AESDataProcessAuth) refers to aes.o(i.AESLengthSet) for AESLengthSet
    aes.o(i.AESDataProcessAuth) refers to aes.o(i.AESAuthLengthSet) for AESAuthLengthSet
    aes.o(i.AESDataProcessAuth) refers to aes.o(i.AESDataWrite) for AESDataWrite
    aes.o(i.AESDataProcessAuth) refers to aes.o(i.AESDataRead) for AESDataRead
    aes.o(i.AESDataProcessAuth) refers to aes.o(i.AESTagRead) for AESTagRead
    aes.o(i.AESIntRegister) refers to interrupt.o(i.IntRegister) for IntRegister
    aes.o(i.AESIntRegister) refers to interrupt.o(i.IntEnable) for IntEnable
    aes.o(i.AESIntUnregister) refers to interrupt.o(i.IntDisable) for IntDisable
    aes.o(i.AESIntUnregister) refers to interrupt.o(i.IntUnregister) for IntUnregister
    can.o(i.CANBitRateSet) refers to can.o(.constdata) for g_ui16CANBitValues
    can.o(i.CANIntRegister) refers to can.o(i._CANIntNumberGet) for _CANIntNumberGet
    can.o(i.CANIntRegister) refers to interrupt.o(i.IntRegister) for IntRegister
    can.o(i.CANIntRegister) refers to interrupt.o(i.IntEnable) for IntEnable
    can.o(i.CANIntUnregister) refers to can.o(i._CANIntNumberGet) for _CANIntNumberGet
    can.o(i.CANIntUnregister) refers to interrupt.o(i.IntDisable) for IntDisable
    can.o(i.CANIntUnregister) refers to interrupt.o(i.IntUnregister) for IntUnregister
    can.o(i.CANMessageGet) refers to can.o(i._CANDataRegRead) for _CANDataRegRead
    can.o(i.CANMessageSet) refers to can.o(i._CANDataRegWrite) for _CANDataRegWrite
    comp.o(i.ComparatorIntRegister) refers to interrupt.o(i.IntRegister) for IntRegister
    comp.o(i.ComparatorIntRegister) refers to interrupt.o(i.IntEnable) for IntEnable
    comp.o(i.ComparatorIntUnregister) refers to interrupt.o(i.IntDisable) for IntDisable
    comp.o(i.ComparatorIntUnregister) refers to interrupt.o(i.IntUnregister) for IntUnregister
    crc.o(i.CRCDataProcess) refers to crc.o(i.CRCResultRead) for CRCResultRead
    des.o(i.DESDataProcess) refers to des.o(i.DESDataWriteNonBlocking) for DESDataWriteNonBlocking
    des.o(i.DESDataProcess) refers to des.o(i.DESDataReadNonBlocking) for DESDataReadNonBlocking
    des.o(i.DESIntRegister) refers to interrupt.o(i.IntRegister) for IntRegister
    des.o(i.DESIntRegister) refers to interrupt.o(i.IntEnable) for IntEnable
    des.o(i.DESIntUnregister) refers to interrupt.o(i.IntDisable) for IntDisable
    des.o(i.DESIntUnregister) refers to interrupt.o(i.IntUnregister) for IntUnregister
    eeprom.o(i.EEPROMInit) refers to sysctl.o(.emb_text) for SysCtlDelay
    eeprom.o(i.EEPROMInit) refers to eeprom.o(i._EEPROMWaitForDone) for _EEPROMWaitForDone
    eeprom.o(i.EEPROMInit) refers to sysctl.o(i.SysCtlPeripheralReset) for SysCtlPeripheralReset
    eeprom.o(i.EEPROMIntClear) refers to eeprom.o(i._EEPROMSectorMaskClear) for _EEPROMSectorMaskClear
    eeprom.o(i.EEPROMMassErase) refers to eeprom.o(i._EEPROMSectorMaskClear) for _EEPROMSectorMaskClear
    eeprom.o(i.EEPROMMassErase) refers to eeprom.o(i._EEPROMWaitForDone) for _EEPROMWaitForDone
    eeprom.o(i.EEPROMMassErase) refers to sysctl.o(i.SysCtlPeripheralReset) for SysCtlPeripheralReset
    eeprom.o(i.EEPROMMassErase) refers to sysctl.o(.emb_text) for SysCtlDelay
    eeprom.o(i.EEPROMProgram) refers to eeprom.o(i._EEPROMSectorMaskSet) for _EEPROMSectorMaskSet
    eeprom.o(i.EEPROMProgram) refers to eeprom.o(i._EEPROMSectorMaskClear) for _EEPROMSectorMaskClear
    eeprom.o(i.EEPROMProgramNonBlocking) refers to eeprom.o(i._EEPROMSectorMaskSet) for _EEPROMSectorMaskSet
    eeprom.o(i._EEPROMSectorMaskClear) refers to sysctl.o(.emb_text) for SysCtlDelay
[...]
    CF_Parameter                             0x20000858   Data           8  namelesscorun_opticalflow.o(.data)
    PPM_Time_Delta                           0x20000860   Data           2  namelesscorun_opticalflow.o(.data)
    PPM_Is_Okay                              0x20000862   Data           2  namelesscorun_opticalflow.o(.data)
    PPM_Safety_Flag                          0x20000870   Data           1  namelesscorun_opticalflow.o(.data)
    US_Distance                              0x20000874   Data           4  namelesscorun_opticalflow.o(.data)
    Last_US_Distance                         0x20000878   Data           4  namelesscorun_opticalflow.o(.data)
    US_Distance_Div                          0x2000087c   Data           4  namelesscorun_opticalflow.o(.data)
    Last_US_Distance_Div                     0x20000880   Data           4  namelesscorun_opticalflow.o(.data)
    US_Distance_Acc                          0x20000884   Data           4  namelesscorun_opticalflow.o(.data)
    Start_Tail                               0x20000888   Data           2  namelesscorun_opticalflow.o(.data)
    Last_Start_Tail                          0x2000088a   Data           2  namelesscorun_opticalflow.o(.data)
    US_100_Update_Flag                       0x2000088c   Data           1  namelesscorun_opticalflow.o(.data)
    US_100_Cnt                               0x2000088d   Data           1  namelesscorun_opticalflow.o(.data)
    Yaw_Vel_Feedforward_Output               0x20000890   Data           4  control_althold.o(.data)
    Yaw_Vel_Feedforward_Rate                 0x20000894   Data           4  control_althold.o(.data)
    Yaw_Vel_Feedforward_Delta                0x20000898   Data           4  control_althold.o(.data)
    Last_Yaw_Vel_Target                      0x2000089c   Data           4  control_althold.o(.data)
    Yaw_Vel_Target                           0x200008a0   Data           4  control_althold.o(.data)
    Deadband                                 0x200008a4   Data           2  control_althold.o(.data)
    Deadzone_Min                             0x200008a6   Data           2  control_althold.o(.data)
    Deadzone_Max                             0x200008a8   Data           2  control_althold.o(.data)
    Thr_Top                                  0x200008aa   Data           2  control_althold.o(.data)
    Thr_Buttom                               0x200008ac   Data           2  control_althold.o(.data)
    Thr_Middle                               0x200008ae   Data           2  control_althold.o(.data)
    Thr_Push_Over_State                      0x200008b0   Data           1  control_althold.o(.data)
    land_pos_target                          0x200008bc   Data           8  control_land.o(.data)
    land_pos_now                             0x200008c4   Data           8  control_land.o(.data)
    land_home_pos                            0x200008cc   Data           8  control_land.o(.data)
    target_yaw_rate                          0x200008d4   Data           4  control_land.o(.data)
    target_yaw_alt                           0x200008d8   Data           4  control_land.o(.data)
    Landon_Earth_Cnt                         0x200008dc   Data           2  control_land.o(.data)
    Last_Landon_Earth_Flag                   0x200008de   Data           1  control_land.o(.data)
    Landon_Earth_Flag                        0x200008df   Data           1  control_land.o(.data)
    Landon_Earth_Flag_Set                    0x200008e0   Data           1  control_land.o(.data)
    last_handmove_change_mode                0x200008e1   Data           1  control_land.o(.data)
    handmove_change_mode                     0x200008e2   Data           1  control_land.o(.data)
    nav_transition_cnt                       0x200008e4   Data           2  control_land.o(.data)
    nav_transition_flag                      0x200008e6   Data           2  control_land.o(.data)
    nav_climb_rate_cnt                       0x200008e8   Data           2  control_land.o(.data)
    nav_decline_rate_cnt                     0x200008ea   Data           2  control_land.o(.data)
    first_switch_flag                        0x200008ec   Data           2  control_land.o(.data)
    distance_land_mode                       0x200008ee   Data           1  control_land.o(.data)
    last_distance_land_mode                  0x200008ef   Data           1  control_land.o(.data)
    climb_safe_alt_flag                      0x200008f0   Data           1  control_land.o(.data)
    home_fixed_flag                          0x200008f1   Data           1  control_land.o(.data)
    check_pos_handmove                       0x200008f2   Data           1  control_land.o(.data)
    check_alt_handmove                       0x200008f3   Data           1  control_land.o(.data)
    Body_Frame_Accel_Target                  0x2000090c   Data           8  control_poshold.o(.data)
    Body_Frame_Speed_Feedback                0x20000914   Data           8  control_poshold.o(.data)
    Body_Frame_Pos_Err                       0x2000091c   Data           8  control_poshold.o(.data)
    Body_Frame_Brake_Speed                   0x20000924   Data           8  control_poshold.o(.data)
    GPS_Speed_Control_Mode                   0x2000092c   Data           1  control_poshold.o(.data)
    accel_target                             0x20000930   Data           8  control_poshold.o(.data)
    angle_target                             0x20000938   Data           8  control_poshold.o(.data)
    Mine_SDK_OpenMV_Flag                     0x20000944   Data           1  namelesscotrun_sdk.o(.data)
    Finish_Point_Flag                        0x20000945   Data           1  namelesscotrun_sdk.o(.data)
    Judge_Time                               0x20000946   Data           2  namelesscotrun_sdk.o(.data)
    SDK_Duty_Cnt                             0x20000948   Data           2  namelesscotrun_sdk.o(.data)
    SDK_Transition_Time                      0x2000094a   Data           2  namelesscotrun_sdk.o(.data)
    SDK_Now_Mode                             0x20000958   Data           1  namelesscotrun_sdk.o(.data)
    SDK_Mode_Set                             0x20000959   Data           1  namelesscotrun_sdk.o(.data)
    SDK_Recieve_Flag                         0x2000095a   Data           1  namelesscotrun_sdk.o(.data)
    SDK_Target                               0x2000095c   Data           8  namelesscotrun_sdk.o(.data)
    SDK_Target_Offset                        0x20000964   Data           8  namelesscotrun_sdk.o(.data)
    SDK_Target_Yaw_Gyro                      0x2000096c   Data           4  namelesscotrun_sdk.o(.data)
    SDK_RealPoint_Flag                       0x20000970   Data           1  namelesscotrun_sdk.o(.data)
    Trust_RealPoint_flag                     0x20000971   Data           1  namelesscotrun_sdk.o(.data)
    SDK_Data_Offset                          0x20000974   Data           2  namelesscotrun_sdk.o(.data)
    OpticalFlow_Pos_Ctrl_Expect              0x2000099c   Data           8  opticalflow_control.o(.data)
    OpticalFlow_Pos_Ctrl_Err                 0x200009a4   Data           8  opticalflow_control.o(.data)
    OpticalFlow_Pos_Ctrl_Integrate           0x200009ac   Data           8  opticalflow_control.o(.data)
    OpticalFlow_Pos_Ctrl_Output              0x200009b4   Data           8  opticalflow_control.o(.data)
    OpticalFlow_Ctrl_Expect                  0x200009bc   Data           8  opticalflow_control.o(.data)
    OpticalFlow_Ctrl_Err                     0x200009c4   Data           8  opticalflow_control.o(.data)
    OpticalFlow_Ctrl_Integrate               0x200009cc   Data           8  opticalflow_control.o(.data)
    OpticalFlow_Ctrl_Output                  0x200009d4   Data           8  opticalflow_control.o(.data)
    Pitch                                    0x200009e4   Data           4  sensor.o(.data)
    Roll                                     0x200009e8   Data           4  sensor.o(.data)
    Yaw                                      0x200009ec   Data           4  sensor.o(.data)
    Yaw_Gyro                                 0x200009f0   Data           4  sensor.o(.data)
    Pitch_Gyro                               0x200009f4   Data           4  sensor.o(.data)
    Roll_Gyro                                0x200009f8   Data           4  sensor.o(.data)
    Pitch_Observation                        0x200009fc   Data           4  sensor.o(.data)
    Roll_Observation                         0x20000a00   Data           4  sensor.o(.data)
    Yaw_Observation                          0x20000a04   Data           4  sensor.o(.data)
    Inclination_Rate                         0x20000a08   Data           4  sensor.o(.data)
    Gyro_Length                              0x20000a0c   Data           4  sensor.o(.data)
    K                                        0x20000a10   Data          12  sensor.o(.data)
    Sensor_Flag                              0x20000a1c   Data           5  sensor.o(.data)
    Sin_Pitch                                0x20000a24   Data           4  sensor.o(.data)
    Sin_Roll                                 0x20000a28   Data           4  sensor.o(.data)
    Sin_Yaw                                  0x20000a2c   Data           4  sensor.o(.data)
    Cos_Pitch                                0x20000a30   Data           4  sensor.o(.data)
    Cos_Roll                                 0x20000a34   Data           4  sensor.o(.data)
    Cos_Yaw                                  0x20000a38   Data           4  sensor.o(.data)
    mag_update_flag                          0x20000a3c   Data           1  sensor.o(.data)
    euler_roll_init                          0x20000a40   Data           4  sensor.o(.data)
    euler_pitch_init                         0x20000a44   Data           4  sensor.o(.data)
    euler_yaw_init                           0x20000a48   Data           4  sensor.o(.data)
    q0_init                                  0x20000a4c   Data           4  sensor.o(.data)
    q1_init                                  0x20000a50   Data           4  sensor.o(.data)
    q2_init                                  0x20000a54   Data           4  sensor.o(.data)
    q3_init                                  0x20000a58   Data           4  sensor.o(.data)
    IMU_Dt                                   0x20000a5c   Data           4  sensor.o(.data)
    Yaw_Gyro_Earth_Frame                     0x20000a60   Data           4  sensor.o(.data)
    q0                                       0x20000a64   Data           4  sensor.o(.data)
    q1                                       0x20000a68   Data           4  sensor.o(.data)
    q2                                       0x20000a6c   Data           4  sensor.o(.data)
    q3                                       0x20000a70   Data           4  sensor.o(.data)
    beta                                     0x20000a74   Data           4  sensor.o(.data)
    gx_delta                                 0x20000a78   Data           4  sensor.o(.data)
    gy_delta                                 0x20000a7c   Data           4  sensor.o(.data)
    gz_delta                                 0x20000a80   Data           4  sensor.o(.data)
    kp                                       0x20000a84   Data           4  sensor.o(.data)
    Yaw_Temp                                 0x20000a88   Data           4  sensor.o(.data)
    Sensor_Time                              0x20000a8c   Data           4  sensor.o(.data)
    Motor_PWM_1                              0x20000a94   Data           2  wp_ctrl.o(.data)
    Motor_PWM_2                              0x20000a96   Data           2  wp_ctrl.o(.data)
    Motor_PWM_3                              0x20000a98   Data           2  wp_ctrl.o(.data)
    Motor_PWM_4                              0x20000a9a   Data           2  wp_ctrl.o(.data)
    Motor_PWM_5                              0x20000a9c   Data           2  wp_ctrl.o(.data)
    Motor_PWM_6                              0x20000a9e   Data           2  wp_ctrl.o(.data)
    Last_Motor_PWM_1                         0x20000aa0   Data           2  wp_ctrl.o(.data)
    Last_Motor_PWM_2                         0x20000aa2   Data           2  wp_ctrl.o(.data)
    Last_Motor_PWM_3                         0x20000aa4   Data           2  wp_ctrl.o(.data)
    Last_Motor_PWM_4                         0x20000aa6   Data           2  wp_ctrl.o(.data)
    Last_Motor_PWM_5                         0x20000aa8   Data           2  wp_ctrl.o(.data)
    Last_Motor_PWM_6                         0x20000aaa   Data           2  wp_ctrl.o(.data)
    Controler_High_Mode                      0x20000aac   Data           1  wp_ctrl.o(.data)
    Last_Controler_High_Mode                 0x20000aad   Data           1  wp_ctrl.o(.data)
    Controler_Horizontal_Mode                0x20000aae   Data           1  wp_ctrl.o(.data)
    Last_Controler_Horizontal_Mode           0x20000aaf   Data           1  wp_ctrl.o(.data)
    Controler_Land_Mode                      0x20000ab0   Data           1  wp_ctrl.o(.data)
    Last_Controler_Land_Mode                 0x20000ab1   Data           1  wp_ctrl.o(.data)
    Reserve_Mode                             0x20000ab2   Data           1  wp_ctrl.o(.data)
    Last_Reserve_Mode                        0x20000ab3   Data           1  wp_ctrl.o(.data)
    Reserve_Mode_Fast_Exchange_Flag          0x20000ab4   Data           1  wp_ctrl.o(.data)
    Reserve_Mode_Fast_Exchange_Cnt           0x20000ab5   Data           1  wp_ctrl.o(.data)
    Reserve_Mode_Cnt                         0x20000ab6   Data           2  wp_ctrl.o(.data)
    Control_Mode_Change                      0x20000ab8   Data           1  wp_ctrl.o(.data)
    High_Hold_Throttle                       0x20000aba   Data           2  wp_ctrl.o(.data)
    Pos_Hold_SetFlag                         0x20000abc   Data           1  wp_ctrl.o(.data)
    SDK_Ctrl_Mode                            0x20000abd   Data           1  wp_ctrl.o(.data)
    Yaw_Control_Fault_Cnt                    0x20000abe   Data           2  wp_ctrl.o(.data)
    Last_Yaw_Gyro_Control_Expect             0x20000ac0   Data           4  wp_ctrl.o(.data)
    Yaw_Gyro_Control_Expect_Delta            0x20000ac4   Data           4  wp_ctrl.o(.data)
    Last_Pitch_Gyro_Control_Expect           0x20000ac8   Data           4  wp_ctrl.o(.data)
    Pitch_Gyro_Control_Expect_Delta          0x20000acc   Data           4  wp_ctrl.o(.data)
    Last_Roll_Gyro_Control_Expect            0x20000ad0   Data           4  wp_ctrl.o(.data)
    Roll_Gyro_Control_Expect_Delta           0x20000ad4   Data           4  wp_ctrl.o(.data)
    Pitch_Roll_Feedforward_Kp                0x20000ad8   Data           4  wp_ctrl.o(.data)
    Pitch_Roll_Feedforward_Kd                0x20000adc   Data           4  wp_ctrl.o(.data)
    Yaw_Feedforward_Kp                       0x20000ae0   Data           4  wp_ctrl.o(.data)
    Yaw_Feedforward_Kd                       0x20000ae4   Data           4  wp_ctrl.o(.data)
    Throttle                                 0x20000ae8   Data           2  wp_ctrl.o(.data)
    Last_Throttle                            0x20000aea   Data           2  wp_ctrl.o(.data)
    Active_Para1                             0x20000aec   Data           4  wp_ctrl.o(.data)
    Active_Para2                             0x20000af0   Data           4  wp_ctrl.o(.data)
    Throttle_Output                          0x20000af4   Data           2  wp_ctrl.o(.data)
    Idel_Cnt                                 0x20000af6   Data           2  wp_ctrl.o(.data)
    Thr_Idle_Transition_Cnt                  0x20000af8   Data           2  wp_ctrl.o(.data)
    Mag_Data                                 0x20000e6c   Data          12  calibration.o(.bss)
    new_offset                               0x20000e78   Data          12  calibration.o(.bss)
    Accel_Offset_Read                        0x20000e84   Data          12  calibration.o(.bss)
    Accel_Scale_Read                         0x20000e90   Data          12  calibration.o(.bss)
    acce_sample                              0x20000e9c   Data          72  calibration.o(.bss)
    Flash_Buf                                0x20000ee4   Data          12  calibration.o(.bss)
    Last_Mag_360_Flag                        0x20000ef0   Data         108  calibration.o(.bss)
    Mag_360_Flag                             0x20000f5c   Data         108  calibration.o(.bss)
    Mag                                      0x20000fc8   Data          24  calibration.o(.bss)
    DataMag                                  0x20000fe0   Data          12  calibration.o(.bss)
    Mag_Offset_Read                          0x20000fec   Data          12  calibration.o(.bss)
    RC_Calibration                           0x20000ff8   Data         128  calibration.o(.bss)
    Hor_Accel_Offset                         0x20001078   Data          12  calibration.o(.bss)
    Light_1                                  0x2000109c   Data          20  bling.o(.bss)
    Light_2                                  0x200010b0   Data          20  bling.o(.bss)
    Light_3                                  0x200010c4   Data          20  bling.o(.bss)
    Light_4                                  0x200010d8   Data          20  bling.o(.bss)
    Ce                                       0x200010ec   Data          40  filter.o(.bss)
    Butter_80HZ_Parameter_Acce               0x20001114   Data          24  filter.o(.bss)
    Butter_60HZ_Parameter_Acce               0x2000112c   Data          24  filter.o(.bss)
    Butter_51HZ_Parameter_Acce               0x20001144   Data          24  filter.o(.bss)
    Butter_30HZ_Parameter_Acce               0x2000115c   Data          24  filter.o(.bss)
    Butter_20HZ_Parameter_Acce               0x20001174   Data          24  filter.o(.bss)
    Butter_15HZ_Parameter_Acce               0x2000118c   Data          24  filter.o(.bss)
    Butter_10HZ_Parameter_Acce               0x200011a4   Data          24  filter.o(.bss)
    Butter_5HZ_Parameter_Acce                0x200011bc   Data          24  filter.o(.bss)
    Butter_2HZ_Parameter_Acce                0x200011d4   Data          24  filter.o(.bss)
    Butter_Buffer                            0x200011ec   Data          72  filter.o(.bss)
    Butter_Buffer_Feedback                   0x20001234   Data          72  filter.o(.bss)
    Butter_Buffer_SINS                       0x2000127c   Data          72  filter.o(.bss)
    Notch_Filter_Buffer                      0x200012c4   Data          12  filter.o(.bss)
    Bandstop_Filter_Buffer                   0x200012d0   Data          48  filter.o(.bss)
    Filter_data                              0x20001300   Data          16  filter.o(.bss)
    Data_X_MAG                               0x20001310   Data          12  filter.o(.bss)
    Data_Y_MAG                               0x2000131c   Data          12  filter.o(.bss)
    Data_Z_MAG                               0x20001328   Data          12  filter.o(.bss)
    Last_GPS_Vel                             0x20001334   Data          12  gps.o(.bss)
    GPS_Vel                                  0x20001340   Data          12  gps.o(.bss)
    GPS_Vel_Div                              0x2000134c   Data          12  gps.o(.bss)
    GPS_PVT_Parse_Time_Delta                 0x20001358   Data          16  gps.o(.bss)
    mag_offset                               0x20001368   Data          12  ist8310.o(.bss)
    Mag_Parameter                            0x20001374   Data          24  ist8310.o(.bss)
    Ins_Accel_Parameter                      0x2000138c   Data          24  mpu6050.o(.bss)
    Accel_Parameter                          0x200013a4   Data          24  mpu6050.o(.bss)
    Gyro_Parameter                           0x200013bc   Data          24  mpu6050.o(.bss)
    Calibrate_Parameter                      0x200013d4   Data          24  mpu6050.o(.bss)
    gyro_offset                              0x200013ec   Data          12  mpu6050.o(.bss)
    Control_Device_Div_LPF_Parameter_For_Gyro 0x200013f8   Data          24  pid.o(.bss)
    Control_Device_Div_LPF_Parameter         0x20001410   Data          24  pid.o(.bss)
    Control_Device_Err_LPF_Parameter         0x20001428   Data          24  pid.o(.bss)
    Control_Device_SDK_Err_LPF_Parameter     0x20001440   Data          24  pid.o(.bss)
    Total_Controller                         0x20001458   Data        3192  pid.o(.bss)
    PID_Parameter                            0x200020d0   Data         168  pid.o(.bss)
    PID_Parameter_Read_Flag                  0x20002178   Data          14  pid.o(.bss)
    RC_LPF_Buffer                            0x20002188   Data          96  rc.o(.bss)
    NamelessQuad                             0x20002238   Data        1272  sins.o(.bss)
    Origion_NamelessQuad                     0x20002730   Data        1272  sins.o(.bss)
    accel_feedback_filter_buf                0x20002c28   Data          72  sins.o(.bss)
    Acceleration_Feedback                    0x20002c70   Data          12  sins.o(.bss)
    SINS_High_Delta                          0x20002c7c   Data          16  sins.o(.bss)
    Body_Frame_To_XYZ                        0x20002c8c   Data          12  sins.o(.bss)
    Earth_Frame_To_XYZ                       0x20002c98   Data          12  sins.o(.bss)
    GPS_Home                                 0x20002ca4   Data          12  sins.o(.bss)
    GPS_Present                              0x20002cb0   Data          12  sins.o(.bss)
    K_GPS                                    0x20002cc0   Data          32  sins.o(.bss)
    Position_History                         0x20002ce0   Data         400  sins.o(.bss)
    Vel_History                              0x20002e70   Data         400  sins.o(.bss)
    SINS_Horizontal_Delta                    0x20003000   Data          16  sins.o(.bss)
    spl0601                                  0x20003010   Data          44  spl06.o(.bss)
    WP_Sensor                                0x2000303c   Data          84  time_cnt.o(.bss)
    Time0_Delta                              0x20003090   Data          16  time_cnt.o(.bss)
    COM0_Rx_Buf                              0x200030a0   Data         206  usart.o(.bss)
    COM1_Rx_Buf                              0x2000316e   Data         206  usart.o(.bss)
    COM2_Rx_Buf                              0x2000323c   Data         206  usart.o(.bss)
    COM3_Rx_Buf                              0x2000330a   Data         206  usart.o(.bss)
    COM4_Rx_Buf                              0x200033d8   Data         206  usart.o(.bss)
    COM5_Rx_Buf                              0x200034a6   Data         206  usart.o(.bss)
    COM6_Rx_Buf                              0x20003574   Data         206  usart.o(.bss)
    COM7_Rx_Buf                              0x20003642   Data         206  usart.o(.bss)
    data_to_send                             0x20003710   Data          50  usart.o(.bss)
    value                                    0x20003794   Data          32  wp_adc.o(.bss)
    Table_Parameter                          0x200037b4   Data         400  wp_flash.o(.bss)
    opt_data                                 0x20003944   Data          12  namelesscorun_opticalflow.o(.bss)
    opt_origin_data                          0x20003950   Data          28  namelesscorun_opticalflow.o(.bss)
    OpticalFlow_Parameter                    0x2000396c   Data          24  namelesscorun_opticalflow.o(.bss)
    OpticalFlow_Gyro_Parameter               0x20003984   Data          24  namelesscorun_opticalflow.o(.bss)
    Buffer_OpticalFlow                       0x2000399c   Data          48  namelesscorun_opticalflow.o(.bss)
    Buffer_OpticalFlow_Gyro                  0x200039cc   Data          48  namelesscorun_opticalflow.o(.bss)
    OpticalFlow_SINS                         0x200039fc   Data        1272  namelesscorun_opticalflow.o(.bss)
    Optical_Delta                            0x20003ef4   Data          16  namelesscorun_opticalflow.o(.bss)
    Copyright_License_Data                   0x20003f04   Data          28  namelesscorun_opticalflow.o(.bss)
    CpuID_MSB                                0x20003f20   Data          12  namelesscorun_opticalflow.o(.bss)
    CpuID_LSB                                0x20003f2c   Data          12  namelesscorun_opticalflow.o(.bss)
    Lock_Code                                0x20003f38   Data          20  namelesscorun_opticalflow.o(.bss)
    PPM_Databuf                              0x20003f4c   Data          16  namelesscorun_opticalflow.o(.bss)
    Mag_LS                                   0x20003f6c   Data          76  calibrationroutines.o(.bss)
    UAV_Cushion_Stop_Point                   0x20003fb8   Data          12  control_althold.o(.bss)
    Earth_Frame_Accel_Target                 0x20003fc4   Data          12  control_poshold.o(.bss)
    Earth_Frame_Pos_Err                      0x20003fd0   Data          12  control_poshold.o(.bss)
    SDK_Duty_Status                          0x20003fdc   Data          50  namelesscotrun_sdk.o(.bss)
    circle_pos_x_delta                       0x2000405c   Data         100  namelesscotrun_sdk.o(.bss)
    circle_pos_y_delta                       0x200040c0   Data         100  namelesscotrun_sdk.o(.bss)
    sdk_data_to_send                         0x20004124   Data          50  namelesscotrun_sdk.o(.bss)
    SDK_Line                                 0x20004156   Data          14  namelesscotrun_sdk.o(.bss)
    SDK_Point                                0x20004164   Data          12  namelesscotrun_sdk.o(.bss)
    Maybe_SDK_Point1                         0x20004170   Data          12  namelesscotrun_sdk.o(.bss)
    Maybe_SDK_Point2                         0x2000417c   Data          12  namelesscotrun_sdk.o(.bss)
    SDK_Real_Point                           0x20004188   Data          12  namelesscotrun_sdk.o(.bss)
    RxBuffer_mine                            0x20004194   Data          20  namelesscotrun_sdk.o(.bss)
    RxBuffer                                 0x200041a8   Data          50  namelesscotrun_sdk.o(.bss)
    Circle_Angle                             0x200041dc   Data          12  sensor.o(.bss)
    B                                        0x200041e8   Data          12  sensor.o(.bss)
    rMat                                     0x200041f4   Data          36  sensor.o(.bss)
    Accel_For_Cal                            0x20004218   Data          12  sensor.o(.bss)
    gyro                                     0x20004224   Data          12  sensor.o(.bss)
    accel                                    0x20004230   Data          12  sensor.o(.bss)
    mag                                      0x2000423c   Data          12  sensor.o(.bss)
    gyro_filter                              0x20004248   Data          12  sensor.o(.bss)
    accel_filter                             0x20004254   Data          12  sensor.o(.bss)
    mag_filter                               0x20004260   Data          12  sensor.o(.bss)
    gyro_filter_bug                          0x2000426c   Data          12  sensor.o(.bss)
    gyro_bpf_filter                          0x20004278   Data          12  sensor.o(.bss)
    accel_bpf_filter                         0x20004284   Data          12  sensor.o(.bss)
    accel_bpf_filter_bug                     0x20004290   Data          12  sensor.o(.bss)
    ins_accel_filter                         0x2000429c   Data          12  sensor.o(.bss)
    ins_accel_filter_buf                     0x200042a8   Data          72  sensor.o(.bss)
    gyro_filter_buf_bug                      0x200042f0   Data          72  sensor.o(.bss)
    gyro_filter_buf                          0x20004338   Data          72  sensor.o(.bss)
    accel_filter_buf                         0x20004380   Data          72  sensor.o(.bss)
    mag_filter_buf                           0x200043c8   Data          72  sensor.o(.bss)
    accel_cal_filter_buf                     0x20004410   Data          72  sensor.o(.bss)
    accel_for_cal_filter_buf                 0x20004458   Data          72  sensor.o(.bss)
    gyro_bpf_filter_buf                      0x200044a0   Data          72  sensor.o(.bss)
    accel_bpf_filter_buf                     0x200044e8   Data          72  sensor.o(.bss)
    accel_bpf_filter_buf_bug                 0x20004530   Data          72  sensor.o(.bss)
    Imu_Delta                                0x20004578   Data          16  sensor.o(.bss)
    T1                                       0x20004588   Data          16  sensor.o(.bss)
    T2                                       0x20004598   Data          16  sensor.o(.bss)
    __libspace_start                         0x200045a8   Data          96  libspace.o(.bss)
    __temporary_stack_top$libspace           0x20004608   Data           0  libspace.o(.bss)



==============================================================================

Memory Map of the image

  Image Entry point : 0x00000289

  Load Region LR_IROM1 (Base: 0x00000000, Size: 0x00020730, Max: 0x00040000, ABSOLUTE, COMPRESSED[0x0001fb8c])

    Execution Region ER_IROM1 (Base: 0x00000000, Size: 0x0001f8c4, Max: 0x00040000, ABSOLUTE)

    Base Addr    Size         Type   Attr      Idx    E Section Name        Object

    0x00000000   0x00000288   Code   RO         6007    RESET               startup_rvmdk.o
    0x00000288   0x00000008   Code   RO         9323  * !!!main             c_w.l(__main.o)
    0x00000290   0x00000034   Code   RO         9781    !!!scatter          c_w.l(__scatter.o)
    0x000002c4   0x0000005a   Code   RO         9779    !!dczerorl2         c_w.l(__dczerorl2.o)
    0x0000031e   0x00000002   PAD
    0x00000320   0x0000001c   Code   RO         9783    !!handler_zi        c_w.l(__scatter_zi.o)
    0x0000033c   0x00000002   Code   RO         9649    .ARM.Collect$$libinit$$00000000  c_w.l(libinit.o)
    0x0000033e   0x00000004   Code   RO         9654    .ARM.Collect$$libinit$$00000001  c_w.l(libinit2.o)
    0x00000342   0x00000000   Code   RO         9657    .ARM.Collect$$libinit$$00000004  c_w.l(libinit2.o)
    0x00000342   0x00000000   Code   RO         9660    .ARM.Collect$$libinit$$0000000A  c_w.l(libinit2.o)
    0x00000342   0x00000000   Code   RO         9662    .ARM.Collect$$libinit$$0000000C  c_w.l(libinit2.o)
    0x00000342   0x00000000   Code   RO         9664    .ARM.Collect$$libinit$$0000000E  c_w.l(libinit2.o)
    0x00000342   0x00000000   Code   RO         9667    .ARM.Collect$$libinit$$00000011  c_w.l(libinit2.o)
    0x00000342   0x00000000   Code   RO         9669    .ARM.Collect$$libinit$$00000013  c_w.l(libinit2.o)
    0x00000342   0x00000000   Code   RO         9671    .ARM.Collect$$libinit$$00000015  c_w.l(libinit2.o)
    0x00000342   0x00000000   Code   RO         9673    .ARM.Collect$$libinit$$00000017  c_w.l(libinit2.o)
    0x00000342   0x00000000   Code   RO         9675    .ARM.Collect$$libinit$$00000019  c_w.l(libinit2.o)
    0x00000342   0x00000000   Code   RO         9677    .ARM.Collect$$libinit$$0000001B  c_w.l(libinit2.o)
    0x00000342   0x00000000   Code   RO         9679    .ARM.Collect$$libinit$$0000001D  c_w.l(libinit2.o)
    0x00000342   0x00000000   Code   RO         9681    .ARM.Collect$$libinit$$0000001F  c_w.l(libinit2.o)
    0x00000342   0x00000000   Code   RO         9683    .ARM.Collect$$libinit$$00000021  c_w.l(libinit2.o)
    0x00000342   0x00000000   Code   RO         9685    .ARM.Collect$$libinit$$00000023  c_w.l(libinit2.o)
    0x00000342   0x00000000   Code   RO         9687    .ARM.Collect$$libinit$$00000025  c_w.l(libinit2.o)
    0x00000342   0x00000000   Code   RO         9691    .ARM.Collect$$libinit$$0000002C  c_w.l(libinit2.o)
    0x00000342   0x00000000   Code   RO         9693    .ARM.Collect$$libinit$$0000002E  c_w.l(libinit2.o)
    0x00000342   0x00000000   Code   RO         9695    .ARM.Collect$$libinit$$00000030  c_w.l(libinit2.o)
    0x00000342   0x00000000   Code   RO         9697    .ARM.Collect$$libinit$$00000032  c_w.l(libinit2.o)
    0x00000342   0x00000002   Code   RO         9698    .ARM.Collect$$libinit$$00000033  c_w.l(libinit2.o)
    0x00000344   0x00000002   Code   RO         9720    .ARM.Collect$$libshutdown$$00000000  c_w.l(libshutdown.o)
    0x00000346   0x00000000   Code   RO         9734    .ARM.Collect$$libshutdown$$00000003  c_w.l(libshutdown2.o)
    0x00000346   0x00000000   Code   RO         9737    .ARM.Collect$$libshutdown$$00000006  c_w.l(libshutdown2.o)
    0x00000346   0x00000000   Code   RO         9740    .ARM.Collect$$libshutdown$$00000009  c_w.l(libshutdown2.o)
    0x00000346   0x00000000   Code   RO         9742    .ARM.Collect$$libshutdown$$0000000B  c_w.l(libshutdown2.o)
    0x00000346   0x00000000   Code   RO         9745    .ARM.Collect$$libshutdown$$0000000E  c_w.l(libshutdown2.o)
    0x00000346   0x00000002   Code   RO         9746    .ARM.Collect$$libshutdown$$0000000F  c_w.l(libshutdown2.o)
    0x00000348   0x00000000   Code   RO         9537    .ARM.Collect$$rtentry$$00000000  c_w.l(__rtentry.o)
    0x00000348   0x00000000   Code   RO         9616    .ARM.Collect$$rtentry$$00000002  c_w.l(__rtentry2.o)
    0x00000348   0x00000006   Code   RO         9628    .ARM.Collect$$rtentry$$00000004  c_w.l(__rtentry4.o)
    0x0000034e   0x00000000   Code   RO         9618    .ARM.Collect$$rtentry$$00000009  c_w.l(__rtentry2.o)
    0x0000034e   0x00000004   Code   RO         9619    .ARM.Collect$$rtentry$$0000000A  c_w.l(__rtentry2.o)
    0x00000352   0x00000000   Code   RO         9621    .ARM.Collect$$rtentry$$0000000C  c_w.l(__rtentry2.o)
    0x00000352   0x00000008   Code   RO         9622    .ARM.Collect$$rtentry$$0000000D  c_w.l(__rtentry2.o)
    0x0000035a   0x00000002   Code   RO         9652    .ARM.Collect$$rtexit$$00000000  c_w.l(rtexit.o)
    0x0000035c   0x00000000   Code   RO         9702    .ARM.Collect$$rtexit$$00000002  c_w.l(rtexit2.o)
    0x0000035c   0x00000004   Code   RO         9703    .ARM.Collect$$rtexit$$00000003  c_w.l(rtexit2.o)
    0x00000360   0x00000006   Code   RO         9704    .ARM.Collect$$rtexit$$00000004  c_w.l(rtexit2.o)
    0x00000366   0x00000002   PAD
    0x00000368   0x00000026   Code   RO          651    .emb_text           cpu.o
    0x0000038e   0x00000002   PAD
    0x00000390   0x00000006   Code   RO         3864    .emb_text           sysctl.o
    0x00000396   0x00000002   PAD
    0x00000398   0x00000018   Code   RO         6008    .text               startup_rvmdk.o
    0x000003b0   0x00000024   Code   RO         9308    .text               c_w.l(ANSI_rand.o)
    0x000003d4   0x0000008a   Code   RO         9311    .text               c_w.l(rt_memcpy_v6.o)
    0x0000045e   0x00000008   Code   RO         9313    .text               c_w.l(memcpy.o)
    0x00000466   0x00000064   Code   RO         9315    .text               c_w.l(rt_memcpy_w.o)
    0x000004ca   0x00000044   Code   RO         9317    .text               c_w.l(rt_memclr.o)
    0x0000050e   0x0000004e   Code   RO         9319    .text               c_w.l(rt_memclr_w.o)
    0x0000055c   0x00000006   Code   RO         9321    .text               c_w.l(heapauxi.o)
    0x00000562   0x00000016   Code   RO         9538    .text               c_w.l(_rserrno.o)
    0x00000578   0x00000008   Code   RO         9633    .text               c_w.l(rt_errno_addr_intlibspace.o)
    0x00000580   0x00000008   Code   RO         9637    .text               c_w.l(libspace.o)
    0x00000588   0x0000004a   Code   RO         9640    .text               c_w.l(sys_stackheap_outer.o)
    0x000005d2   0x0000000c   Code   RO         9642    .text               c_w.l(exit.o)
    0x000005de   0x00000002   PAD
    0x000005e0   0x0000000c   Code   RO         9712    .text               c_w.l(sys_exit.o)
    0x000005ec   0x00000002   Code   RO         9723    .text               c_w.l(use_no_semi.o)
    0x000005ee   0x00000000   Code   RO         9725    .text               c_w.l(indicate_semi.o)
    0x000005ee   0x00000008   Code   RO           10    i.ADCIntClear       adc.o
    0x000005f6   0x00000036   Code   RO           17    i.ADCIntStatus      adc.o
    0x0000062c   0x00000018   Code   RO           22    i.ADCProcessorTrigger  adc.o
    0x00000644   0x0000002c   Code   RO           25    i.ADCSequenceConfigure  adc.o
    0x00000670   0x00000022   Code   RO           28    i.ADCSequenceDataGet  adc.o
    0x00000692   0x0000000c   Code   RO           30    i.ADCSequenceEnable  adc.o
    0x0000069e   0x00000076   Code   RO           33    i.ADCSequenceStepConfigure  adc.o
    0x00000714   0x00000054   Code   RO         7591    i.ADC_Init          wp_adc.o
    0x00000768   0x00000e94   Code   RO         7404    i.ANO_DT_Data_Receive_Anl  usart.o
    0x000015fc   0x000000e8   Code   RO         7405    i.ANO_DT_Data_Receive_Prepare  usart.o
    0x000016e4   0x00000048   Code   RO         7406    i.ANO_DT_Send_Check  usart.o
    0x0000172c   0x000000fc   Code   RO         7407    i.ANO_DT_Send_GPSData  usart.o
    0x00001828   0x00000240   Code   RO         7408    i.ANO_DT_Send_PID   usart.o
    0x00001a68   0x00000168   Code   RO         7409    i.ANO_DT_Send_RCData  usart.o
    0x00001bd0   0x00000180   Code   RO         7410    i.ANO_DT_Send_Senser  usart.o
    0x00001d50   0x00000178   Code   RO         7411    i.ANO_Data_Send_Status  usart.o
    0x00001ec8   0x000003e8   Code   RO         7412    i.ANO_SEND_StateMachine  usart.o
    0x000022b0   0x000002cc   Code   RO         6065    i.Accel_Calibartion  calibration.o
    0x0000257c   0x00000468   Code   RO         6066    i.Accel_Calibration_Check  calibration.o
    0x000029e4   0x00000124   Code   RO         9233    i.Angle_Control     wp_ctrl.o
    0x00002b08   0x0000000c   Code   RO         9234    i.Attitude_Control  wp_ctrl.o
    0x00002b14   0x00000044   Code   RO         6261    i.Bling_Init        bling.o
    0x00002b58   0x0000007e   Code   RO         6262    i.Bling_Process     bling.o
    0x00002bd6   0x0000001e   Code   RO         6263    i.Bling_Set         bling.o
    0x00002bf4   0x0000023c   Code   RO         6264    i.Bling_Working     bling.o
    0x00002e30   0x000000c4   Code   RO         6317    i.Butterworth_Parameter_Init  filter.o
    0x00002ef4   0x00000164   Code   RO         6067    i.Calibrate_Find_Delta  calibration.o
    0x00003058   0x00000044   Code   RO         6068    i.Calibrate_Reset_Matrices  calibration.o
    0x0000309c   0x000000f6   Code   RO         6069    i.Calibrate_Update_Matrices  calibration.o
    0x00003192   0x00000002   PAD
    0x00003194   0x000002a8   Code   RO         6070    i.Calibrate_accel   calibration.o
    0x0000343c   0x0000002c   Code   RO         9235    i.CarryPilot_Control  wp_ctrl.o
    0x00003468   0x00000034   Code   RO         6072    i.Check_Calibration_Flag  calibration.o
    0x0000349c   0x000001c8   Code   RO         6073    i.Check_Plane_Sampling_Okay  calibration.o
    0x00003664   0x00000114   Code   RO         6828    i.Config_Init_Uart  opticalflow_lc306.o
    0x00003778   0x00000070   Code   RO         7413    i.ConfigureUART0    usart.o
    0x000037e8   0x00000074   Code   RO         7414    i.ConfigureUART1    usart.o
    0x0000385c   0x00000094   Code   RO         7415    i.ConfigureUART2    usart.o
    0x000038f0   0x00000074   Code   RO         7416    i.ConfigureUART3    usart.o
    0x00003964   0x00000084   Code   RO         7417    i.ConfigureUART6    usart.o
    0x000039e8   0x00000074   Code   RO         7418    i.ConfigureUART7    usart.o
    0x00003a5c   0x0000006e   Code   RO         6849    i.Control_Device_LPF  pid.o
    0x00003aca   0x00000002   PAD
    0x00003acc   0x00000874   Code   RO         9236    i.Control_Output    wp_ctrl.o
    0x00004340   0x0000052c   Code   RO         9237    i.Controler_Mode_Select  wp_ctrl.o
    0x0000486c   0x000001fc   Code   RO         8364    i.Copyright_Show    namelesscorun_opticalflow.o
    0x00004a68   0x0000000c   Code   RO         7285    i.Delay_Ms          time.o
    0x00004a74   0x00000028   Code   RO         6528    i.Double_ReadI2C    myiic.o
    0x00004a9c   0x00000048   Code   RO         6616    i.Draw_Logo1        oled.o
    0x00004ae4   0x00000134   Code   RO         8928    i.Duty1             namelesscotrun_sdk.o
    0x00004c18   0x00000044   Code   RO          831    i.EEPROMInit        eeprom.o
    0x00004c5c   0x000000c8   Code   RO          837    i.EEPROMProgram     eeprom.o
    0x00004d24   0x00000038   Code   RO          839    i.EEPROMRead        eeprom.o
    0x00004d5c   0x00000014   Code   RO         7619    i.EEPROM_Init       wp_flash.o
    0x00004d70   0x0000014c   Code   RO         6074    i.ESC_Calibration   calibration.o
    0x00004ebc   0x000001c8   Code   RO         6075    i.ESC_Calibration_Check  calibration.o
    0x00005084   0x000000fc   Code   RO         8365    i.ESC_HardWave_Init  namelesscorun_opticalflow.o
    0x00005180   0x00000438   Code   RO         9147    i.Euler_Angle_Init  sensor.o
    0x000055b8   0x00000a14   Code   RO         9148    i.Euler_Angle_Init_Again  sensor.o
    0x00005fcc   0x00000014   Code   RO         1768    i.FPUEnable         fpu.o
    0x00005fe0   0x00000014   Code   RO         1771    i.FPULazyStackingEnable  fpu.o
    0x00005ff4   0x00000194   Code   RO         7703    i.FastTan           wp_math.o
    0x00006188   0x00000032   Code   RO         1835    i.GPIODirModeSet    gpio.o
    0x000061ba   0x00000006   Code   RO         1836    i.GPIOIntClear      gpio.o
    0x000061c0   0x0000000c   Code   RO         1838    i.GPIOIntEnable     gpio.o
    0x000061cc   0x0000001e   Code   RO         1839    i.GPIOIntRegister   gpio.o
    0x000061ea   0x00000066   Code   RO         1842    i.GPIOIntTypeSet    gpio.o
    0x00006250   0x00000156   Code   RO         1845    i.GPIOPadConfigSet  gpio.o
    0x000063a6   0x00000002   PAD
    0x000063a8   0x00000050   Code   RO         1846    i.GPIOPinConfigure  gpio.o
    0x000063f8   0x0000000c   Code   RO         1847    i.GPIOPinRead       gpio.o
    0x00006404   0x0000001e   Code   RO         1848    i.GPIOPinTypeADC    gpio.o
    0x00006422   0x0000001e   Code   RO         1856    i.GPIOPinTypeGPIOInput  gpio.o
    0x00006440   0x0000001e   Code   RO         1857    i.GPIOPinTypeGPIOOutput  gpio.o
    0x0000645e   0x0000001e   Code   RO         1859    i.GPIOPinTypeI2C    gpio.o
    0x0000647c   0x0000001e   Code   RO         1860    i.GPIOPinTypeI2CSCL  gpio.o
    0x0000649a   0x0000001e   Code   RO         1868    i.GPIOPinTypePWM    gpio.o
    0x000064b8   0x0000001e   Code   RO         1872    i.GPIOPinTypeUART   gpio.o
    0x000064d6   0x0000000a   Code   RO         1878    i.GPIOPinWrite      gpio.o
    0x000064e0   0x00000010   Code   RO         6266    i.GPIO_SetBits      bling.o
    0x000064f0   0x000000d4   Code   RO         7077    i.GPSData_Sort      sins.o
    0x000065c4   0x00000050   Code   RO         6395    i.GPS_Data_Prase    gps.o
    0x00006614   0x0000069c   Code   RO         6396    i.GPS_PVT_Parse     gps.o
    0x00006cb0   0x00000044   Code   RO         8776    i.GPS_ok            control_land.o
    0x00006cf4   0x000000e8   Code   RO         9149    i.Get_Baro_Offset   sensor.o
    0x00006ddc   0x000000c4   Code   RO         7592    i.Get_Battery_Voltage  wp_adc.o
    0x00006ea0   0x0000049c   Code   RO         9150    i.Get_Status_Feedback  sensor.o
    0x0000733c   0x00000050   Code   RO         6980    i.Get_Thr_Rate      rc.o
    0x0000738c   0x000000ac   Code   RO         6318    i.GildeAverageValueFilter_MAG  filter.o
    0x00007438   0x000001bc   Code   RO         6076    i.Gyro_Calibration_Check  calibration.o
    0x000075f4   0x000002ec   Code   RO         9238    i.Gyro_Control      wp_ctrl.o
    0x000078e0   0x00000072   Code   RO         7392    i.HardWave_Init     system.o
    0x00007952   0x00000002   PAD
    0x00007954   0x00000278   Code   RO         6078    i.Horizontal_Calibration_Check  calibration.o
    0x00007bcc   0x00000054   Code   RO         6079    i.Horizontal_Calibration_Init  calibration.o
    0x00007c20   0x00000012   Code   RO         2489    i.I2CMasterBusy     i2c.o
    0x00007c32   0x00000004   Code   RO         2490    i.I2CMasterControl  i2c.o
    0x00007c36   0x00000006   Code   RO         2491    i.I2CMasterDataGet  i2c.o
    0x00007c3c   0x00000004   Code   RO         2492    i.I2CMasterDataPut  i2c.o
    0x00007c40   0x0000000a   Code   RO         2494    i.I2CMasterEnable   i2c.o
    0x00007c4a   0x00000002   PAD
    0x00007c4c   0x0000005c   Code   RO         2497    i.I2CMasterInitExpClk  i2c.o
    0x00007ca8   0x00000008   Code   RO         2507    i.I2CMasterSlaveAddrSet  i2c.o
    0x00007cb0   0x00000074   Code   RO         8264    i.I2C_GPIO_Config   soft_i2c.o
    0x00007d24   0x0000001c   Code   RO         8265    i.I2C_SDA_IN        soft_i2c.o
    0x00007d40   0x0000001c   Code   RO         8266    i.I2C_SDA_OUT       soft_i2c.o
    0x00007d5c   0x000000a8   Code   RO         6497    i.IMU_Calibration   mpu6050.o
    0x00007e04   0x00000038   Code   RO         6439    i.IST8310_Init      ist8310.o
    0x00007e3c   0x000000d4   Code   RO         6440    i.IST8310_Read_Data  ist8310.o
    0x00007f10   0x00000060   Code   RO         6529    i.Init_I2C          myiic.o
    0x00007f70   0x00000098   Code   RO         6498    i.Init_MPU6050      mpu6050.o
    0x00008008   0x00000188   Code   RO         7846    i.Init_PWM          wp_pwm.o
    0x00008190   0x00000074   Code   RO         2817    i.IntEnable         interrupt.o
    0x00008204   0x00000010   Code   RO         2820    i.IntMasterEnable   interrupt.o
    0x00008214   0x00000034   Code   RO         2828    i.IntPrioritySet    interrupt.o
    0x00008248   0x0000003c   Code   RO         2829    i.IntRegister       interrupt.o
    0x00008284   0x00000590   Code   RO         7078    i.KalmanFilter      sins.o
    0x00008814   0x00000460   Code   RO         7079    i.KalmanFilter_Horizontal  sins.o
    0x00008c74   0x00000a40   Code   RO         7080    i.KalmanFilter_Horizontal_GPS  sins.o
    0x000096b4   0x0000006c   Code   RO         6467    i.Key_Init          key.o
    0x00009720   0x000000a8   Code   RO         6468    i.Key_Scan          key.o
    0x000097c8   0x00000038   Code   RO         6620    i.LCD_CLS           oled.o
    0x00009800   0x00000048   Code   RO         6622    i.LCD_P6x8Char      oled.o
    0x00009848   0x00000064   Code   RO         6623    i.LCD_P6x8Str       oled.o
    0x000098ac   0x00000088   Code   RO         6625    i.LCD_P8x16Str      oled.o
    0x00009934   0x00000028   Code   RO         6626    i.LCD_Set_Pos       oled.o
    0x0000995c   0x00000068   Code   RO         6627    i.LCD_WrCmd         oled.o
    0x000099c4   0x0000005c   Code   RO         6628    i.LCD_WrDat         oled.o
    0x00009a20   0x00000036   Code   RO         6629    i.LCD_clear_L       oled.o
    0x00009a56   0x0000006e   Code   RO         6319    i.LPButterworth     filter.o
    0x00009ac4   0x000000fc   Code   RO         8709    i.LS_Accumulate     calibrationroutines.o
    0x00009bc0   0x0000057c   Code   RO         8710    i.LS_Calculate      calibrationroutines.o
    0x0000a13c   0x0000000e   Code   RO         8711    i.LS_Init           calibrationroutines.o
    0x0000a14a   0x00000080   Code   RO         6499    i.MPU6050_Read_Data  mpu6050.o
    0x0000a1ca   0x00000002   PAD
    0x0000a1cc   0x000008c4   Code   RO         9151    i.Madgwick_AHRS_Update_IMU  sensor.o
    0x0000aa90   0x000004b0   Code   RO         6081    i.Mag_Calibartion_LS  calibration.o
    0x0000af40   0x00000390   Code   RO         6082    i.Mag_Calibration_Check  calibration.o
    0x0000b2d0   0x00000190   Code   RO         9239    i.Main_Leading_Control  wp_ctrl.o
    0x0000b460   0x00000138   Code   RO         8929    i.Mine_SDK_OpenMV_Duty  namelesscotrun_sdk.o
    0x0000b598   0x00000038   Code   RO         8931    i.NCQ_SDK_Reset     namelesscotrun_sdk.o
    0x0000b5d0   0x00000104   Code   RO         8932    i.NCQ_SDK_Run       namelesscotrun_sdk.o
    0x0000b6d4   0x00000068   Code   RO         6636    i.OLED_Init         oled.o
    0x0000b73c   0x00000060   Code   RO         6637    i.OLED_Init_Fast    oled.o
    0x0000b79c   0x000001f4   Code   RO         9152    i.Observation_Angle_Calculate  sensor.o
    0x0000b990   0x000001dc   Code   RO         7081    i.Observation_Tradeoff  sins.o
    0x0000bb6c   0x000007bc   Code   RO         8934    i.Openmv_Data_Receive_Mine  namelesscotrun_sdk.o
    0x0000c328   0x00000220   Code   RO         8366    i.Optflow_Prase     namelesscorun_opticalflow.o
    0x0000c548   0x00000074   Code   RO         8367    i.Optflow_Statemachine  namelesscorun_opticalflow.o
    0x0000c5bc   0x00000248   Code   RO         8368    i.OpticalFlow_CF    namelesscorun_opticalflow.o
    0x0000c804   0x00000710   Code   RO         9068    i.OpticalFlow_Control  opticalflow_control.o
    0x0000cf14   0x00000100   Code   RO         9069    i.OpticalFlow_Control_Pure  opticalflow_control.o
    0x0000d014   0x00000048   Code   RO         9070    i.OpticalFlow_Ctrl_Reset  opticalflow_control.o
    0x0000d05c   0x00000074   Code   RO         9071    i.OpticalFlow_Expect_Speed_Mapping  opticalflow_control.o
    0x0000d0d0   0x0000002c   Code   RO         8369    i.OpticalFlow_Init  namelesscorun_opticalflow.o
    0x0000d0fc   0x00000088   Code   RO         9072    i.OpticalFlow_Pos_Control  opticalflow_control.o
    0x0000d184   0x0000005c   Code   RO         8370    i.OpticalFlow_Rotate_Complementary_Filter  namelesscorun_opticalflow.o
    0x0000d1e0   0x00000044   Code   RO         9073    i.OpticalFlow_SINS_Reset  opticalflow_control.o
    0x0000d224   0x0000020c   Code   RO         9076    i.OpticalFlow_Vel_Control  opticalflow_control.o
    0x0000d430   0x00000134   Code   RO         9077    i.OpticalFlow_Y_Vel_Control  opticalflow_control.o
    0x0000d564   0x000001dc   Code   RO         6851    i.PID_Control       pid.o
    0x0000d740   0x000002e8   Code   RO         6852    i.PID_Control_Div_LPF  pid.o
    0x0000da28   0x00000330   Code   RO         6853    i.PID_Control_Div_LPF_For_Gyro  pid.o
    0x0000dd58   0x00000214   Code   RO         6854    i.PID_Control_Err_LPF  pid.o
    0x0000df6c   0x00000258   Code   RO         6855    i.PID_Control_SDK_Err_LPF  pid.o
    0x0000e1c4   0x0000022c   Code   RO         6856    i.PID_Control_Yaw   pid.o
    0x0000e3f0   0x00000174   Code   RO         6857    i.PID_Init          pid.o
    0x0000e564   0x00000010   Code   RO         6858    i.PID_Integrate_Reset  pid.o
    0x0000e574   0x00000048   Code   RO         6859    i.PID_LPF_Reset     pid.o
    0x0000e5bc   0x0000039c   Code   RO         6860    i.PID_Paramter_Init_With_Flash  pid.o
    0x0000e958   0x0000004c   Code   RO         8371    i.PPM_Init          namelesscorun_opticalflow.o
    0x0000e9a4   0x00000030   Code   RO         3189    i.PWMGenConfigure   pwm.o
    0x0000e9d4   0x0000000a   Code   RO         3191    i.PWMGenEnable      pwm.o
    0x0000e9de   0x00000016   Code   RO         3204    i.PWMGenPeriodSet   pwm.o
    0x0000e9f4   0x00000014   Code   RO         3211    i.PWMOutputState    pwm.o
    0x0000ea08   0x00000026   Code   RO         3214    i.PWMPulseWidthSet  pwm.o
    0x0000ea2e   0x00000002   PAD
    0x0000ea30   0x00000070   Code   RO         7847    i.PWM_Output        wp_pwm.o
    0x0000eaa0   0x0000039c   Code   RO         6084    i.Parameter_Init    calibration.o
    0x0000ee3c   0x000000f8   Code   RO         8372    i.PortFIntHandler   namelesscorun_opticalflow.o
    0x0000ef34   0x00002104   Code   RO         6469    i.QuadShow          key.o
    0x00011038   0x00000098   Code   RO         6267    i.Quad_Start_Bling  bling.o
    0x000110d0   0x000005ec   Code   RO         9153    i.Quaternion_Init   sensor.o
    0x000116bc   0x0000016c   Code   RO         6085    i.RC_Calibration_Check  calibration.o
    0x00011828   0x0000019c   Code   RO         6086    i.RC_Calibration_Init  calibration.o
    0x000119c4   0x00000034   Code   RO         6087    i.RC_Calibration_RESET  calibration.o
    0x000119f8   0x00000060   Code   RO         6088    i.RC_Calibration_Trigger  calibration.o
    0x00011a58   0x00000054   Code   RO         6981    i.RC_Data_LPF_Filter  rc.o
    0x00011aac   0x00000080   Code   RO         6982    i.RC_Scale_Set      rc.o
    0x00011b2c   0x00000012   Code   RO         7620    i.ReadFlashParameterALL  wp_flash.o
    0x00011b3e   0x00000012   Code   RO         7621    i.ReadFlashParameterOne  wp_flash.o
    0x00011b50   0x00000034   Code   RO         7622    i.ReadFlashParameterThree  wp_flash.o
    0x00011b84   0x00000020   Code   RO         7623    i.ReadFlashParameterTwo  wp_flash.o
    0x00011ba4   0x00000718   Code   RO         6983    i.Remote_Control    rc.o
    0x000122bc   0x0000006c   Code   RO         6089    i.Reset_Accel_Calibartion  calibration.o
    0x00012328   0x00000050   Code   RO         6090    i.Reset_Mag_Calibartion  calibration.o
    0x00012378   0x00000018   Code   RO         6091    i.Reset_RC_Calibartion  calibration.o
    0x00012390   0x00000032   Code   RO         7025    i.RingBuf_Write     ringbuf.o
    0x000123c2   0x00000002   PAD
    0x000123c4   0x00000044   Code   RO         8935    i.SDK_DT_Send_Check  namelesscotrun_sdk.o
    0x00012408   0x00000014   Code   RO         8936    i.SDK_DT_Send_Data  namelesscotrun_sdk.o
    0x0001241c   0x0000005c   Code   RO         8937    i.SDK_Data_Prase    namelesscotrun_sdk.o
    0x00012478   0x00000108   Code   RO         8939    i.SDK_Data_Receive_Prepare_Mine  namelesscotrun_sdk.o
    0x00012580   0x00000050   Code   RO         8940    i.SDK_Init          namelesscotrun_sdk.o
    0x000125d0   0x00000020   Code   RO         8941    i.SDK_Line_DT_Reset  namelesscotrun_sdk.o
    0x000125f0   0x00000034   Code   RO         8942    i.SDK_Mine_DT_Reset  namelesscotrun_sdk.o
    0x00012624   0x00000014   Code   RO         8943    i.SDK_Point_DT_Reset  namelesscotrun_sdk.o
    0x00012638   0x00000050   Code   RO         9078    i.SDK_Pos_Ctrl_Reset  opticalflow_control.o
    0x00012688   0x0000021c   Code   RO         7082    i.SINS_Prepare      sins.o
    0x000128a4   0x00000008   Code   RO         7182    i.SPL06_Init        spl06.o
    0x000128ac   0x00000028   Code   RO         7183    i.SPL06_Read_Data   spl06.o
    0x000128d4   0x000006e0   Code   RO         6861    i.Save_Or_Reset_PID_Parameter  pid.o
    0x00012fb4   0x0000005c   Code   RO         6862    i.Save_PID_Parameter  pid.o
    0x00013010   0x00000014   Code   RO         6829    i.SensorConfig_UartSend  opticalflow_lc306.o
    0x00013024   0x0000044c   Code   RO         9154    i.Sensor_Update     sensor.o
    0x00013470   0x000000d4   Code   RO         6321    i.Set_Cutoff_Frequency  filter.o
    0x00013544   0x00000100   Code   RO         7083    i.Set_GPS_Home      sins.o
    0x00013644   0x0000000c   Code   RO         6397    i.Set_GPS_USART     gps.o
    0x00013650   0x00000010   Code   RO         6531    i.Single_ReadI2C    myiic.o
    0x00013660   0x00000010   Code   RO         8267    i.Single_ReadI2C0   soft_i2c.o
    0x00013670   0x00000014   Code   RO         6532    i.Single_WriteI2C   myiic.o
    0x00013684   0x00000014   Code   RO         8268    i.Single_WriteI2C0  soft_i2c.o
    0x00013698   0x000000b4   Code   RO         7084    i.Strapdown_INS_High_Kalman  sins.o
    0x0001374c   0x000000b0   Code   RO         7085    i.Strapdown_INS_Reset  sins.o
    0x000137fc   0x00000010   Code   RO         7287    i.SycTickHandler    time.o
    0x0001380c   0x00000108   Code   RO         3869    i.SysCtlClockGet    sysctl.o
    0x00013914   0x0000013c   Code   RO         3871    i.SysCtlClockSet    sysctl.o
    0x00013a50   0x00000014   Code   RO         3895    i.SysCtlPWMClockSet  sysctl.o
    0x00013a64   0x00000034   Code   RO         3900    i.SysCtlPeripheralEnable  sysctl.o
    0x00013a98   0x00000038   Code   RO         3904    i.SysCtlPeripheralReady  sysctl.o
    0x00013ad0   0x00000070   Code   RO         3905    i.SysCtlPeripheralReset  sysctl.o
    0x00013b40   0x00000012   Code   RO         4273    i.SysTickEnable     systick.o
    0x00013b52   0x00000012   Code   RO         4275    i.SysTickIntEnable  systick.o
    0x00013b64   0x0000001e   Code   RO         4276    i.SysTickIntRegister  systick.o
    0x00013b82   0x0000000a   Code   RO         4279    i.SysTickPeriodSet  systick.o
    0x00013b8c   0x00000020   Code   RO         8373    i.System_Start_Init  namelesscorun_opticalflow.o
    0x00013bac   0x00000058   Code   RO         7358    i.TIMER0A_Handler   time_cnt.o
    0x00013c04   0x00000050   Code   RO         6863    i.Take_Off_Reset    pid.o
    0x00013c54   0x00000048   Code   RO         8374    i.Test_Period       namelesscorun_opticalflow.o
    0x00013c9c   0x000000b8   Code   RO         8745    i.Thr_Push_Over_Deadband  control_althold.o
    0x00013d54   0x00000080   Code   RO         8746    i.Thr_Scale_Set     control_althold.o
    0x00013dd4   0x00000254   Code   RO         9240    i.Throttle_Angle_Compensate  wp_ctrl.o
    0x00014028   0x00000068   Code   RO         6864    i.Throttle_Control_Reset  pid.o
    0x00014090   0x00000060   Code   RO         7359    i.Time_init         time_cnt.o
    0x000140f0   0x00000060   Code   RO         4339    i.TimerConfigure    timer.o
    0x00014150   0x0000000e   Code   RO         4348    i.TimerEnable       timer.o
    0x0001415e   0x00000004   Code   RO         4349    i.TimerIntClear     timer.o
    0x00014162   0x00000008   Code   RO         4351    i.TimerIntEnable    timer.o
    0x0001416a   0x00000026   Code   RO         4352    i.TimerIntRegister  timer.o
    0x00014190   0x00000010   Code   RO         4357    i.TimerLoadSet      timer.o
    0x000141a0   0x0000000c   Code   RO         9241    i.Total_Control     wp_ctrl.o
    0x000141ac   0x00000128   Code   RO         6865    i.Total_PID_Init    pid.o
    0x000142d4   0x0000003c   Code   RO         7419    i.UART0_IRQHandler  usart.o
    0x00014310   0x00000034   Code   RO         7420    i.UART1_IRQHandler  usart.o
    0x00014344   0x00000050   Code   RO         7421    i.UART2_IRQHandler  usart.o
    0x00014394   0x0000003c   Code   RO         7422    i.UART3_IRQHandler  usart.o
    0x000143d0   0x0000003c   Code   RO         7423    i.UART6_IRQHandler  usart.o
    0x0001440c   0x0000003c   Code   RO         7424    i.UART7_IRQHandler  usart.o
    0x00014448   0x00000012   Code   RO         4582    i.UARTCharGet       uart.o
    0x0001445a   0x00000010   Code   RO         4584    i.UARTCharPut       uart.o
    0x0001446a   0x0000000c   Code   RO         4586    i.UARTCharsAvail    uart.o
    0x00014476   0x00000006   Code   RO         4588    i.UARTClockSourceSet  uart.o
    0x0001447c   0x0000004c   Code   RO         4590    i.UARTConfigSetExpClk  uart.o
    0x000144c8   0x00000020   Code   RO         4593    i.UARTDisable       uart.o
    0x000144e8   0x00000014   Code   RO         4595    i.UARTEnable        uart.o
    0x000144fc   0x0000000a   Code   RO         4597    i.UARTFIFODisable   uart.o
    0x00014506   0x00000004   Code   RO         4603    i.UARTIntClear      uart.o
    0x0001450a   0x00000008   Code   RO         4605    i.UARTIntEnable     uart.o
    0x00014512   0x0000001e   Code   RO         4606    i.UARTIntRegister   uart.o
    0x00014530   0x0000000c   Code   RO         4607    i.UARTIntStatus     uart.o
    0x0001453c   0x0000006c   Code   RO         6013    i.UARTStdioConfig   uartstdio.o
    0x000145a8   0x0000001a   Code   RO         6016    i.UARTprintf        uartstdio.o
    0x000145c2   0x00000002   PAD
    0x000145c4   0x00000250   Code   RO         6017    i.UARTvprintf       uartstdio.o
    0x00014814   0x00000040   Code   RO         6018    i.UARTwrite         uartstdio.o
    0x00014854   0x00000020   Code   RO         7425    i.USART0_Send       usart.o
    0x00014874   0x00000020   Code   RO         7426    i.USART1_Send       usart.o
    0x00014894   0x0000000c   Code   RO         6398    i.USART2_Init       gps.o
    0x000148a0   0x00000020   Code   RO         7427    i.USART2_Send       usart.o
    0x000148c0   0x00000020   Code   RO         7428    i.USART3_Send       usart.o
    0x000148e0   0x0000001a   Code   RO         8375    i.US_100_Distance   namelesscorun_opticalflow.o
    0x000148fa   0x00000002   PAD
    0x000148fc   0x00000010   Code   RO         8376    i.US_100_Start      namelesscorun_opticalflow.o
    0x0001490c   0x00000190   Code   RO         8377    i.US_100_Statemachine  namelesscorun_opticalflow.o
    0x00014a9c   0x0000011c   Code   RO         6399    i.Ublox_Set_Output_PVT_10hz_Baud_Set  gps.o
    0x00014bb8   0x00000014   Code   RO         9242    i.Value_Limit       wp_ctrl.o
    0x00014bcc   0x000000a4   Code   RO         7431    i.Vcan_Send         usart.o
    0x00014c70   0x00000080   Code   RO         7086    i.Vector_From_BodyFrame2EarthFrame  sins.o
    0x00014cf0   0x00000488   Code   RO         8379    i.Version_Declaration  namelesscorun_opticalflow.o
    0x00015178   0x00000030   Code   RO         8380    i.WP_Init           namelesscorun_opticalflow.o
    0x000151a8   0x00000058   Code   RO         9155    i.WP_Quad_Init      sensor.o
    0x00015200   0x0000002e   Code   RO         7626    i.WriteFlashParameter  wp_flash.o
    0x0001522e   0x0000004a   Code   RO         7627    i.WriteFlashParameter_Three  wp_flash.o
    0x00015278   0x0000003c   Code   RO         7628    i.WriteFlashParameter_Two  wp_flash.o
    0x000152b4   0x00000038   Code   RO          842    i._EEPROMSectorMaskClear  eeprom.o
    0x000152ec   0x00000040   Code   RO          843    i._EEPROMSectorMaskSet  eeprom.o
    0x0001532c   0x00000014   Code   RO          844    i._EEPROMWaitForDone  eeprom.o
    0x00015340   0x0000004c   Code   RO         1879    i._GPIOIntNumberGet  gpio.o
    0x0001538c   0x00000058   Code   RO         4372    i._TimerIntNumberGet  timer.o
    0x000153e4   0x0000004c   Code   RO         4622    i._UARTIntNumberGet  uart.o
    0x00015430   0x00000030   Code   RO         9574    i.__ARM_fpclassify  m_wm.l(fpclassify.o)
    0x00015460   0x00000026   Code   RO         9576    i.__ARM_fpclassifyf  m_wm.l(fpclassifyf.o)
    0x00015486   0x0000000e   Code   RO         6092    i.__ARM_isnanf      calibration.o
    0x00015494   0x0000000e   Code   RO         6866    i.__ARM_isnanf      pid.o
    0x000154a2   0x0000000e   Code   RO         7088    i.__ARM_isnanf      sins.o
    0x000154b0   0x0000000e   Code   RO         7705    i.__ARM_isnanf      wp_math.o
    0x000154be   0x0000000e   Code   RO         8381    i.__ARM_isnanf      namelesscorun_opticalflow.o
    0x000154cc   0x00000004   PAD
    0x000154d0   0x00000360   Code   RO         9361    i.__hardfp_asin     m_wm.l(asin.o)
    0x00015830   0x000002d8   Code   RO         9387    i.__hardfp_atan     m_wm.l(atan.o)
    0x00015b08   0x000001f0   Code   RO         9401    i.__hardfp_atan2    m_wm.l(atan2.o)
    0x00015cf8   0x000000c8   Code   RO         9413    i.__hardfp_cos      m_wm.l(cos.o)
    0x00015dc0   0x00000150   Code   RO         9425    i.__hardfp_cosf     m_wm.l(cosf.o)
    0x00015f10   0x00000070   Code   RO         9443    i.__hardfp_floorf   m_wm.l(floorf.o)
    0x00015f80   0x00000c38   Code   RO         9449    i.__hardfp_pow      m_wm.l(pow.o)
    0x00016bb8   0x0000060c   Code   RO         9463    i.__hardfp_powf     m_wm.l(powf.o)
    0x000171c4   0x00000004   PAD
    0x000171c8   0x000000c8   Code   RO         9477    i.__hardfp_sin      m_wm.l(sin.o)
    0x00017290   0x0000007a   Code   RO         9489    i.__hardfp_sqrt     m_wm.l(sqrt.o)
    0x0001730a   0x0000003a   Code   RO         9501    i.__hardfp_sqrtf    m_wm.l(sqrtf.o)
    0x00017344   0x00000004   PAD
    0x00017348   0x00000080   Code   RO         9513    i.__hardfp_tan      m_wm.l(tan.o)
    0x000173c8   0x0000017c   Code   RO         9525    i.__hardfp_tanf     m_wm.l(tanf.o)
    0x00017544   0x00000004   PAD
    0x00017548   0x00000438   Code   RO         9595    i.__ieee754_rem_pio2  m_wm.l(rred.o)
    0x00017980   0x00000170   Code   RO         9557    i.__kernel_cos      m_wm.l(cos_i.o)
    0x00017af0   0x000000f8   Code   RO         9592    i.__kernel_poly     m_wm.l(poly.o)
    0x00017be8   0x00000130   Code   RO         9603    i.__kernel_sin      m_wm.l(sin_i.o)
    0x00017d18   0x00000350   Code   RO         9609    i.__kernel_tan      m_wm.l(tan_i.o)
    0x00018068   0x00000030   Code   RO         9560    i.__mathlib_dbl_divzero  m_wm.l(dunder.o)
    0x00018098   0x00000014   Code   RO         9561    i.__mathlib_dbl_infnan  m_wm.l(dunder.o)
    0x000180ac   0x00000014   Code   RO         9562    i.__mathlib_dbl_infnan2  m_wm.l(dunder.o)
    0x000180c0   0x00000020   Code   RO         9563    i.__mathlib_dbl_invalid  m_wm.l(dunder.o)
    0x000180e0   0x00000020   Code   RO         9564    i.__mathlib_dbl_overflow  m_wm.l(dunder.o)
    0x00018100   0x00000020   Code   RO         9566    i.__mathlib_dbl_underflow  m_wm.l(dunder.o)
    0x00018120   0x00000014   Code   RO         9578    i.__mathlib_flt_divzero  m_wm.l(funder.o)
    0x00018134   0x00000006   Code   RO         9579    i.__mathlib_flt_infnan  m_wm.l(funder.o)
    0x0001813a   0x00000006   Code   RO         9580    i.__mathlib_flt_infnan2  m_wm.l(funder.o)
    0x00018140   0x00000010   Code   RO         9581    i.__mathlib_flt_invalid  m_wm.l(funder.o)
    0x00018150   0x00000010   Code   RO         9582    i.__mathlib_flt_overflow  m_wm.l(funder.o)
    0x00018160   0x00000010   Code   RO         9584    i.__mathlib_flt_underflow  m_wm.l(funder.o)
    0x00018170   0x00000154   Code   RO         9600    i.__mathlib_rredf2  m_wm.l(rredf.o)
    0x000182c4   0x000000a0   Code   RO         8861    i.accel_to_lean_angles  control_poshold.o
    0x00018364   0x00000030   Code   RO         8777    i.alt_handmove_check  control_land.o
    0x00018394   0x00000010   Code   RO         9389    i.atan              m_wm.l(atan.o)
    0x000183a4   0x00000020   Code   RO         8944    i.auto_altland      namelesscotrun_sdk.o
    0x000183c4   0x00000054   Code   RO         7706    i.constrain_float   wp_math.o
    0x00018418   0x00000016   Code   RO         6984    i.constrain_int16_t  rc.o
    0x0001842e   0x00000012   Code   RO         7288    i.delay             time.o
    0x00018440   0x00000018   Code   RO         7289    i.delayMicroseconds  time.o
    0x00018458   0x0000000c   Code   RO         7290    i.delay_ms          time.o
    0x00018464   0x00000038   Code   RO         7866    i.draw_oled         ssd1306.o
    0x0001849c   0x00000018   Code   RO         9439    i.fabs              m_wm.l(fabs.o)
    0x000184b4   0x00000038   Code   RO         7710    i.fast_atan         wp_math.o
    0x000184ec   0x00000194   Code   RO         8902    i.get_declination   earth_declination.o
    0x00018680   0x0000005c   Code   RO         7089    i.get_distance      sins.o
    0x000186dc   0x00000154   Code   RO         8903    i.get_lookup_value  earth_declination.o
    0x00018830   0x000000e0   Code   RO         8862    i.get_stopping_point_xy  control_poshold.o
    0x00018910   0x00000002   Code   RO         8270    i.i2cDelay          soft_i2c.o
    0x00018912   0x00000002   PAD
    0x00018914   0x00000058   Code   RO         6537    i.i2cRead           myiic.o
    0x0001896c   0x00000042   Code   RO         8273    i.i2cReadOneBytes   soft_i2c.o
    0x000189ae   0x00000002   PAD
    0x000189b0   0x00000060   Code   RO         8274    i.i2cReceiveByte    soft_i2c.o
    0x00018a10   0x00000068   Code   RO         8275    i.i2cSendByte       soft_i2c.o
    0x00018a78   0x00000058   Code   RO         8276    i.i2cStart          soft_i2c.o
    0x00018ad0   0x0000003c   Code   RO         8277    i.i2cStop           soft_i2c.o
    0x00018b0c   0x00000060   Code   RO         8278    i.i2cWaitAck        soft_i2c.o
    0x00018b6c   0x00000014   Code   RO         6539    i.i2cWrite          myiic.o
    0x00018b80   0x00000080   Code   RO         6540    i.i2cWriteData      myiic.o
    0x00018c00   0x00000040   Code   RO         8280    i.i2cWriteOneByte   soft_i2c.o
    0x00018c40   0x0000030c   Code   RO         9156    i.imuComputeRotationMatrix  sensor.o
    0x00018f4c   0x0000002c   Code   RO         7292    i.initTime          time.o
    0x00018f78   0x0000003c   Code   RO         9157    i.invSqrt           sensor.o
    0x00018fb4   0x0000035c   Code   RO         8778    i.land_althold      control_land.o
    0x00019310   0x00000060   Code   RO         8783    i.land_reset        control_land.o
    0x00019370   0x00000114   Code   RO         8785    i.land_state_check  control_land.o
    0x00019484   0x000000e8   Code   RO         8786    i.landon_earth_check  control_land.o
    0x0001956c   0x00000058   Code   RO         7090    i.location_diff     sins.o
    0x000195c4   0x00000090   Code   RO         7091    i.longitude_scale   sins.o
    0x00019654   0x00000054   Code   RO         5792    i.main              main.o
    0x000196a8   0x0000000c   Code   RO         7293    i.micros            time.o
    0x000196b4   0x00000268   Code   RO         8948    i.move_with_z_target  namelesscotrun_sdk.o
    0x0001991c   0x00000348   Code   RO         8747    i.ncq_control_althold  control_althold.o
    0x00019c64   0x000004a4   Code   RO         8863    i.ncq_control_poshold  control_poshold.o
    0x0001a108   0x00000074   Code   RO         8864    i.ncq_speed_mapping  control_poshold.o
    0x0001a17c   0x000000ec   Code   RO         6323    i.pascalTriangle    filter.o
    0x0001a268   0x00000006   Code   RO         8904    i.pgm_read_byte_far  earth_declination.o
    0x0001a26e   0x00000002   PAD
    0x0001a270   0x00000020   Code   RO         8787    i.pos_handmove_check  control_land.o
    0x0001a290   0x00000034   Code   RO         7712    i.pythagorous2      wp_math.o
    0x0001a2c4   0x00000094   Code   RO         8382    i.random_get        namelesscorun_opticalflow.o
    0x0001a358   0x000001e4   Code   RO         7184    i.spl0601_get_calib_param  spl06.o
    0x0001a53c   0x000000dc   Code   RO         7185    i.spl0601_get_pressure  spl06.o
    0x0001a618   0x0000006c   Code   RO         7186    i.spl0601_get_raw_pressure  spl06.o
    0x0001a684   0x00000070   Code   RO         7187    i.spl0601_get_raw_temp  spl06.o
    0x0001a6f4   0x00000094   Code   RO         7188    i.spl0601_get_temperature  spl06.o
    0x0001a788   0x00000044   Code   RO         7189    i.spl0601_init      spl06.o
    0x0001a7cc   0x00000144   Code   RO         7190    i.spl0601_rateset   spl06.o
    0x0001a910   0x00000014   Code   RO         7191    i.spl0601_read      spl06.o
    0x0001a924   0x00000012   Code   RO         7192    i.spl0601_start_continuous  spl06.o
    0x0001a936   0x00000014   Code   RO         7195    i.spl0601_write     spl06.o
    0x0001a94a   0x0000000a   Code   RO         7717    i.sq                wp_math.o
    0x0001a954   0x0000006e   Code   RO         9491    i.sqrt              m_wm.l(sqrt.o)
    0x0001a9c2   0x00000002   PAD
    0x0001a9c4   0x0000015c   Code   RO         7868    i.ssd1306_begin     ssd1306.o
    0x0001ab20   0x00000014   Code   RO         7869    i.ssd1306_clear_display  ssd1306.o
    0x0001ab34   0x0000000c   Code   RO         7870    i.ssd1306_command   ssd1306.o
    0x0001ab40   0x0000002c   Code   RO         7874    i.ssd1306_display   ssd1306.o
    0x0001ab6c   0x00000104   Code   RO         7878    i.ssd1306_draw_circle  ssd1306.o
    0x0001ac70   0x000000bc   Code   RO         7881    i.ssd1306_draw_fast_hline_internal  ssd1306.o
    0x0001ad2c   0x000000a8   Code   RO         7882    i.ssd1306_draw_fast_vline  ssd1306.o
    0x0001add4   0x00000190   Code   RO         7883    i.ssd1306_draw_fast_vline_internal  ssd1306.o
    0x0001af64   0x000000ce   Code   RO         7884    i.ssd1306_draw_line  ssd1306.o
    0x0001b032   0x00000002   PAD
    0x0001b034   0x0000011c   Code   RO         7885    i.ssd1306_draw_pixel  ssd1306.o
    0x0001b150   0x00000030   Code   RO         7890    i.ssd1306_fill_circle  ssd1306.o
    0x0001b180   0x000000c6   Code   RO         7891    i.ssd1306_fill_circle_helper  ssd1306.o
    0x0001b246   0x00000002   PAD
    0x0001b248   0x0000000c   Code   RO         7899    i.ssd1306_height    ssd1306.o
    0x0001b254   0x0000000c   Code   RO         7914    i.ssd1306_width     ssd1306.o
    0x0001b260   0x00000060   Code   RO         7196    i.user_spl0601_get  spl06.o
    0x0001b2c0   0x000002d4   Code   RO         6646    i.write_6_8_number  oled.o
    0x0001b594   0x00000034   Code   RO         7432    i.wust_sendware     usart.o
    0x0001b5c8   0x00000018   Code   RO         9325    x$fpl$basic         fz_wm.l(basic.o)
    0x0001b5e0   0x00000062   Code   RO         9327    x$fpl$d2f           fz_wm.l(d2f.o)
    0x0001b642   0x00000002   PAD
    0x0001b644   0x00000150   Code   RO         9329    x$fpl$dadd          fz_wm.l(daddsub_clz.o)
    0x0001b794   0x00000010   Code   RO         9635    x$fpl$dcheck1       fz_wm.l(dcheck1.o)
    0x0001b7a4   0x00000018   Code   RO         9540    x$fpl$dcmpinf       fz_wm.l(dcmpi.o)
    0x0001b7bc   0x000002b0   Code   RO         9336    x$fpl$ddiv          fz_wm.l(ddiv.o)
    0x0001ba6c   0x0000005e   Code   RO         9339    x$fpl$dfix          fz_wm.l(dfix.o)
    0x0001baca   0x00000002   PAD
    0x0001bacc   0x0000005a   Code   RO         9343    x$fpl$dfixu         fz_wm.l(dfixu.o)
    0x0001bb26   0x0000002e   Code   RO         9348    x$fpl$dflt          fz_wm.l(dflt_clz.o)
    0x0001bb54   0x00000026   Code   RO         9347    x$fpl$dfltu         fz_wm.l(dflt_clz.o)
    0x0001bb7a   0x00000002   PAD
    0x0001bb7c   0x00000078   Code   RO         9353    x$fpl$dleqf         fz_wm.l(dleqf.o)
    0x0001bbf4   0x00000154   Code   RO         9355    x$fpl$dmul          fz_wm.l(dmul.o)
    0x0001bd48   0x0000009c   Code   RO         9542    x$fpl$dnaninf       fz_wm.l(dnaninf.o)
    0x0001bde4   0x0000000c   Code   RO         9544    x$fpl$dretinf       fz_wm.l(dretinf.o)
    0x0001bdf0   0x0000006c   Code   RO         9357    x$fpl$drleqf        fz_wm.l(drleqf.o)
    0x0001be5c   0x00000016   Code   RO         9330    x$fpl$drsb          fz_wm.l(daddsub_clz.o)
    0x0001be72   0x00000002   PAD
    0x0001be74   0x00000198   Code   RO         9546    x$fpl$dsqrt         fz_wm.l(dsqrt_umaal.o)
    0x0001c00c   0x000001d4   Code   RO         9331    x$fpl$dsub          fz_wm.l(daddsub_clz.o)
    0x0001c1e0   0x00000056   Code   RO         9359    x$fpl$f2d           fz_wm.l(f2d.o)
    0x0001c236   0x0000008c   Code   RO         9548    x$fpl$fnaninf       fz_wm.l(fnaninf.o)
    0x0001c2c2   0x0000000a   Code   RO         9710    x$fpl$fpinit        fz_wm.l(fpinit.o)
    0x0001c2cc   0x0000000a   Code   RO         9550    x$fpl$fretinf       fz_wm.l(fretinf.o)
    0x0001c2d6   0x00000064   Code   RO         9650    x$fpl$retnan        fz_wm.l(retnan.o)
    0x0001c33a   0x0000005c   Code   RO         9554    x$fpl$scalbn        fz_wm.l(scalbn.o)
    0x0001c396   0x00000030   Code   RO         9699    x$fpl$trapveneer    fz_wm.l(trapv.o)
    0x0001c3c6   0x00000000   Code   RO         9556    x$fpl$usenofp       fz_wm.l(usenofp.o)
    0x0001c3c6   0x00000002   PAD
    0x0001c3c8   0x00000210   Data   RO         1880    .constdata          gpio.o
    0x0001c5d8   0x0000010c   Data   RO         2833    .constdata          interrupt.o
    0x0001c6e4   0x000001cc   Data   RO         3923    .constdata          sysctl.o
    0x0001c8b0   0x000000a0   Data   RO         4373    .constdata          timer.o
    0x0001c950   0x00000080   Data   RO         4623    .constdata          uart.o
    0x0001c9d0   0x0000001c   Data   RO         6019    .constdata          uartstdio.o
    0x0001c9ec   0x00000090   Data   RO         6094    .constdata          calibration.o
    0x0001ca7c   0x0000026c   Data   RO         6401    .constdata          gps.o
    0x0001cce8   0x00001898   Data   RO         6648    .constdata          oled.o
    0x0001e580   0x00000146   Data   RO         6830    .constdata          opticalflow_lc306.o
    0x0001e6c6   0x00000002   PAD
    0x0001e6c8   0x000005a0   Data   RO         6868    .constdata          pid.o
    0x0001ec68   0x000007d0   Data   RO         8905    .constdata          earth_declination.o
    0x0001f438   0x00000050   Data   RO         9364    .constdata          m_wm.l(asin.o)
    0x0001f488   0x00000098   Data   RO         9390    .constdata          m_wm.l(atan.o)
    0x0001f520   0x00000088   Data   RO         9452    .constdata          m_wm.l(pow.o)
    0x0001f5a8   0x00000140   Data   RO         9466    .constdata          m_wm.l(powf.o)
    0x0001f6e8   0x00000030   Data   RO         9558    .constdata          m_wm.l(cos_i.o)
    0x0001f718   0x00000008   Data   RO         9594    .constdata          m_wm.l(qnan.o)
    0x0001f720   0x000000c8   Data   RO         9597    .constdata          m_wm.l(rred.o)
    0x0001f7e8   0x00000020   Data   RO         9601    .constdata          m_wm.l(rredf.o)
    0x0001f808   0x00000028   Data   RO         9604    .constdata          m_wm.l(sin_i.o)
    0x0001f830   0x00000060   Data   RO         9610    .constdata          m_wm.l(tan_i.o)
    0x0001f890   0x00000011   Data   RO         6020    .conststring        uartstdio.o
    0x0001f8a1   0x00000003   PAD
    0x0001f8a4   0x00000020   Data   RO         9777    Region$$Table       anon$$obj.o


    Execution Region RW_IRAM1 (Base: 0x20000000, Size: 0x00004808, Max: 0x00008000, ABSOLUTE, COMPRESSED[0x000002c8])

    Base Addr    Size         Type   Attr      Idx    E Section Name        Object

    0x20000000   0x00000005   Data   RW         6021    .data               uartstdio.o
    0x20000005   0x00000003   PAD
    0x20000008   0x00000120   Data   RW         6095    .data               calibration.o
    0x20000128   0x00000002   Data   RW         6269    .data               bling.o
    0x2000012a   0x00000002   PAD
    0x2000012c   0x00000098   Data   RW         6326    .data               filter.o
    0x200001c4   0x00000004   PAD
    0x200001c8   0x00000094   Data   RW         6402    .data               gps.o
    0x2000025c   0x0000000e   Data   RW         6442    .data               ist8310.o
    0x2000026a   0x00000003   Data   RW         6470    .data               key.o
    0x2000026d   0x00000003   PAD
    0x20000270   0x0000000c   Data   RW         6501    .data               mpu6050.o
    0x2000027c   0x00000002   Data   RW         6831    .data               opticalflow_lc306.o
    0x2000027e   0x00000002   Data   RW         6869    .data               pid.o
    0x20000280   0x00000042   Data   RW         6986    .data               rc.o
    0x200002c2   0x00000006   PAD
    0x200002c8   0x000000e6   Data   RW         7093    .data               sins.o
    0x200003ae   0x00000002   PAD
    0x200003b0   0x00000010   Data   RW         7198    .data               spl06.o
    0x200003c0   0x00000004   Data   RW         7295    .data               time.o
    0x200003c4   0x0000000c   Data   RW         7434    .data               usart.o
    0x200003d0   0x0000000c   Data   RW         7594    .data               wp_adc.o
    0x200003dc   0x00000002   Data   RW         7848    .data               wp_pwm.o
    0x200003de   0x00000427   Data   RW         7917    .data               ssd1306.o
    0x20000805   0x00000003   PAD
    0x20000808   0x00000088   Data   RW         8384    .data               namelesscorun_opticalflow.o
    0x20000890   0x00000029   Data   RW         8749    .data               control_althold.o
    0x200008b9   0x00000003   PAD
    0x200008bc   0x0000004e   Data   RW         8788    .data               control_land.o
    0x2000090a   0x00000002   PAD
    0x2000090c   0x00000038   Data   RW         8866    .data               control_poshold.o
    0x20000944   0x00000058   Data   RW         8950    .data               namelesscotrun_sdk.o
    0x2000099c   0x00000048   Data   RW         9079    .data               opticalflow_control.o
    0x200009e4   0x000000ae   Data   RW         9160    .data               sensor.o
    0x20000a92   0x00000002   PAD
    0x20000a94   0x00000069   Data   RW         9243    .data               wp_ctrl.o
    0x20000afd   0x00000003   PAD
    0x20000b00   0x00000004   Data   RW         9309    .data               c_w.l(ANSI_rand.o)
    0x20000b04   0x000000fc   PAD
    0x20000c00   0x0000026c   Data   RW         2834    vtable              interrupt.o
    0x20000e6c   0x00000230   Zero   RW         6093    .bss                calibration.o
    0x2000109c   0x00000050   Zero   RW         6268    .bss                bling.o
    0x200010ec   0x00000248   Zero   RW         6325    .bss                filter.o
    0x20001334   0x00000034   Zero   RW         6400    .bss                gps.o
    0x20001368   0x00000024   Zero   RW         6441    .bss                ist8310.o
    0x2000138c   0x0000006c   Zero   RW         6500    .bss                mpu6050.o
    0x200013f8   0x00000d8e   Zero   RW         6867    .bss                pid.o
    0x20002186   0x00000002   PAD
    0x20002188   0x000000b0   Zero   RW         6985    .bss                rc.o
    0x20002238   0x00000dd8   Zero   RW         7092    .bss                sins.o
    0x20003010   0x0000002c   Zero   RW         7197    .bss                spl06.o
    0x2000303c   0x00000064   Zero   RW         7360    .bss                time_cnt.o
    0x200030a0   0x000006f4   Zero   RW         7433    .bss                usart.o
    0x20003794   0x00000020   Zero   RW         7593    .bss                wp_adc.o
    0x200037b4   0x00000190   Zero   RW         7629    .bss                wp_flash.o
    0x20003944   0x00000628   Zero   RW         8383    .bss                namelesscorun_opticalflow.o
    0x20003f6c   0x0000004c   Zero   RW         8713    .bss                calibrationroutines.o
    0x20003fb8   0x0000000c   Zero   RW         8748    .bss                control_althold.o
    0x20003fc4   0x00000018   Zero   RW         8865    .bss                control_poshold.o
    0x20003fdc   0x000001fe   Zero   RW         8949    .bss                namelesscotrun_sdk.o
    0x200041da   0x00000002   PAD
    0x200041dc   0x000003cc   Zero   RW         9159    .bss                sensor.o
    0x200045a8   0x00000060   Zero   RW         9638    .bss                c_w.l(libspace.o)
    0x20004608   0x00000000   Zero   RW         6006    HEAP                startup_rvmdk.o
    0x20004608   0x00000200   Zero   RW         6005    STACK               startup_rvmdk.o


==============================================================================

Image component sizes


      Code (inc. data)   RO Data    RW Data    ZI Data      Debug   Object Name

       294          0          0          0          0       9970   adc.o
       964         92          0          2         80       4768   bling.o
      9836        884        144        288        560      29241   calibration.o
      1670          0          0          0         76       4806   calibrationroutines.o
      1152        172          0         41         12       3402   control_althold.o
      1612        292          0         78          0       8542   control_land.o
      1688        138          0         56         24       4469   control_poshold.o
        38          0          0          0          0        632   cpu.o
       750         34       2000          0          0       3690   earth_declination.o
       464         48          0          0          0       4526   eeprom.o
       926         74          0        152        584       6979   filter.o
        40         12          0          0          0        952   fpu.o
       930         30        528          0          0      11574   gpio.o
      2080        228        620        148         52       6325   gps.o
       142         14          0          0          0       4117   i2c.o
       244         22        268        620          0       3429   interrupt.o
       268         12          0         14         36       1866   ist8310.o
      8728       1336          0          3          0       4821   key.o
        84         18          0          0          0       6768   main.o
       448         46          0         12        108       2523   mpu6050.o
       408         24          0          0          0       4739   myiic.o
      4380        686          0        136       1576      28480   namelesscorun_opticalflow.o
      4192        350          0         88        510      15835   namelesscotrun_sdk.o
      1650         54       6296          0          0       8566   oled.o
      3368        344          0         72          0       6897   opticalflow_control.o
       296         24        326          2          0       2033   opticalflow_lc306.o
      7564        336       1440          2       3470      21121   pid.o
       138          6          0          0          0       3159   pwm.o
      2130        282          0         66        176       5295   rc.o
        50          0          0          0          0        944   ringbuf.o
     11360        834          0        174        972      13151   sensor.o
      7474        536          0        230       3544      13674   sins.o
       784         48          0          0          0       7210   soft_i2c.o
      1666         80          0         16         44       9153   spl06.o
      2256        140          0       1063          0      12281   ssd1306.o
       672        636          0          0        512        516   startup_rvmdk.o
       826         56        460          0          0       5899   sysctl.o
       114          0          0          0          0        584   system.o
        76          0          0          0          0       2063   systick.o
       138         20          0          4          0       3926   time.o
       184         28          0          0        100       1302   time_cnt.o
       264         32        160          0          0       5274   timer.o
       320         20        128          0          0       8546   uart.o
       790         36         45          5          0       4776   uartstdio.o
      8440        484          0         12       1780      18859   usart.o
       280         58          0         12         32       1762   wp_adc.o
      5612        546          0        105          0       9662   wp_ctrl.o
       320          6          0          0        400       7918   wp_flash.o
       620         62          0          0          0       3952   wp_math.o
       504         66          0          2          0       1596   wp_pwm.o

    ----------------------------------------------------------------------
     99272       9246      12452       3436      14652     352573   Object Totals
         0          0         32          0          0          0   (incl. Generated)
        38          0          5         33          4          0   (incl. Padding)

    ----------------------------------------------------------------------

      Code (inc. data)   RO Data    RW Data    ZI Data      Debug   Library Member Name

        36          8          0          4          0         84   ANSI_rand.o
        90          0          0          0          0          0   __dczerorl2.o
         8          0          0          0          0         68   __main.o
         0          0          0          0          0          0   __rtentry.o
        12          0          0          0          0          0   __rtentry2.o
         6          0          0          0          0          0   __rtentry4.o
        52          8          0          0          0          0   __scatter.o
        28          0          0          0          0          0   __scatter_zi.o
        22          0          0          0          0        100   _rserrno.o
        12          0          0          0          0         72   exit.o
         6          0          0          0          0        152   heapauxi.o
         0          0          0          0          0          0   indicate_semi.o
         2          0          0          0          0          0   libinit.o
         6          0          0          0          0          0   libinit2.o
         2          0          0          0          0          0   libshutdown.o
         2          0          0          0          0          0   libshutdown2.o
         8          4          0          0         96         68   libspace.o
         8          0          0          0          0         76   memcpy.o
         8          4          0          0          0         68   rt_errno_addr_intlibspace.o
        68          0          0          0          0         68   rt_memclr.o
        78          0          0          0          0         80   rt_memclr_w.o
       138          0          0          0          0         68   rt_memcpy_v6.o
       100          0          0          0          0         80   rt_memcpy_w.o
         2          0          0          0          0          0   rtexit.o
        10          0          0          0          0          0   rtexit2.o
        12          4          0          0          0         68   sys_exit.o
        74          0          0          0          0         80   sys_stackheap_outer.o
         2          0          0          0          0         68   use_no_semi.o
        24          0          0          0          0        164   basic.o
        98          4          0          0          0        140   d2f.o
       826         16          0          0          0        492   daddsub_clz.o
        16          4          0          0          0        116   dcheck1.o
        24          0          0          0          0        116   dcmpi.o
       688        140          0          0          0        256   ddiv.o
        94          4          0          0          0        140   dfix.o
        90          4          0          0          0        140   dfixu.o
        84          0          0          0          0        232   dflt_clz.o
       120          4          0          0          0        140   dleqf.o
       340         12          0          0          0        152   dmul.o
       156          4          0          0          0        140   dnaninf.o
        12          0          0          0          0        116   dretinf.o
       108          0          0          0          0        128   drleqf.o
       408         56          0          0          0        168   dsqrt_umaal.o
        86          4          0          0          0        132   f2d.o
       140          4          0          0          0        132   fnaninf.o
        10          0          0          0          0        116   fpinit.o
        10          0          0          0          0        116   fretinf.o
       100          0          0          0          0        116   retnan.o
        92          0          0          0          0        116   scalbn.o
        48          0          0          0          0        116   trapv.o
         0          0          0          0          0          0   usenofp.o
       864         94         80          0          0        280   asin.o
       744        106        152          0          0        352   atan.o
       496         64          0          0          0        192   atan2.o
       200         20          0          0          0        164   cos.o
       368         46         48          0          0        200   cos_i.o
       336         56          0          0          0        136   cosf.o
       184         44          0          0          0        744   dunder.o
        24          0          0          0          0        124   fabs.o
       112         14          0          0          0        116   floorf.o
        48          0          0          0          0        124   fpclassify.o
        38          0          0          0          0        116   fpclassifyf.o
        80         24          0          0          0        696   funder.o
       248          0          0          0          0        152   poly.o
      3128        302        136          0          0        356   pow.o
      1548        110        320          0          0        268   powf.o
         0          0          8          0          0          0   qnan.o
      1080        142        200          0          0        188   rred.o
       340         24         32          0          0        160   rredf.o
       200         20          0          0          0        164   sin.o
       304         24         40          0          0        208   sin_i.o
       232          0          0          0          0        296   sqrt.o
        58          0          0          0          0        136   sqrtf.o
       128         20          0          0          0        144   tan.o
       848         84         96          0          0        196   tan_i.o
       380         58          0          0          0        200   tanf.o

    ----------------------------------------------------------------------
     16384       1544       1112        256         96      10396   Library Totals
        30          8          0        252          0          0   (incl. Padding)

    ----------------------------------------------------------------------

      Code (inc. data)   RO Data    RW Data    ZI Data      Debug   Library Name

       792         28          0          4         96       1200   c_w.l
      3574        256          0          0          0       3484   fz_wm.l
     11988       1252       1112          0          0       5712   m_wm.l

    ----------------------------------------------------------------------
     16384       1544       1112        256         96      10396   Library Totals

    ----------------------------------------------------------------------

==============================================================================


      Code (inc. data)   RO Data    RW Data    ZI Data      Debug   

    115656      10790      13564       3692      14748     321397   Grand Totals
    115656      10790      13564        712      14748     321397   ELF Image Totals (compressed)
    115656      10790      13564        712          0          0   ROM Totals

==============================================================================

    Total RO  Size (Code + RO Data)               129220 ( 126.19kB)
    Total RW  Size (RW Data + ZI Data)             18440 (  18.01kB)
    Total ROM Size (Code + RO Data + RW Data)     129932 ( 126.89kB)

==============================================================================

