<html>
<body>
<pre>
<h1>µVision Build Log</h1>
<h2>Tool Versions:</h2>
IDE-Version: ¦ÌVision V5.14.0.0
Copyright (C) 2015 ARM Ltd and ARM Germany GmbH. All rights reserved.
License Information: dashdsa jdakslhda, sajdklasj, LIC=Y2BZ9-4NGQE-ZDWK6-D5S1G-4WUZX-EH2UN
 
Tool Versions:
Toolchain:       MDK-ARM Professional  Version: 5.14.0.0
Toolchain Path:  D:\MDK5\ARM\ARMCC\Bin
C Compiler:      Armcc.exe V5.05 update 1 (build 106)
Assembler:       Armasm.exe V5.05 update 1 (build 106)
Linker/Locator:  ArmLink.exe V5.05 update 1 (build 106)
Library Manager: ArmAr.exe V5.05 update 1 (build 106)
Hex Converter:   FromElf.exe V5.05 update 1 (build 106)
CPU DLL:         SARMCM3.DLL V5.14.0.0
Dialog DLL:      DCM.DLL V1.13.1.0
Target DLL:      Segger\JL2CM3.dll V2.99.13.0
Dialog DLL:      TCM.DLL V1.14.4.0
 
<h2>Project:</h2>
C:\Users\Lenovo\Documents\GitHub\YuTian_Pro\ANO_PioneerPro_Ti\ANO_PioneerPro_Ti.uvprojx
Project File Date:  07/17/2019

<h2>Output:</h2>
Build target 'AnoPioneerProTi'
compiling main.c...
compiling Ano_Scheduler.c...
Application\Ano_Scheduler.c(95): warning:  #550-D: variable "t1_dT_s" was set but never used
        float t1_dT_s;
Application\Ano_Scheduler.c(110): warning:  #550-D: variable "t2_dT_s" was set but never used
        float t2_dT_s;
Application\Ano_Scheduler.c(162): warning:  #177-D: variable "dT_ms" was declared but never referenced
        u8 dT_ms = 20;//(u8)(dT_us *1e-3f);
Application\Ano_Scheduler.c: 3 warnings, 0 errors
compiling Ano_Parameter.c...
compiling Ano_FlyCtrl.c...
compiling Ano_DT.c...
compiling Ano_RC.c...
compiling Ano_LED.c...
compiling Ano_Usb.c...
compiling Ano_ProgramCtrl_User.c...
Application\Ano_ProgramCtrl_User.c(18): warning:  #1295-D: Deprecated declaration UserCtrlReset - give arg types
  void UserCtrlReset();
Application\Ano_ProgramCtrl_User.c: 1 warning, 0 errors
assembling startup_TM4C123.s...
compiling system_TM4C123.c...
compiling usb_serial_structs.c...
compiling Drv_Bsp.c...
compiling Drv_Adc.c...
compiling Drv_Led.c...
compiling Drv_Paramter.c...
compiling Drv_RcIn.c...
compiling Drv_PwmOut.c...
compiling Drv_Spi.c...
compiling Drv_Uart.c...
Driver\Drv_Uart.c(136): warning:  #550-D: variable "com_data" was set but never used
        uint8_t com_data;
Driver\Drv_Uart.c(251): warning:  #550-D: variable "com_data" was set but never used
        uint8_t com_data;
Driver\Drv_Uart.c(330): warning:  #940-D: missing return statement at end of non-void function "fputc"
  }
Driver\Drv_Uart.c: 3 warnings, 0 errors
compiling Drv_icm20602.c...
compiling Drv_ak8975.c...
compiling Drv_spl06.c...
compiling Drv_gps.c...
compiling Ano_OF.c...
Driver\SenserDriver\Ano_OF.c(36): warning:  #177-D: variable "anoof_data_ok" was declared but never referenced
  static u8 anoof_data_ok;
Driver\SenserDriver\Ano_OF.c: 1 warning, 0 errors
compiling Ano_UWB.c...
compiling Drv_heating.c...
compiling Ano_FcData.c...
compiling Ano_Filter.c...
compiling Ano_Math.c...
compiling Ano_Pid.c...
compiling Ano_Imu.c...
compiling Ano_Sensor_Basic.c...
compiling Ano_MotionCal.c...
compiling Ano_Navigate.c...
compiling Ano_AltCtrl.c...
compiling Ano_AttCtrl.c...
compiling Ano_FlightCtrl.c...
compiling Ano_FlightDataCal.c...
compiling Ano_LocCtrl.c...
compiling Ano_MagProcess.c...
compiling Ano_MotorCtrl.c...
compiling Ano_Power.c...
linking...
Program Size: Code=63324 RO-data=4016 RW-data=2668 ZI-data=10460  
".\build\ANO_PioneerPro_Ti.axf" - 0 Error(s), 8 Warning(s).

<h2>Collection of Component include folders:</h2>
  C:\Users\Lenovo\Documents\GitHub\YuTian_Pro\ANO_PioneerPro_Ti\RTE
  D:\MDK5\ARM\PACK\Keil\TM4C_DFP\1.1.0

<h2>Collection of Component Files used:</h2>
</pre>
</body>
</html>
