<html>
<body>
<pre>
<h1>µVision Build Log</h1>
<h2>Tool Versions:</h2>
IDE-Version: ¦ÌVision V5.14.0.0
Copyright (C) 2015 ARM Ltd and ARM Germany GmbH. All rights reserved.
License Information: dashdsa jdakslhda, sajdklasj, LIC=Y2BZ9-4NGQE-ZDWK6-D5S1G-4WUZX-EH2UN
 
Tool Versions:
Toolchain:       MDK-ARM Professional  Version: 5.14.0.0
Toolchain Path:  D:\MDK5\ARM\ARMCC\Bin
C Compiler:      Armcc.exe V5.05 update 1 (build 106)
Assembler:       Armasm.exe V5.05 update 1 (build 106)
Linker/Locator:  ArmLink.exe V5.05 update 1 (build 106)
Library Manager: ArmAr.exe V5.05 update 1 (build 106)
Hex Converter:   FromElf.exe V5.05 update 1 (build 106)
CPU DLL:         SARMCM3.DLL V5.14.0.0
Dialog DLL:      DCM.DLL V1.13.1.0
Target DLL:      CMSIS_AGDI.dll V1.21.0.0
Dialog DLL:      TCM.DLL V1.14.4.0
 
<h2>Project:</h2>
D:\×ÀÃæ\TI_FMU_Mine\TI_FMU\TI_MSP.uvprojx
Project File Date:  07/24/2019

<h2>Output:</h2>
Build target 'ZKHD_MSP432_FMU'
compiling HARDWARE_uart.c...
compiling LED.c...
compiling Init.c...
compiling kernel.c...
compiling SDK.c...
compiling Task_4.c...
linking...
Program Size: Code=29516 RO-data=748 RW-data=492 ZI-data=6468  
FromELF: creating hex file...
".\Objects\ZKHD_MSP432_FMU.axf" - 0 Error(s), 0 Warning(s).

<h2>Software Packages used:</h2>

Package Vendor: ARM
                http://www.keil.com/pack/ARM.CMSIS.4.2.0.pack
                ARM::CMSIS:CORE:3.40.0
                CMSIS (Cortex Microcontroller Software Interface Standard)
   * Component: CORE Version: 3.40.0
   * Component: DSP Version: 1.4.2

Package Vendor: TexasInstruments
                http://software-dl.ti.com/msp430/msp430_public_sw/mcu/msp430/msp432cmsis/latest/exports/TexasInstruments.MSP432P4xx_DFP.3.2.6.pack
                TexasInstruments::Device:Startup:3.2.2
                Device Family Pack for Texas Instruments SimpleLink(TM) MSP432 Series
   * Component: Startup Version: 3.2.2

<h2>Collection of Component include folders:</h2>
  D:\×ÀÃæ\TI_FMU_Mine\TI_FMU\RTE
  D:\MDK5\ARM\PACK\ARM\CMSIS\4.2.0\CMSIS\Include
  D:\MDK5\ARM\PACK\TexasInstruments\MSP432P4xx_DFP\3.2.6
  D:\MDK5\ARM\PACK\TexasInstruments\MSP432P4xx_DFP\3.2.6\Device\Include

<h2>Collection of Component Files used:</h2>

   * Component: ARM::CMSIS:CORE:3.40.0
      Source file:   CMSIS\UserCodeTemplates\ARM\ITM_Retarget.c

   * Component: ARM::CMSIS:DSP:1.4.2
      Library file:  CMSIS\Lib\ARM\arm_cortexM4lf_math.lib
      Include file:  CMSIS\Include\arm_math.h

   * Component: TexasInstruments::Device:Startup:3.2.2
      Source file:   Device\Source\startup_msp432p401r_uvision.s
      Source file:   Device\Source\system_msp432p401r.c
      Source file:   Examples\BlinkLED\blinkLED.c
      Include file:  Device\Include\msp_compatibility.h
      Source file:   Examples\EmptyMain\main.c
</pre>
</body>
</html>
