Component: ARM Compiler 5.05 update 1 (build 106) Tool: armlink [4d0efa]

==============================================================================

Section Cross References

    main.o(i.data_init) refers to main.o(.bss) for angle
    main.o(i.data_init) refers to main.o(.data) for K_pitch
    main.o(i.main) refers to main.o(i.system_init) for system_init
    main.o(i.main) refers to delay.o(i.delay_ms) for delay_ms
    main.o(i.main) refers to main.o(i.data_init) for data_init
    main.o(i.system_init) refers to misc.o(i.NVIC_PriorityGroupConfig) for NVIC_PriorityGroupConfig
    main.o(i.system_init) refers to delay.o(i.delay_init) for delay_init
    main.o(i.system_init) refers to led.o(i.led_init) for led_init
    main.o(i.system_init) refers to key.o(i.key_init) for key_init
    main.o(i.system_init) refers to usart.o(i.usart1_init) for usart1_init
    main.o(i.system_init) refers to usart.o(i.usart2_init) for usart2_init
    main.o(i.system_init) refers to iic.o(i.imu_iic_gpio_init) for imu_iic_gpio_init
    main.o(i.system_init) refers to imu.o(i.imu_init) for imu_init
    main.o(i.system_init) refers to encoder.o(i.encoder_init) for encoder_init
    main.o(i.system_init) refers to pwm.o(i.pwm_init) for pwm_init
    main.o(i.system_init) refers to control.o(i.control_init) for control_init
    main.o(i.system_init) refers to main.o(.data) for ConfigOK
    system_stm32f10x.o(i.SetSysClock) refers to system_stm32f10x.o(i.SetSysClockTo72) for SetSysClockTo72
    system_stm32f10x.o(i.SystemCoreClockUpdate) refers to system_stm32f10x.o(.data) for SystemCoreClock
    system_stm32f10x.o(i.SystemInit) refers to system_stm32f10x.o(i.SetSysClock) for SetSysClock
    startup_stm32f10x_md.o(RESET) refers to startup_stm32f10x_md.o(STACK) for __initial_sp
    startup_stm32f10x_md.o(RESET) refers to startup_stm32f10x_md.o(.text) for Reset_Handler
    startup_stm32f10x_md.o(RESET) refers to stm32f10x_it.o(i.NMI_Handler) for NMI_Handler
    startup_stm32f10x_md.o(RESET) refers to stm32f10x_it.o(i.HardFault_Handler) for HardFault_Handler
    startup_stm32f10x_md.o(RESET) refers to stm32f10x_it.o(i.MemManage_Handler) for MemManage_Handler
    startup_stm32f10x_md.o(RESET) refers to stm32f10x_it.o(i.BusFault_Handler) for BusFault_Handler
    startup_stm32f10x_md.o(RESET) refers to stm32f10x_it.o(i.UsageFault_Handler) for UsageFault_Handler
    startup_stm32f10x_md.o(RESET) refers to stm32f10x_it.o(i.SVC_Handler) for SVC_Handler
    startup_stm32f10x_md.o(RESET) refers to stm32f10x_it.o(i.DebugMon_Handler) for DebugMon_Handler
    startup_stm32f10x_md.o(RESET) refers to stm32f10x_it.o(i.PendSV_Handler) for PendSV_Handler
    startup_stm32f10x_md.o(RESET) refers to stm32f10x_it.o(i.SysTick_Handler) for SysTick_Handler
    startup_stm32f10x_md.o(RESET) refers to usart.o(i.DMA1_Channel6_IRQHandler) for DMA1_Channel6_IRQHandler
    startup_stm32f10x_md.o(RESET) refers to control.o(i.TIM1_UP_IRQHandler) for TIM1_UP_IRQHandler
    startup_stm32f10x_md.o(RESET) refers to encoder.o(i.TIM2_IRQHandler) for TIM2_IRQHandler
    startup_stm32f10x_md.o(RESET) refers to encoder.o(i.TIM4_IRQHandler) for TIM4_IRQHandler
    startup_stm32f10x_md.o(RESET) refers to usart.o(i.USART2_IRQHandler) for USART2_IRQHandler
    startup_stm32f10x_md.o(RESET) refers to key.o(i.EXTI15_10_IRQHandler) for EXTI15_10_IRQHandler
    startup_stm32f10x_md.o(.text) refers to system_stm32f10x.o(i.SystemInit) for SystemInit
    startup_stm32f10x_md.o(.text) refers to entry.o(.ARM.Collect$$$$00000000) for __main
    stm32f10x_flash.o(i.FLASH_EnableWriteProtection) refers to stm32f10x_flash.o(i.FLASH_WaitForLastOperation) for FLASH_WaitForLastOperation
    stm32f10x_flash.o(i.FLASH_EraseAllBank1Pages) refers to stm32f10x_flash.o(i.FLASH_WaitForLastBank1Operation) for FLASH_WaitForLastBank1Operation
    stm32f10x_flash.o(i.FLASH_EraseAllPages) refers to stm32f10x_flash.o(i.FLASH_WaitForLastOperation) for FLASH_WaitForLastOperation
    stm32f10x_flash.o(i.FLASH_EraseOptionBytes) refers to stm32f10x_flash.o(i.FLASH_GetReadOutProtectionStatus) for FLASH_GetReadOutProtectionStatus
    stm32f10x_flash.o(i.FLASH_EraseOptionBytes) refers to stm32f10x_flash.o(i.FLASH_WaitForLastOperation) for FLASH_WaitForLastOperation
    stm32f10x_flash.o(i.FLASH_ErasePage) refers to stm32f10x_flash.o(i.FLASH_WaitForLastOperation) for FLASH_WaitForLastOperation
    stm32f10x_flash.o(i.FLASH_ProgramHalfWord) refers to stm32f10x_flash.o(i.FLASH_WaitForLastOperation) for FLASH_WaitForLastOperation
    stm32f10x_flash.o(i.FLASH_ProgramOptionByteData) refers to stm32f10x_flash.o(i.FLASH_WaitForLastOperation) for FLASH_WaitForLastOperation
    stm32f10x_flash.o(i.FLASH_ProgramWord) refers to stm32f10x_flash.o(i.FLASH_WaitForLastOperation) for FLASH_WaitForLastOperation
    stm32f10x_flash.o(i.FLASH_ReadOutProtection) refers to stm32f10x_flash.o(i.FLASH_WaitForLastOperation) for FLASH_WaitForLastOperation
[...]
    Removing stm32f10x_rcc.o(i.RCC_USBCLKConfig), (12 bytes).
    Removing stm32f10x_rcc.o(i.RCC_WaitForHSEStartUp), (56 bytes).
    Removing stm32f10x_rtc.o(i.RTC_ClearFlag), (16 bytes).
    Removing stm32f10x_rtc.o(i.RTC_ClearITPendingBit), (16 bytes).
    Removing stm32f10x_rtc.o(i.RTC_EnterConfigMode), (20 bytes).
    Removing stm32f10x_rtc.o(i.RTC_ExitConfigMode), (20 bytes).
    Removing stm32f10x_rtc.o(i.RTC_GetCounter), (20 bytes).
    Removing stm32f10x_rtc.o(i.RTC_GetDivider), (24 bytes).
    Removing stm32f10x_rtc.o(i.RTC_GetFlagStatus), (24 bytes).
    Removing stm32f10x_rtc.o(i.RTC_GetITStatus), (36 bytes).
    Removing stm32f10x_rtc.o(i.RTC_ITConfig), (32 bytes).
    Removing stm32f10x_rtc.o(i.RTC_SetAlarm), (28 bytes).
    Removing stm32f10x_rtc.o(i.RTC_SetCounter), (28 bytes).
    Removing stm32f10x_rtc.o(i.RTC_SetPrescaler), (32 bytes).
    Removing stm32f10x_rtc.o(i.RTC_WaitForLastTask), (20 bytes).
    Removing stm32f10x_rtc.o(i.RTC_WaitForSynchro), (36 bytes).
    Removing stm32f10x_spi.o(i.I2S_Cmd), (24 bytes).
    Removing stm32f10x_spi.o(i.I2S_Init), (232 bytes).
    Removing stm32f10x_spi.o(i.I2S_StructInit), (20 bytes).
    Removing stm32f10x_spi.o(i.SPI_BiDirectionalLineConfig), (28 bytes).
    Removing stm32f10x_spi.o(i.SPI_CalculateCRC), (24 bytes).
    Removing stm32f10x_spi.o(i.SPI_Cmd), (24 bytes).
    Removing stm32f10x_spi.o(i.SPI_DataSizeConfig), (18 bytes).
    Removing stm32f10x_spi.o(i.SPI_GetCRC), (16 bytes).
    Removing stm32f10x_spi.o(i.SPI_GetCRCPolynomial), (6 bytes).
    Removing stm32f10x_spi.o(i.SPI_I2S_ClearFlag), (6 bytes).
    Removing stm32f10x_spi.o(i.SPI_I2S_ClearITPendingBit), (20 bytes).
    Removing stm32f10x_spi.o(i.SPI_I2S_DMACmd), (18 bytes).
    Removing stm32f10x_spi.o(i.SPI_I2S_DeInit), (88 bytes).
    Removing stm32f10x_spi.o(i.SPI_I2S_GetFlagStatus), (18 bytes).
    Removing stm32f10x_spi.o(i.SPI_I2S_GetITStatus), (52 bytes).
    Removing stm32f10x_spi.o(i.SPI_I2S_ITConfig), (32 bytes).
    Removing stm32f10x_spi.o(i.SPI_I2S_ReceiveData), (6 bytes).
    Removing stm32f10x_spi.o(i.SPI_I2S_SendData), (4 bytes).
    Removing stm32f10x_spi.o(i.SPI_Init), (60 bytes).
    Removing stm32f10x_spi.o(i.SPI_NSSInternalSoftwareConfig), (30 bytes).
    Removing stm32f10x_spi.o(i.SPI_SSOutputCmd), (24 bytes).
    Removing stm32f10x_spi.o(i.SPI_StructInit), (24 bytes).
    Removing stm32f10x_spi.o(i.SPI_TransmitCRC), (10 bytes).
    Removing stm32f10x_tim.o(i.TIM_BDTRConfig), (32 bytes).
    Removing stm32f10x_tim.o(i.TIM_BDTRStructInit), (18 bytes).
    Removing stm32f10x_tim.o(i.TIM_CCPreloadControl), (24 bytes).
    Removing stm32f10x_tim.o(i.TIM_CCxCmd), (30 bytes).
    Removing stm32f10x_tim.o(i.TIM_CCxNCmd), (30 bytes).
    Removing stm32f10x_tim.o(i.TIM_ClearOC1Ref), (18 bytes).
    Removing stm32f10x_tim.o(i.TIM_ClearOC2Ref), (24 bytes).
    Removing stm32f10x_tim.o(i.TIM_ClearOC3Ref), (18 bytes).
    Removing stm32f10x_tim.o(i.TIM_ClearOC4Ref), (24 bytes).
    Removing stm32f10x_tim.o(i.TIM_CounterModeConfig), (18 bytes).
    Removing stm32f10x_tim.o(i.TIM_DMACmd), (18 bytes).
    Removing stm32f10x_tim.o(i.TIM_DMAConfig), (10 bytes).
    Removing stm32f10x_tim.o(i.TIM_DeInit), (488 bytes).
    Removing stm32f10x_tim.o(i.TIM_ETRClockMode1Config), (54 bytes).
    Removing stm32f10x_tim.o(i.TIM_ETRClockMode2Config), (32 bytes).
    Removing stm32f10x_tim.o(i.TIM_ETRConfig), (28 bytes).
    Removing stm32f10x_tim.o(i.TIM_ForcedOC1Config), (18 bytes).
    Removing stm32f10x_tim.o(i.TIM_ForcedOC2Config), (26 bytes).
    Removing stm32f10x_tim.o(i.TIM_ForcedOC3Config), (18 bytes).
    Removing stm32f10x_tim.o(i.TIM_ForcedOC4Config), (26 bytes).
    Removing stm32f10x_tim.o(i.TIM_GenerateEvent), (4 bytes).
    Removing stm32f10x_tim.o(i.TIM_GetCapture1), (6 bytes).
    Removing stm32f10x_tim.o(i.TIM_GetCapture2), (6 bytes).
    Removing stm32f10x_tim.o(i.TIM_GetCapture3), (6 bytes).
    Removing stm32f10x_tim.o(i.TIM_GetCapture4), (8 bytes).
    Removing stm32f10x_tim.o(i.TIM_GetCounter), (6 bytes).
    Removing stm32f10x_tim.o(i.TIM_GetFlagStatus), (18 bytes).
    Removing stm32f10x_tim.o(i.TIM_GetPrescaler), (6 bytes).
    Removing stm32f10x_tim.o(i.TIM_ITRxExternalClockConfig), (24 bytes).
    Removing stm32f10x_tim.o(i.TIM_InternalClockConfig), (12 bytes).
    Removing stm32f10x_tim.o(i.TIM_OC1FastConfig), (18 bytes).
    Removing stm32f10x_tim.o(i.TIM_OC1NPolarityConfig), (18 bytes).
    Removing stm32f10x_tim.o(i.TIM_OC1PolarityConfig), (18 bytes).
    Removing stm32f10x_tim.o(i.TIM_OC2FastConfig), (26 bytes).
    Removing stm32f10x_tim.o(i.TIM_OC2NPolarityConfig), (26 bytes).
    Removing stm32f10x_tim.o(i.TIM_OC2PolarityConfig), (26 bytes).
    Removing stm32f10x_tim.o(i.TIM_OC3FastConfig), (18 bytes).
    Removing stm32f10x_tim.o(i.TIM_OC3Init), (160 bytes).
    Removing stm32f10x_tim.o(i.TIM_OC3NPolarityConfig), (26 bytes).
    Removing stm32f10x_tim.o(i.TIM_OC3PolarityConfig), (26 bytes).
    Removing stm32f10x_tim.o(i.TIM_OC3PreloadConfig), (18 bytes).
    Removing stm32f10x_tim.o(i.TIM_OC4FastConfig), (26 bytes).
    Removing stm32f10x_tim.o(i.TIM_OC4Init), (124 bytes).
    Removing stm32f10x_tim.o(i.TIM_OC4PolarityConfig), (26 bytes).
    Removing stm32f10x_tim.o(i.TIM_OC4PreloadConfig), (26 bytes).
    Removing stm32f10x_tim.o(i.TIM_OCStructInit), (20 bytes).
    Removing stm32f10x_tim.o(i.TIM_PWMIConfig), (124 bytes).
    Removing stm32f10x_tim.o(i.TIM_PrescalerConfig), (6 bytes).
    Removing stm32f10x_tim.o(i.TIM_SelectCCDMA), (24 bytes).
    Removing stm32f10x_tim.o(i.TIM_SelectCOM), (24 bytes).
    Removing stm32f10x_tim.o(i.TIM_SelectHallSensor), (24 bytes).
    Removing stm32f10x_tim.o(i.TIM_SelectInputTrigger), (18 bytes).
    Removing stm32f10x_tim.o(i.TIM_SelectMasterSlaveMode), (18 bytes).
    Removing stm32f10x_tim.o(i.TIM_SelectOCxM), (82 bytes).
    Removing stm32f10x_tim.o(i.TIM_SelectOnePulseMode), (18 bytes).
    Removing stm32f10x_tim.o(i.TIM_SelectOutputTrigger), (18 bytes).
    Removing stm32f10x_tim.o(i.TIM_SelectSlaveMode), (18 bytes).
    Removing stm32f10x_tim.o(i.TIM_SetAutoreload), (4 bytes).
    Removing stm32f10x_tim.o(i.TIM_SetClockDivision), (18 bytes).
    Removing stm32f10x_tim.o(i.TIM_SetCompare1), (4 bytes).
    Removing stm32f10x_tim.o(i.TIM_SetCompare2), (4 bytes).
    Removing stm32f10x_tim.o(i.TIM_SetCompare3), (4 bytes).
    Removing stm32f10x_tim.o(i.TIM_SetCompare4), (6 bytes).
    Removing stm32f10x_tim.o(i.TIM_TIxExternalClockConfig), (62 bytes).
    Removing stm32f10x_tim.o(i.TIM_UpdateDisableConfig), (24 bytes).
    Removing stm32f10x_tim.o(i.TIM_UpdateRequestConfig), (24 bytes).
    Removing stm32f10x_usart.o(i.USART_ClearFlag), (18 bytes).
    Removing stm32f10x_usart.o(i.USART_ClearITPendingBit), (30 bytes).
    Removing stm32f10x_usart.o(i.USART_ClockInit), (34 bytes).
    Removing stm32f10x_usart.o(i.USART_ClockStructInit), (12 bytes).
    Removing stm32f10x_usart.o(i.USART_DeInit), (156 bytes).
    Removing stm32f10x_usart.o(i.USART_GetFlagStatus), (26 bytes).
    Removing stm32f10x_usart.o(i.USART_HalfDuplexCmd), (24 bytes).
    Removing stm32f10x_usart.o(i.USART_IrDACmd), (24 bytes).
    Removing stm32f10x_usart.o(i.USART_IrDAConfig), (18 bytes).
    Removing stm32f10x_usart.o(i.USART_LINBreakDetectLengthConfig), (18 bytes).
    Removing stm32f10x_usart.o(i.USART_LINCmd), (24 bytes).
    Removing stm32f10x_usart.o(i.USART_OneBitMethodCmd), (24 bytes).
    Removing stm32f10x_usart.o(i.USART_OverSampling8Cmd), (22 bytes).
    Removing stm32f10x_usart.o(i.USART_ReceiveData), (10 bytes).
    Removing stm32f10x_usart.o(i.USART_ReceiverWakeUpCmd), (24 bytes).
    Removing stm32f10x_usart.o(i.USART_SendBreak), (10 bytes).
    Removing stm32f10x_usart.o(i.USART_SendData), (8 bytes).
    Removing stm32f10x_usart.o(i.USART_SetAddress), (18 bytes).
    Removing stm32f10x_usart.o(i.USART_SetGuardTime), (16 bytes).
    Removing stm32f10x_usart.o(i.USART_SetPrescaler), (16 bytes).
    Removing stm32f10x_usart.o(i.USART_SmartCardCmd), (24 bytes).
    Removing stm32f10x_usart.o(i.USART_SmartCardNACKCmd), (24 bytes).
    Removing stm32f10x_usart.o(i.USART_StructInit), (24 bytes).
    Removing stm32f10x_usart.o(i.USART_WakeUpConfig), (18 bytes).
    Removing delay.o(i.delay_us), (60 bytes).
    Removing iic.o(i.imu_iic_init), (30 bytes).
    Removing iic.o(i.oled_SDA_IN), (36 bytes).
    Removing iic.o(i.oled_SDA_OUT), (36 bytes).
    Removing iic.o(i.oled_iic_Start), (72 bytes).
    Removing iic.o(i.oled_iic_Stop), (56 bytes).
    Removing oled.o(i.OLED_CLS), (10 bytes).
    Removing oled.o(i.OLED_DrawBMP), (116 bytes).
    Removing oled.o(i.OLED_Fill), (58 bytes).
    Removing oled.o(i.OLED_IIC_WriteByte), (140 bytes).
    Removing oled.o(i.OLED_OFF), (22 bytes).
    Removing oled.o(i.OLED_ON), (22 bytes).
    Removing oled.o(i.OLED_SetPos), (40 bytes).
    Removing oled.o(i.OLED_ShowCN), (84 bytes).
    Removing oled.o(i.OLED_ShowStr), (236 bytes).
    Removing oled.o(i.OLED_WriteCmd), (14 bytes).
    Removing oled.o(i.OLED_WriteDat), (14 bytes).
    Removing oled.o(i.oled_iic_init), (136 bytes).
    Removing oled.o(i.oled_init), (178 bytes).
    Removing oled.o(i.oled_show), (32 bytes).
    Removing oled.o(.constdata), (2072 bytes).
    Removing oled.o(.data), (1216 bytes).
    Removing pose.o(i.MahonyAHRSupdateIMU), (1444 bytes).
    Removing pose.o(i.invSqrt), (124 bytes).
    Removing imu.o(i.MPU6050ReadTemp), (32 bytes).
    Removing imu.o(i.MPU6050_ReturnTemp), (84 bytes).
    Removing dflti.o(.text), (34 bytes).
    Removing dfixul.o(.text), (48 bytes).
    Removing cdrcmple.o(.text), (48 bytes).
    Removing dsqrt.o(.text), (162 bytes).
    Removing cdcmple.o(.text), (48 bytes).

274 unused section(s) (total 15430 bytes) removed from the image.

==============================================================================

Image Symbol Table

    Local Symbols

    Symbol Name                              Value     Ov Type        Size  Object(Section)

    ../clib/microlib/division.c              0x00000000   Number         0  uldiv.o ABSOLUTE
    ../clib/microlib/division.c              0x00000000   Number         0  uidiv.o ABSOLUTE
    ../clib/microlib/errno.c                 0x00000000   Number         0  errno.o ABSOLUTE
    ../clib/microlib/init/entry.s            0x00000000   Number         0  entry9a.o ABSOLUTE
    ../clib/microlib/init/entry.s            0x00000000   Number         0  entry8a.o ABSOLUTE
    ../clib/microlib/init/entry.s            0x00000000   Number         0  entry7b.o ABSOLUTE
    ../clib/microlib/init/entry.s            0x00000000   Number         0  entry11a.o ABSOLUTE
    ../clib/microlib/init/entry.s            0x00000000   Number         0  entry10a.o ABSOLUTE
    ../clib/microlib/init/entry.s            0x00000000   Number         0  entry9b.o ABSOLUTE
    ../clib/microlib/init/entry.s            0x00000000   Number         0  entry5.o ABSOLUTE
    ../clib/microlib/init/entry.s            0x00000000   Number         0  entry.o ABSOLUTE
    ../clib/microlib/init/entry.s            0x00000000   Number         0  entry10b.o ABSOLUTE
    ../clib/microlib/init/entry.s            0x00000000   Number         0  entry8b.o ABSOLUTE
    ../clib/microlib/init/entry.s            0x00000000   Number         0  entry7a.o ABSOLUTE
    ../clib/microlib/init/entry.s            0x00000000   Number         0  entry2.o ABSOLUTE
    ../clib/microlib/init/entry.s            0x00000000   Number         0  entry11b.o ABSOLUTE
    ../clib/microlib/longlong.c              0x00000000   Number         0  llshl.o ABSOLUTE
    ../clib/microlib/longlong.c              0x00000000   Number         0  llsshr.o ABSOLUTE
    ../clib/microlib/longlong.c              0x00000000   Number         0  llushr.o ABSOLUTE
    ../clib/microlib/printf/printf.c         0x00000000   Number         0  printf3.o ABSOLUTE
    ../clib/microlib/printf/printf.c         0x00000000   Number         0  printf2.o ABSOLUTE
    ../clib/microlib/printf/printf.c         0x00000000   Number         0  printf4.o ABSOLUTE
    ../clib/microlib/printf/printf.c         0x00000000   Number         0  printf1.o ABSOLUTE
    ../clib/microlib/printf/printf.c         0x00000000   Number         0  printf0.o ABSOLUTE
    ../clib/microlib/printf/printf.c         0x00000000   Number         0  printfb.o ABSOLUTE
    ../clib/microlib/printf/printf.c         0x00000000   Number         0  printf6.o ABSOLUTE
    ../clib/microlib/printf/printf.c         0x00000000   Number         0  printf5.o ABSOLUTE
    ../clib/microlib/printf/printf.c         0x00000000   Number         0  printfa.o ABSOLUTE
    ../clib/microlib/printf/printf.c         0x00000000   Number         0  printf8.o ABSOLUTE
    ../clib/microlib/printf/printf.c         0x00000000   Number         0  printf7.o ABSOLUTE
    ../clib/microlib/printf/stubs.s          0x00000000   Number         0  stubs.o ABSOLUTE
    ../clib/microlib/stdio/streams.c         0x00000000   Number         0  stdout.o ABSOLUTE
    ../clib/microlib/stubs.s                 0x00000000   Number         0  iusefp.o ABSOLUTE
    ../fplib/microlib/d2f.c                  0x00000000   Number         0  d2f.o ABSOLUTE
    ../fplib/microlib/f2d.c                  0x00000000   Number         0  f2d.o ABSOLUTE
    ../fplib/microlib/fpadd.c                0x00000000   Number         0  fadd.o ABSOLUTE
    ../fplib/microlib/fpadd.c                0x00000000   Number         0  dadd.o ABSOLUTE
    ../fplib/microlib/fpdiv.c                0x00000000   Number         0  ddiv.o ABSOLUTE
    ../fplib/microlib/fpepilogue.c           0x00000000   Number         0  depilogue.o ABSOLUTE
    ../fplib/microlib/fpepilogue.c           0x00000000   Number         0  fepilogue.o ABSOLUTE
    ../fplib/microlib/fpfix.c                0x00000000   Number         0  ffixi.o ABSOLUTE
    ../fplib/microlib/fpfix.c                0x00000000   Number         0  dfixul.o ABSOLUTE
    ../fplib/microlib/fpflt.c                0x00000000   Number         0  dflti.o ABSOLUTE
    ../fplib/microlib/fpflt.c                0x00000000   Number         0  fflti.o ABSOLUTE
    ../fplib/microlib/fpmul.c                0x00000000   Number         0  dmul.o ABSOLUTE
    ../fplib/microlib/fpmul.c                0x00000000   Number         0  fmul.o ABSOLUTE
    ../fplib/microlib/fpscalb.c              0x00000000   Number         0  dscalb.o ABSOLUTE
    ../fplib/microlib/fpsqrt.c               0x00000000   Number         0  dsqrt.o ABSOLUTE
    ../mathlib/asin.c                        0x00000000   Number         0  asin.o ABSOLUTE
    ../mathlib/asin.c                        0x00000000   Number         0  asin_x.o ABSOLUTE
    ../mathlib/atan.c                        0x00000000   Number         0  atan_x.o ABSOLUTE
    ../mathlib/atan.c                        0x00000000   Number         0  atan.o ABSOLUTE
    ../mathlib/atan2.c                       0x00000000   Number         0  atan2_x.o ABSOLUTE
    ../mathlib/atan2.c                       0x00000000   Number         0  atan2.o ABSOLUTE
    ../mathlib/dunder.c                      0x00000000   Number         0  dunder.o ABSOLUTE
    ../mathlib/fpclassify.c                  0x00000000   Number         0  fpclassify.o ABSOLUTE
    ../mathlib/poly.c                        0x00000000   Number         0  poly.o ABSOLUTE
    ../mathlib/qnan.c                        0x00000000   Number         0  qnan.o ABSOLUTE
    ../mathlib/sqrt.c                        0x00000000   Number         0  sqrt_x.o ABSOLUTE
    ../mathlib/sqrt.c                        0x00000000   Number         0  sqrt.o ABSOLUTE
    ..\CORE\core_cm3.c                       0x00000000   Number         0  core_cm3.o ABSOLUTE
    ..\CORE\startup_stm32f10x_md.s           0x00000000   Number         0  startup_stm32f10x_md.o ABSOLUTE
    ..\FWLIB\src\misc.c                      0x00000000   Number         0  misc.o ABSOLUTE
    ..\FWLIB\src\stm32f10x_dma.c             0x00000000   Number         0  stm32f10x_dma.o ABSOLUTE
    ..\FWLIB\src\stm32f10x_exti.c            0x00000000   Number         0  stm32f10x_exti.o ABSOLUTE
    ..\FWLIB\src\stm32f10x_flash.c           0x00000000   Number         0  stm32f10x_flash.o ABSOLUTE
    ..\FWLIB\src\stm32f10x_gpio.c            0x00000000   Number         0  stm32f10x_gpio.o ABSOLUTE
    ..\FWLIB\src\stm32f10x_i2c.c             0x00000000   Number         0  stm32f10x_i2c.o ABSOLUTE
    ..\FWLIB\src\stm32f10x_rcc.c             0x00000000   Number         0  stm32f10x_rcc.o ABSOLUTE
    ..\FWLIB\src\stm32f10x_rtc.c             0x00000000   Number         0  stm32f10x_rtc.o ABSOLUTE
    ..\FWLIB\src\stm32f10x_spi.c             0x00000000   Number         0  stm32f10x_spi.o ABSOLUTE
    ..\FWLIB\src\stm32f10x_tim.c             0x00000000   Number         0  stm32f10x_tim.o ABSOLUTE
    ..\FWLIB\src\stm32f10x_usart.c           0x00000000   Number         0  stm32f10x_usart.o ABSOLUTE
    ..\HARDWARE\balance.c                    0x00000000   Number         0  balance.o ABSOLUTE
    ..\HARDWARE\control.c                    0x00000000   Number         0  control.o ABSOLUTE
    ..\HARDWARE\delay.c                      0x00000000   Number         0  delay.o ABSOLUTE
    ..\HARDWARE\encoder.c                    0x00000000   Number         0  encoder.o ABSOLUTE
    ..\HARDWARE\iic.c                        0x00000000   Number         0  iic.o ABSOLUTE
    ..\HARDWARE\imu.c                        0x00000000   Number         0  imu.o ABSOLUTE
    ..\HARDWARE\key.c                        0x00000000   Number         0  key.o ABSOLUTE
    ..\HARDWARE\led.c                        0x00000000   Number         0  led.o ABSOLUTE
    ..\HARDWARE\oled.c                       0x00000000   Number         0  oled.o ABSOLUTE
    ..\HARDWARE\pose.c                       0x00000000   Number         0  pose.o ABSOLUTE
    ..\HARDWARE\pwm.c                        0x00000000   Number         0  pwm.o ABSOLUTE
    ..\HARDWARE\usart.c                      0x00000000   Number         0  usart.o ABSOLUTE
    ..\\CORE\\core_cm3.c                     0x00000000   Number         0  core_cm3.o ABSOLUTE
    cdcmple.s                                0x00000000   Number         0  cdcmple.o ABSOLUTE
    cdrcmple.s                               0x00000000   Number         0  cdrcmple.o ABSOLUTE
    cfcmple.s                                0x00000000   Number         0  cfcmple.o ABSOLUTE
    cfrcmple.s                               0x00000000   Number         0  cfrcmple.o ABSOLUTE
    dc.s                                     0x00000000   Number         0  dc.o ABSOLUTE
    handlers.s                               0x00000000   Number         0  handlers.o ABSOLUTE
    init.s                                   0x00000000   Number         0  init.o ABSOLUTE
    main.c                                   0x00000000   Number         0  main.o ABSOLUTE
    stm32f10x_it.c                           0x00000000   Number         0  stm32f10x_it.o ABSOLUTE
    system_stm32f10x.c                       0x00000000   Number         0  system_stm32f10x.o ABSOLUTE
    RESET                                    0x08000000   Section      236  startup_stm32f10x_md.o(RESET)
    .ARM.Collect$$$$00000000                 0x080000ec   Section        0  entry.o(.ARM.Collect$$$$00000000)
    .ARM.Collect$$$$00000001                 0x080000ec   Section        4  entry2.o(.ARM.Collect$$$$00000001)
    .ARM.Collect$$$$00000004                 0x080000f0   Section        4  entry5.o(.ARM.Collect$$$$00000004)
    .ARM.Collect$$$$00000008                 0x080000f4   Section        0  entry7b.o(.ARM.Collect$$$$00000008)
    .ARM.Collect$$$$0000000A                 0x080000f4   Section        0  entry8b.o(.ARM.Collect$$$$0000000A)
    .ARM.Collect$$$$0000000B                 0x080000f4   Section        8  entry9a.o(.ARM.Collect$$$$0000000B)
    .ARM.Collect$$$$0000000D                 0x080000fc   Section        0  entry10a.o(.ARM.Collect$$$$0000000D)
    .ARM.Collect$$$$0000000F                 0x080000fc   Section        0  entry11a.o(.ARM.Collect$$$$0000000F)
    .ARM.Collect$$$$00002712                 0x080000fc   Section        4  entry2.o(.ARM.Collect$$$$00002712)
    __lit__00000000                          0x080000fc   Data           4  entry2.o(.ARM.Collect$$$$00002712)
    .text                                    0x08000100   Section       36  startup_stm32f10x_md.o(.text)
    .text                                    0x08000124   Section        0  fadd.o(.text)
    .text                                    0x080001d4   Section        0  fmul.o(.text)
    .text                                    0x08000238   Section        0  dadd.o(.text)
    .text                                    0x08000386   Section        0  dmul.o(.text)
    .text                                    0x0800046a   Section        0  ddiv.o(.text)
    .text                                    0x08000548   Section        0  fflti.o(.text)
    .text                                    0x0800055a   Section        0  ffixi.o(.text)
    .text                                    0x0800058c   Section        0  f2d.o(.text)
    .text                                    0x080005b2   Section        0  d2f.o(.text)
    .text                                    0x080005ec   Section       20  cfcmple.o(.text)
    .text                                    0x08000600   Section       20  cfrcmple.o(.text)
    .text                                    0x08000614   Section        0  uidiv.o(.text)
    .text                                    0x08000640   Section        0  llshl.o(.text)
    .text                                    0x0800065e   Section        0  llsshr.o(.text)
    .text                                    0x08000682   Section        0  iusefp.o(.text)
    .text                                    0x08000682   Section        0  fepilogue.o(.text)
    .text                                    0x080006f0   Section        0  depilogue.o(.text)
    .text                                    0x080007aa   Section        0  dscalb.o(.text)
    .text                                    0x080007d8   Section       36  init.o(.text)
    .text                                    0x080007fc   Section        0  llushr.o(.text)
    i.BusFault_Handler                       0x0800081c   Section        0  stm32f10x_it.o(i.BusFault_Handler)
    i.DMA1_Channel6_IRQHandler               0x08000820   Section        0  usart.o(i.DMA1_Channel6_IRQHandler)
    i.DMA_ClearFlag                          0x0800088c   Section        0  stm32f10x_dma.o(i.DMA_ClearFlag)
    i.DMA_ClearITPendingBit                  0x080008a8   Section        0  stm32f10x_dma.o(i.DMA_ClearITPendingBit)
    i.DMA_Cmd                                0x080008c4   Section        0  stm32f10x_dma.o(i.DMA_Cmd)
    i.DMA_DeInit                             0x080008dc   Section        0  stm32f10x_dma.o(i.DMA_DeInit)
    i.DMA_GetITStatus                        0x08000a28   Section        0  stm32f10x_dma.o(i.DMA_GetITStatus)
    i.DMA_ITConfig                           0x08000a54   Section        0  stm32f10x_dma.o(i.DMA_ITConfig)
    i.DMA_Init                               0x08000a66   Section        0  stm32f10x_dma.o(i.DMA_Init)
    i.DMA_SetCurrDataCounter                 0x08000aa2   Section        0  stm32f10x_dma.o(i.DMA_SetCurrDataCounter)
    i.DebugMon_Handler                       0x08000aa6   Section        0  stm32f10x_it.o(i.DebugMon_Handler)
    i.EXTI15_10_IRQHandler                   0x08000aa8   Section        0  key.o(i.EXTI15_10_IRQHandler)
    i.EXTI_ClearITPendingBit                 0x08000ac8   Section        0  stm32f10x_exti.o(i.EXTI_ClearITPendingBit)
    i.EXTI_Init                              0x08000ad4   Section        0  stm32f10x_exti.o(i.EXTI_Init)
    i.GPIO_EXTILineConfig                    0x08000b68   Section        0  stm32f10x_gpio.o(i.GPIO_EXTILineConfig)
    i.GPIO_Init                              0x08000ba8   Section        0  stm32f10x_gpio.o(i.GPIO_Init)
    i.GPIO_PinRemapConfig                    0x08000cc0   Section        0  stm32f10x_gpio.o(i.GPIO_PinRemapConfig)
    i.GPIO_ReadInputDataBit                  0x08000d50   Section        0  stm32f10x_gpio.o(i.GPIO_ReadInputDataBit)
    i.GPIO_ResetBits                         0x08000d62   Section        0  stm32f10x_gpio.o(i.GPIO_ResetBits)
    i.GPIO_SetBits                           0x08000d66   Section        0  stm32f10x_gpio.o(i.GPIO_SetBits)
    i.HardFault_Handler                      0x08000d6a   Section        0  stm32f10x_it.o(i.HardFault_Handler)
    i.MPU6050ReadAcc                         0x08000d70   Section        0  imu.o(i.MPU6050ReadAcc)
    i.MPU6050ReadGyro                        0x08000dfc   Section        0  imu.o(i.MPU6050ReadGyro)
    i.MPU6050ReadID                          0x08000e88   Section        0  imu.o(i.MPU6050ReadID)
    i.MPU6050_ReadData                       0x08000ed0   Section        0  imu.o(i.MPU6050_ReadData)
    i.MPU6050_WriteReg                       0x08000f28   Section        0  imu.o(i.MPU6050_WriteReg)
    i.MemManage_Handler                      0x08000f56   Section        0  stm32f10x_it.o(i.MemManage_Handler)
    i.NMI_Handler                            0x08000f5a   Section        0  stm32f10x_it.o(i.NMI_Handler)
    i.NVIC_Init                              0x08000f5c   Section        0  misc.o(i.NVIC_Init)
    i.NVIC_PriorityGroupConfig               0x08000fcc   Section        0  misc.o(i.NVIC_PriorityGroupConfig)
    i.PendSV_Handler                         0x08000fe0   Section        0  stm32f10x_it.o(i.PendSV_Handler)
    i.RCC_AHBPeriphClockCmd                  0x08000fe4   Section        0  stm32f10x_rcc.o(i.RCC_AHBPeriphClockCmd)
    i.RCC_APB1PeriphClockCmd                 0x08001004   Section        0  stm32f10x_rcc.o(i.RCC_APB1PeriphClockCmd)
    i.RCC_APB2PeriphClockCmd                 0x08001024   Section        0  stm32f10x_rcc.o(i.RCC_APB2PeriphClockCmd)
    i.RCC_GetClocksFreq                      0x08001044   Section        0  stm32f10x_rcc.o(i.RCC_GetClocksFreq)
    i.RC_Data_Solve                          0x08001118   Section        0  usart.o(i.RC_Data_Solve)
    i.SVC_Handler                            0x08001288   Section        0  stm32f10x_it.o(i.SVC_Handler)
    i.SetSysClock                            0x0800128a   Section        0  system_stm32f10x.o(i.SetSysClock)
    SetSysClock                              0x0800128b   Thumb Code     8  system_stm32f10x.o(i.SetSysClock)
    i.SetSysClockTo72                        0x08001294   Section        0  system_stm32f10x.o(i.SetSysClockTo72)
    SetSysClockTo72                          0x08001295   Thumb Code   214  system_stm32f10x.o(i.SetSysClockTo72)
    i.Set_Pwm                                0x08001374   Section        0  pwm.o(i.Set_Pwm)
    i.SysTick_CLKSourceConfig                0x08001424   Section        0  misc.o(i.SysTick_CLKSourceConfig)
    i.SysTick_Handler                        0x0800144c   Section        0  stm32f10x_it.o(i.SysTick_Handler)
    i.SystemInit                             0x08001450   Section        0  system_stm32f10x.o(i.SystemInit)
    i.TI1_Config                             0x080014b0   Section        0  stm32f10x_tim.o(i.TI1_Config)
    TI1_Config                               0x080014b1   Thumb Code   108  stm32f10x_tim.o(i.TI1_Config)
    i.TI2_Config                             0x08001530   Section        0  stm32f10x_tim.o(i.TI2_Config)
    TI2_Config                               0x08001531   Thumb Code   130  stm32f10x_tim.o(i.TI2_Config)
    i.TI3_Config                             0x080015c8   Section        0  stm32f10x_tim.o(i.TI3_Config)
    TI3_Config                               0x080015c9   Thumb Code   122  stm32f10x_tim.o(i.TI3_Config)
    i.TI4_Config                             0x08001658   Section        0  stm32f10x_tim.o(i.TI4_Config)
    TI4_Config                               0x08001659   Thumb Code   130  stm32f10x_tim.o(i.TI4_Config)
    i.TIM1_UP_IRQHandler                     0x080016f0   Section        0  control.o(i.TIM1_UP_IRQHandler)
    i.TIM2_IRQHandler                        0x080017a0   Section        0  encoder.o(i.TIM2_IRQHandler)
    i.TIM4_IRQHandler                        0x080017b4   Section        0  encoder.o(i.TIM4_IRQHandler)
    i.TIM_ARRPreloadConfig                   0x080017cc   Section        0  stm32f10x_tim.o(i.TIM_ARRPreloadConfig)
    i.TIM_ClearFlag                          0x080017e4   Section        0  stm32f10x_tim.o(i.TIM_ClearFlag)
    i.TIM_ClearITPendingBit                  0x080017ea   Section        0  stm32f10x_tim.o(i.TIM_ClearITPendingBit)
    i.TIM_Cmd                                0x080017f0   Section        0  stm32f10x_tim.o(i.TIM_Cmd)
    i.TIM_CtrlPWMOutputs                     0x08001808   Section        0  stm32f10x_tim.o(i.TIM_CtrlPWMOutputs)
    i.TIM_EncoderInterfaceConfig             0x08001826   Section        0  stm32f10x_tim.o(i.TIM_EncoderInterfaceConfig)
    i.TIM_GetITStatus                        0x08001868   Section        0  stm32f10x_tim.o(i.TIM_GetITStatus)
    i.TIM_ICInit                             0x0800188c   Section        0  stm32f10x_tim.o(i.TIM_ICInit)
    i.TIM_ICStructInit                       0x08001938   Section        0  stm32f10x_tim.o(i.TIM_ICStructInit)
    i.TIM_ITConfig                           0x0800194a   Section        0  stm32f10x_tim.o(i.TIM_ITConfig)
    i.TIM_OC1Init                            0x0800195c   Section        0  stm32f10x_tim.o(i.TIM_OC1Init)
    i.TIM_OC1PreloadConfig                   0x080019f4   Section        0  stm32f10x_tim.o(i.TIM_OC1PreloadConfig)
    i.TIM_OC2Init                            0x08001a08   Section        0  stm32f10x_tim.o(i.TIM_OC2Init)
    i.TIM_OC2PreloadConfig                   0x08001aac   Section        0  stm32f10x_tim.o(i.TIM_OC2PreloadConfig)
    i.TIM_SetCounter                         0x08001ac6   Section        0  stm32f10x_tim.o(i.TIM_SetCounter)
    i.TIM_SetIC1Prescaler                    0x08001aca   Section        0  stm32f10x_tim.o(i.TIM_SetIC1Prescaler)
    i.TIM_SetIC2Prescaler                    0x08001adc   Section        0  stm32f10x_tim.o(i.TIM_SetIC2Prescaler)
    i.TIM_SetIC3Prescaler                    0x08001af6   Section        0  stm32f10x_tim.o(i.TIM_SetIC3Prescaler)
    i.TIM_SetIC4Prescaler                    0x08001b08   Section        0  stm32f10x_tim.o(i.TIM_SetIC4Prescaler)
    i.TIM_TimeBaseInit                       0x08001b24   Section        0  stm32f10x_tim.o(i.TIM_TimeBaseInit)
    i.TIM_TimeBaseStructInit                 0x08001bc8   Section        0  stm32f10x_tim.o(i.TIM_TimeBaseStructInit)
    i.USART2_IRQHandler                      0x08001bdc   Section        0  usart.o(i.USART2_IRQHandler)
    i.USART_Cmd                              0x08001bfc   Section        0  stm32f10x_usart.o(i.USART_Cmd)
    i.USART_DMACmd                           0x08001c14   Section        0  stm32f10x_usart.o(i.USART_DMACmd)
    i.USART_GetITStatus                      0x08001c26   Section        0  stm32f10x_usart.o(i.USART_GetITStatus)
    i.USART_ITConfig                         0x08001c7a   Section        0  stm32f10x_usart.o(i.USART_ITConfig)
    i.USART_Init                             0x08001cc4   Section        0  stm32f10x_usart.o(i.USART_Init)
    i.UsageFault_Handler                     0x08001d9c   Section        0  stm32f10x_it.o(i.UsageFault_Handler)
    i.__0printf$1                            0x08001da0   Section        0  printf1.o(i.__0printf$1)
    i.__ARM_fpclassify                       0x08001dc0   Section        0  fpclassify.o(i.__ARM_fpclassify)
    i.__kernel_poly                          0x08001de8   Section        0  poly.o(i.__kernel_poly)
    i.__mathlib_dbl_infnan                   0x08001e92   Section        0  dunder.o(i.__mathlib_dbl_infnan)
    i.__mathlib_dbl_infnan2                  0x08001e98   Section        0  dunder.o(i.__mathlib_dbl_infnan2)
    i.__mathlib_dbl_underflow                0x08001e9c   Section        0  dunder.o(i.__mathlib_dbl_underflow)
    i.__scatterload_copy                     0x08001eac   Section       14  handlers.o(i.__scatterload_copy)
    i.__scatterload_null                     0x08001eba   Section        2  handlers.o(i.__scatterload_null)
    i.__scatterload_zeroinit                 0x08001ebc   Section       14  handlers.o(i.__scatterload_zeroinit)
    i._printf_core                           0x08001ecc   Section        0  printf1.o(i._printf_core)
    _printf_core                             0x08001ecd   Thumb Code   336  printf1.o(i._printf_core)
    i.abnormal_control                       0x08002020   Section        0  balance.o(i.abnormal_control)
    i.all_control                            0x08002098   Section        0  balance.o(i.all_control)
    i.atan                                   0x080021ec   Section        0  atan.o(i.atan)
    i.atan2                                  0x0800240c   Section        0  atan2.o(i.atan2)
    i.balance_control                        0x0800258c   Section        0  balance.o(i.balance_control)
    i.complement_filter                      0x08002610   Section        0  pose.o(i.complement_filter)
    i.control_init                           0x080027ac   Section        0  control.o(i.control_init)
    i.data_init                              0x08002828   Section        0  main.o(i.data_init)
    i.delay_init                             0x080028cc   Section        0  delay.o(i.delay_init)
    i.delay_ms                               0x080028ea   Section        0  delay.o(i.delay_ms)
    i.encoder1_init                          0x0800292c   Section        0  encoder.o(i.encoder1_init)
    i.encoder2_init                          0x080029e0   Section        0  encoder.o(i.encoder2_init)
    i.encoder_init                           0x08002a90   Section        0  encoder.o(i.encoder_init)
    i.encoder_read                           0x08002a9c   Section        0  encoder.o(i.encoder_read)
    i.fputc                                  0x08002ad4   Section        0  usart.o(i.fputc)
    i.iic_Delay                              0x08002af0   Section        0  iic.o(i.iic_Delay)
    iic_Delay                                0x08002af1   Thumb Code    14  iic.o(i.iic_Delay)
    i.imu_iic_Ack                            0x08002b00   Section        0  iic.o(i.imu_iic_Ack)
    i.imu_iic_NAck                           0x08002b3c   Section        0  iic.o(i.imu_iic_NAck)
    i.imu_iic_ReadByte                       0x08002b70   Section        0  iic.o(i.imu_iic_ReadByte)
    i.imu_iic_Start                          0x08002bc8   Section        0  iic.o(i.imu_iic_Start)
    i.imu_iic_Stop                           0x08002c04   Section        0  iic.o(i.imu_iic_Stop)
    i.imu_iic_WaitAck                        0x08002c30   Section        0  iic.o(i.imu_iic_WaitAck)
    i.imu_iic_WriteByte                      0x08002c78   Section        0  iic.o(i.imu_iic_WriteByte)
    i.imu_iic_gpio_init                      0x08002cdc   Section        0  iic.o(i.imu_iic_gpio_init)
    i.imu_init                               0x08002d28   Section        0  imu.o(i.imu_init)
    i.imu_read                               0x08002d80   Section        0  imu.o(i.imu_read)
    i.key_init                               0x08002dbc   Section        0  key.o(i.key_init)
    i.led_init                               0x08002e38   Section        0  led.o(i.led_init)
    i.main                                   0x08002e6c   Section        0  main.o(i.main)
    i.myabs                                  0x08002e84   Section        0  pwm.o(i.myabs)
    i.pick_up                                0x08002e94   Section        0  balance.o(i.pick_up)
    i.put_down                               0x08002f54   Section        0  balance.o(i.put_down)
    i.pwm_init                               0x08003000   Section        0  pwm.o(i.pwm_init)
    i.straight_control                       0x080030e8   Section        0  balance.o(i.straight_control)
    i.system_init                            0x0800311c   Section        0  main.o(i.system_init)
    i.turn_control                           0x0800315c   Section        0  balance.o(i.turn_control)
    i.usart1_init                            0x08003254   Section        0  usart.o(i.usart1_init)
    i.usart2_init                            0x080032dc   Section        0  usart.o(i.usart2_init)
    i.velocity_control                       0x08003400   Section        0  balance.o(i.velocity_control)
    .constdata                               0x08003600   Section      152  atan.o(.constdata)
    atanhi                                   0x08003600   Data          32  atan.o(.constdata)
    atanlo                                   0x08003620   Data          32  atan.o(.constdata)
    aTodd                                    0x08003640   Data          40  atan.o(.constdata)
    aTeven                                   0x08003668   Data          48  atan.o(.constdata)
    .constdata                               0x08003698   Section        8  qnan.o(.constdata)
    .conststring                             0x080036a0   Section       72  imu.o(.conststring)
    .data                                    0x20000000   Section      113  main.o(.data)
    .data                                    0x20000071   Section       20  stm32f10x_rcc.o(.data)
    APBAHBPrescTable                         0x20000071   Data          16  stm32f10x_rcc.o(.data)
    ADCPrescTable                            0x20000081   Data           4  stm32f10x_rcc.o(.data)
    .data                                    0x20000088   Section        8  pwm.o(.data)
    .data                                    0x20000090   Section        5  usart.o(.data)
    .data                                    0x20000096   Section        4  control.o(.data)
    sys_count                                0x20000098   Data           2  control.o(.data)
    .data                                    0x2000009c   Section       16  pose.o(.data)
    integraIMUx                              0x200000a0   Data           4  pose.o(.data)
    integraIMUy                              0x200000a4   Data           4  pose.o(.data)
    integraIMUz                              0x200000a8   Data           4  pose.o(.data)
    .data                                    0x200000ac   Section        8  imu.o(.data)
    .data                                    0x200000b4   Section       56  balance.o(.data)
    Velocity                                 0x200000b8   Data           4  balance.o(.data)
    Encoder_new                              0x200000bc   Data           4  balance.o(.data)
    Encoder                                  0x200000c0   Data           4  balance.o(.data)
    Movement                                 0x200000c4   Data           4  balance.o(.data)
    Encoder_Integral                         0x200000c8   Data           4  balance.o(.data)
    Target_Velocity                          0x200000cc   Data           4  balance.o(.data)
    Turn_Target                              0x200000d0   Data           4  balance.o(.data)
    Turn                                     0x200000d4   Data           4  balance.o(.data)
    Turn_Convert                             0x200000d8   Data           4  balance.o(.data)
    Turn_Amplitude                           0x200000dc   Data           4  balance.o(.data)
    flag                                     0x200000e0   Data           2  balance.o(.data)
    count0                                   0x200000e2   Data           2  balance.o(.data)
    count1                                   0x200000e4   Data           2  balance.o(.data)
    count2                                   0x200000e6   Data           2  balance.o(.data)
    flag                                     0x200000e8   Data           2  balance.o(.data)
    count                                    0x200000ea   Data           2  balance.o(.data)
    .data                                    0x200000ec   Section        4  stdout.o(.data)
    .bss                                     0x200000f0   Section       36  main.o(.bss)
    .bss                                     0x20000114   Section       40  usart.o(.bss)
    STACK                                    0x20000140   Section     1024  startup_stm32f10x_md.o(STACK)

    Global Symbols

    Symbol Name                              Value     Ov Type        Size  Object(Section)

    BuildAttributes$$THM_ISAv4$P$D$K$B$S$PE$A:L22UL41UL21$X:L11$S22US41US21$IEEE1$IW$USESV6$~STKCKD$USESV7$~SHL$OTIME$ROPI$IEEEX$EBA8$MICROLIB$REQ8$PRES8$EABIv2 0x00000000   Number         0  anon$$obj.o ABSOLUTE
    __ARM_use_no_argv                        0x00000000   Number         0  main.o ABSOLUTE
    _printf_a                                0x00000000   Number         0  stubs.o ABSOLUTE
    _printf_c                                0x00000000   Number         0  stubs.o ABSOLUTE
    _printf_charcount                        0x00000000   Number         0  stubs.o ABSOLUTE
    _printf_d                                0x00000000   Number         0  stubs.o ABSOLUTE
    _printf_e                                0x00000000   Number         0  stubs.o ABSOLUTE
    _printf_f                                0x00000000   Number         0  stubs.o ABSOLUTE
    _printf_flags                            0x00000000   Number         0  stubs.o ABSOLUTE
    _printf_fp_dec                           0x00000000   Number         0  stubs.o ABSOLUTE
    _printf_fp_hex                           0x00000000   Number         0  stubs.o ABSOLUTE
    _printf_g                                0x00000000   Number         0  stubs.o ABSOLUTE
    _printf_i                                0x00000000   Number         0  stubs.o ABSOLUTE
    _printf_int_dec                          0x00000000   Number         0  stubs.o ABSOLUTE
    _printf_l                                0x00000000   Number         0  stubs.o ABSOLUTE
    _printf_lc                               0x00000000   Number         0  stubs.o ABSOLUTE
    _printf_ll                               0x00000000   Number         0  stubs.o ABSOLUTE
    _printf_lld                              0x00000000   Number         0  stubs.o ABSOLUTE
    _printf_lli                              0x00000000   Number         0  stubs.o ABSOLUTE
    _printf_llo                              0x00000000   Number         0  stubs.o ABSOLUTE
    _printf_llu                              0x00000000   Number         0  stubs.o ABSOLUTE
    _printf_llx                              0x00000000   Number         0  stubs.o ABSOLUTE
    _printf_longlong_dec                     0x00000000   Number         0  stubs.o ABSOLUTE
    _printf_longlong_hex                     0x00000000   Number         0  stubs.o ABSOLUTE
    _printf_longlong_oct                     0x00000000   Number         0  stubs.o ABSOLUTE
    _printf_ls                               0x00000000   Number         0  stubs.o ABSOLUTE
    _printf_mbtowc                           0x00000000   Number         0  stubs.o ABSOLUTE
    _printf_n                                0x00000000   Number         0  stubs.o ABSOLUTE
    _printf_o                                0x00000000   Number         0  stubs.o ABSOLUTE
    _printf_p                                0x00000000   Number         0  stubs.o ABSOLUTE
    _printf_percent                          0x00000000   Number         0  stubs.o ABSOLUTE
    _printf_pre_padding                      0x00000000   Number         0  stubs.o ABSOLUTE
    _printf_return_value                     0x00000000   Number         0  stubs.o ABSOLUTE
    _printf_s                                0x00000000   Number         0  stubs.o ABSOLUTE
    _printf_sizespec                         0x00000000   Number         0  stubs.o ABSOLUTE
    _printf_str                              0x00000000   Number         0  stubs.o ABSOLUTE
    _printf_truncate_signed                  0x00000000   Number         0  stubs.o ABSOLUTE
    _printf_truncate_unsigned                0x00000000   Number         0  stubs.o ABSOLUTE
    _printf_u                                0x00000000   Number         0  stubs.o ABSOLUTE
    _printf_wc                               0x00000000   Number         0  stubs.o ABSOLUTE
    _printf_wctomb                           0x00000000   Number         0  stubs.o ABSOLUTE
    _printf_widthprec                        0x00000000   Number         0  stubs.o ABSOLUTE
    _printf_x                                0x00000000   Number         0  stubs.o ABSOLUTE
    __cpp_initialize__aeabi_                  - Undefined Weak Reference
    __cxa_finalize                            - Undefined Weak Reference
    __decompress                              - Undefined Weak Reference
    _clock_init                               - Undefined Weak Reference
    _microlib_exit                            - Undefined Weak Reference
    __Vectors_Size                           0x000000ec   Number         0  startup_stm32f10x_md.o ABSOLUTE
    __Vectors                                0x08000000   Data           4  startup_stm32f10x_md.o(RESET)
    __Vectors_End                            0x080000ec   Data           0  startup_stm32f10x_md.o(RESET)
    __main                                   0x080000ed   Thumb Code     0  entry.o(.ARM.Collect$$$$00000000)
    _main_stk                                0x080000ed   Thumb Code     0  entry2.o(.ARM.Collect$$$$00000001)
    _main_scatterload                        0x080000f1   Thumb Code     0  entry5.o(.ARM.Collect$$$$00000004)
    __main_after_scatterload                 0x080000f5   Thumb Code     0  entry5.o(.ARM.Collect$$$$00000004)
    _main_clock                              0x080000f5   Thumb Code     0  entry7b.o(.ARM.Collect$$$$00000008)
    _main_cpp_init                           0x080000f5   Thumb Code     0  entry8b.o(.ARM.Collect$$$$0000000A)
    _main_init                               0x080000f5   Thumb Code     0  entry9a.o(.ARM.Collect$$$$0000000B)
    __rt_final_cpp                           0x080000fd   Thumb Code     0  entry10a.o(.ARM.Collect$$$$0000000D)
    __rt_final_exit                          0x080000fd   Thumb Code     0  entry11a.o(.ARM.Collect$$$$0000000F)
    Reset_Handler                            0x08000101   Thumb Code     8  startup_stm32f10x_md.o(.text)
    ADC1_2_IRQHandler                        0x0800011b   Thumb Code     0  startup_stm32f10x_md.o(.text)
    CAN1_RX1_IRQHandler                      0x0800011b   Thumb Code     0  startup_stm32f10x_md.o(.text)
    CAN1_SCE_IRQHandler                      0x0800011b   Thumb Code     0  startup_stm32f10x_md.o(.text)
    DMA1_Channel1_IRQHandler                 0x0800011b   Thumb Code     0  startup_stm32f10x_md.o(.text)
    DMA1_Channel2_IRQHandler                 0x0800011b   Thumb Code     0  startup_stm32f10x_md.o(.text)
    DMA1_Channel3_IRQHandler                 0x0800011b   Thumb Code     0  startup_stm32f10x_md.o(.text)
    DMA1_Channel4_IRQHandler                 0x0800011b   Thumb Code     0  startup_stm32f10x_md.o(.text)
    DMA1_Channel5_IRQHandler                 0x0800011b   Thumb Code     0  startup_stm32f10x_md.o(.text)
    DMA1_Channel7_IRQHandler                 0x0800011b   Thumb Code     0  startup_stm32f10x_md.o(.text)
    EXTI0_IRQHandler                         0x0800011b   Thumb Code     0  startup_stm32f10x_md.o(.text)
    EXTI1_IRQHandler                         0x0800011b   Thumb Code     0  startup_stm32f10x_md.o(.text)
    EXTI2_IRQHandler                         0x0800011b   Thumb Code     0  startup_stm32f10x_md.o(.text)
    EXTI3_IRQHandler                         0x0800011b   Thumb Code     0  startup_stm32f10x_md.o(.text)
    EXTI4_IRQHandler                         0x0800011b   Thumb Code     0  startup_stm32f10x_md.o(.text)
    EXTI9_5_IRQHandler                       0x0800011b   Thumb Code     0  startup_stm32f10x_md.o(.text)
    FLASH_IRQHandler                         0x0800011b   Thumb Code     0  startup_stm32f10x_md.o(.text)
    I2C1_ER_IRQHandler                       0x0800011b   Thumb Code     0  startup_stm32f10x_md.o(.text)
    I2C1_EV_IRQHandler                       0x0800011b   Thumb Code     0  startup_stm32f10x_md.o(.text)
    I2C2_ER_IRQHandler                       0x0800011b   Thumb Code     0  startup_stm32f10x_md.o(.text)
    I2C2_EV_IRQHandler                       0x0800011b   Thumb Code     0  startup_stm32f10x_md.o(.text)
    PVD_IRQHandler                           0x0800011b   Thumb Code     0  startup_stm32f10x_md.o(.text)
    RCC_IRQHandler                           0x0800011b   Thumb Code     0  startup_stm32f10x_md.o(.text)
    RTCAlarm_IRQHandler                      0x0800011b   Thumb Code     0  startup_stm32f10x_md.o(.text)
    RTC_IRQHandler                           0x0800011b   Thumb Code     0  startup_stm32f10x_md.o(.text)
    SPI1_IRQHandler                          0x0800011b   Thumb Code     0  startup_stm32f10x_md.o(.text)
    SPI2_IRQHandler                          0x0800011b   Thumb Code     0  startup_stm32f10x_md.o(.text)
    TAMPER_IRQHandler                        0x0800011b   Thumb Code     0  startup_stm32f10x_md.o(.text)
    TIM1_BRK_IRQHandler                      0x0800011b   Thumb Code     0  startup_stm32f10x_md.o(.text)
    TIM1_CC_IRQHandler                       0x0800011b   Thumb Code     0  startup_stm32f10x_md.o(.text)
    TIM1_TRG_COM_IRQHandler                  0x0800011b   Thumb Code     0  startup_stm32f10x_md.o(.text)
    TIM3_IRQHandler                          0x0800011b   Thumb Code     0  startup_stm32f10x_md.o(.text)
    USART1_IRQHandler                        0x0800011b   Thumb Code     0  startup_stm32f10x_md.o(.text)
    USART3_IRQHandler                        0x0800011b   Thumb Code     0  startup_stm32f10x_md.o(.text)
    USBWakeUp_IRQHandler                     0x0800011b   Thumb Code     0  startup_stm32f10x_md.o(.text)
    USB_HP_CAN1_TX_IRQHandler                0x0800011b   Thumb Code     0  startup_stm32f10x_md.o(.text)
    USB_LP_CAN1_RX0_IRQHandler               0x0800011b   Thumb Code     0  startup_stm32f10x_md.o(.text)
    WWDG_IRQHandler                          0x0800011b   Thumb Code     0  startup_stm32f10x_md.o(.text)
    __aeabi_fadd                             0x08000125   Thumb Code   164  fadd.o(.text)
    __aeabi_fsub                             0x080001c9   Thumb Code     6  fadd.o(.text)
    __aeabi_frsub                            0x080001cf   Thumb Code     6  fadd.o(.text)
    __aeabi_fmul                             0x080001d5   Thumb Code   100  fmul.o(.text)
    __aeabi_dadd                             0x08000239   Thumb Code   322  dadd.o(.text)
    __aeabi_dsub                             0x0800037b   Thumb Code     6  dadd.o(.text)
    __aeabi_drsub                            0x08000381   Thumb Code     6  dadd.o(.text)
    __aeabi_dmul                             0x08000387   Thumb Code   228  dmul.o(.text)
    __aeabi_ddiv                             0x0800046b   Thumb Code   222  ddiv.o(.text)
    __aeabi_i2f                              0x08000549   Thumb Code    18  fflti.o(.text)
    __aeabi_f2iz                             0x0800055b   Thumb Code    50  ffixi.o(.text)
    __aeabi_f2d                              0x0800058d   Thumb Code    38  f2d.o(.text)
    __aeabi_d2f                              0x080005b3   Thumb Code    56  d2f.o(.text)
    __aeabi_cfcmpeq                          0x080005ed   Thumb Code     0  cfcmple.o(.text)
    __aeabi_cfcmple                          0x080005ed   Thumb Code    20  cfcmple.o(.text)
    __aeabi_cfrcmple                         0x08000601   Thumb Code    20  cfrcmple.o(.text)
    __aeabi_uidiv                            0x08000615   Thumb Code     0  uidiv.o(.text)
    __aeabi_uidivmod                         0x08000615   Thumb Code    44  uidiv.o(.text)
    __aeabi_llsl                             0x08000641   Thumb Code    30  llshl.o(.text)
    _ll_shift_l                              0x08000641   Thumb Code     0  llshl.o(.text)
    __aeabi_lasr                             0x0800065f   Thumb Code    36  llsshr.o(.text)
    _ll_sshift_r                             0x0800065f   Thumb Code     0  llsshr.o(.text)
    __I$use$fp                               0x08000683   Thumb Code     0  iusefp.o(.text)
    _float_round                             0x08000683   Thumb Code    18  fepilogue.o(.text)
    _float_epilogue                          0x08000695   Thumb Code    92  fepilogue.o(.text)
    _double_round                            0x080006f1   Thumb Code    30  depilogue.o(.text)
    _double_epilogue                         0x0800070f   Thumb Code   156  depilogue.o(.text)
    __ARM_scalbn                             0x080007ab   Thumb Code    46  dscalb.o(.text)
    scalbn                                   0x080007ab   Thumb Code     0  dscalb.o(.text)
    __scatterload                            0x080007d9   Thumb Code    28  init.o(.text)
    __scatterload_rt2                        0x080007d9   Thumb Code     0  init.o(.text)
    __aeabi_llsr                             0x080007fd   Thumb Code    32  llushr.o(.text)
    _ll_ushift_r                             0x080007fd   Thumb Code     0  llushr.o(.text)
    BusFault_Handler                         0x0800081d   Thumb Code     4  stm32f10x_it.o(i.BusFault_Handler)
    DMA1_Channel6_IRQHandler                 0x08000821   Thumb Code    94  usart.o(i.DMA1_Channel6_IRQHandler)
    DMA_ClearFlag                            0x0800088d   Thumb Code    18  stm32f10x_dma.o(i.DMA_ClearFlag)
    DMA_ClearITPendingBit                    0x080008a9   Thumb Code    18  stm32f10x_dma.o(i.DMA_ClearITPendingBit)
    DMA_Cmd                                  0x080008c5   Thumb Code    24  stm32f10x_dma.o(i.DMA_Cmd)
    DMA_DeInit                               0x080008dd   Thumb Code   324  stm32f10x_dma.o(i.DMA_DeInit)
    DMA_GetITStatus                          0x08000a29   Thumb Code    36  stm32f10x_dma.o(i.DMA_GetITStatus)
    DMA_ITConfig                             0x08000a55   Thumb Code    18  stm32f10x_dma.o(i.DMA_ITConfig)
    DMA_Init                                 0x08000a67   Thumb Code    60  stm32f10x_dma.o(i.DMA_Init)
    DMA_SetCurrDataCounter                   0x08000aa3   Thumb Code     4  stm32f10x_dma.o(i.DMA_SetCurrDataCounter)
    DebugMon_Handler                         0x08000aa7   Thumb Code     2  stm32f10x_it.o(i.DebugMon_Handler)
    EXTI15_10_IRQHandler                     0x08000aa9   Thumb Code    28  key.o(i.EXTI15_10_IRQHandler)
    EXTI_ClearITPendingBit                   0x08000ac9   Thumb Code     6  stm32f10x_exti.o(i.EXTI_ClearITPendingBit)
    EXTI_Init                                0x08000ad5   Thumb Code   142  stm32f10x_exti.o(i.EXTI_Init)
    GPIO_EXTILineConfig                      0x08000b69   Thumb Code    60  stm32f10x_gpio.o(i.GPIO_EXTILineConfig)
    GPIO_Init                                0x08000ba9   Thumb Code   278  stm32f10x_gpio.o(i.GPIO_Init)
    GPIO_PinRemapConfig                      0x08000cc1   Thumb Code   138  stm32f10x_gpio.o(i.GPIO_PinRemapConfig)
    GPIO_ReadInputDataBit                    0x08000d51   Thumb Code    18  stm32f10x_gpio.o(i.GPIO_ReadInputDataBit)
    GPIO_ResetBits                           0x08000d63   Thumb Code     4  stm32f10x_gpio.o(i.GPIO_ResetBits)
    GPIO_SetBits                             0x08000d67   Thumb Code     4  stm32f10x_gpio.o(i.GPIO_SetBits)
    HardFault_Handler                        0x08000d6b   Thumb Code     4  stm32f10x_it.o(i.HardFault_Handler)
    MPU6050ReadAcc                           0x08000d71   Thumb Code   136  imu.o(i.MPU6050ReadAcc)
    MPU6050ReadGyro                          0x08000dfd   Thumb Code   136  imu.o(i.MPU6050ReadGyro)
    MPU6050ReadID                            0x08000e89   Thumb Code    48  imu.o(i.MPU6050ReadID)
    MPU6050_ReadData                         0x08000ed1   Thumb Code    88  imu.o(i.MPU6050_ReadData)
    MPU6050_WriteReg                         0x08000f29   Thumb Code    46  imu.o(i.MPU6050_WriteReg)
    MemManage_Handler                        0x08000f57   Thumb Code     4  stm32f10x_it.o(i.MemManage_Handler)
    NMI_Handler                              0x08000f5b   Thumb Code     2  stm32f10x_it.o(i.NMI_Handler)
    NVIC_Init                                0x08000f5d   Thumb Code   100  misc.o(i.NVIC_Init)
    NVIC_PriorityGroupConfig                 0x08000fcd   Thumb Code    10  misc.o(i.NVIC_PriorityGroupConfig)
    PendSV_Handler                           0x08000fe1   Thumb Code     2  stm32f10x_it.o(i.PendSV_Handler)
    RCC_AHBPeriphClockCmd                    0x08000fe5   Thumb Code    26  stm32f10x_rcc.o(i.RCC_AHBPeriphClockCmd)
    RCC_APB1PeriphClockCmd                   0x08001005   Thumb Code    26  stm32f10x_rcc.o(i.RCC_APB1PeriphClockCmd)
    RCC_APB2PeriphClockCmd                   0x08001025   Thumb Code    26  stm32f10x_rcc.o(i.RCC_APB2PeriphClockCmd)
    RCC_GetClocksFreq                        0x08001045   Thumb Code   192  stm32f10x_rcc.o(i.RCC_GetClocksFreq)
    RC_Data_Solve                            0x08001119   Thumb Code   338  usart.o(i.RC_Data_Solve)
    SVC_Handler                              0x08001289   Thumb Code     2  stm32f10x_it.o(i.SVC_Handler)
    Set_Pwm                                  0x08001375   Thumb Code   146  pwm.o(i.Set_Pwm)
    SysTick_CLKSourceConfig                  0x08001425   Thumb Code    40  misc.o(i.SysTick_CLKSourceConfig)
    SysTick_Handler                          0x0800144d   Thumb Code     2  stm32f10x_it.o(i.SysTick_Handler)
    SystemInit                               0x08001451   Thumb Code    78  system_stm32f10x.o(i.SystemInit)
    TIM1_UP_IRQHandler                       0x080016f1   Thumb Code   152  control.o(i.TIM1_UP_IRQHandler)
    TIM2_IRQHandler                          0x080017a1   Thumb Code    20  encoder.o(i.TIM2_IRQHandler)
    TIM4_IRQHandler                          0x080017b5   Thumb Code    20  encoder.o(i.TIM4_IRQHandler)
    TIM_ARRPreloadConfig                     0x080017cd   Thumb Code    24  stm32f10x_tim.o(i.TIM_ARRPreloadConfig)
    TIM_ClearFlag                            0x080017e5   Thumb Code     6  stm32f10x_tim.o(i.TIM_ClearFlag)
    TIM_ClearITPendingBit                    0x080017eb   Thumb Code     6  stm32f10x_tim.o(i.TIM_ClearITPendingBit)
    TIM_Cmd                                  0x080017f1   Thumb Code    24  stm32f10x_tim.o(i.TIM_Cmd)
    TIM_CtrlPWMOutputs                       0x08001809   Thumb Code    30  stm32f10x_tim.o(i.TIM_CtrlPWMOutputs)
    TIM_EncoderInterfaceConfig               0x08001827   Thumb Code    66  stm32f10x_tim.o(i.TIM_EncoderInterfaceConfig)
    TIM_GetITStatus                          0x08001869   Thumb Code    34  stm32f10x_tim.o(i.TIM_GetITStatus)
    TIM_ICInit                               0x0800188d   Thumb Code   150  stm32f10x_tim.o(i.TIM_ICInit)
    TIM_ICStructInit                         0x08001939   Thumb Code    18  stm32f10x_tim.o(i.TIM_ICStructInit)
    TIM_ITConfig                             0x0800194b   Thumb Code    18  stm32f10x_tim.o(i.TIM_ITConfig)
    TIM_OC1Init                              0x0800195d   Thumb Code   132  stm32f10x_tim.o(i.TIM_OC1Init)
    TIM_OC1PreloadConfig                     0x080019f5   Thumb Code    18  stm32f10x_tim.o(i.TIM_OC1PreloadConfig)
    TIM_OC2Init                              0x08001a09   Thumb Code   154  stm32f10x_tim.o(i.TIM_OC2Init)
    TIM_OC2PreloadConfig                     0x08001aad   Thumb Code    26  stm32f10x_tim.o(i.TIM_OC2PreloadConfig)
    TIM_SetCounter                           0x08001ac7   Thumb Code     4  stm32f10x_tim.o(i.TIM_SetCounter)
    TIM_SetIC1Prescaler                      0x08001acb   Thumb Code    18  stm32f10x_tim.o(i.TIM_SetIC1Prescaler)
    TIM_SetIC2Prescaler                      0x08001add   Thumb Code    26  stm32f10x_tim.o(i.TIM_SetIC2Prescaler)
    TIM_SetIC3Prescaler                      0x08001af7   Thumb Code    18  stm32f10x_tim.o(i.TIM_SetIC3Prescaler)
    TIM_SetIC4Prescaler                      0x08001b09   Thumb Code    26  stm32f10x_tim.o(i.TIM_SetIC4Prescaler)
    TIM_TimeBaseInit                         0x08001b25   Thumb Code   122  stm32f10x_tim.o(i.TIM_TimeBaseInit)
    TIM_TimeBaseStructInit                   0x08001bc9   Thumb Code    18  stm32f10x_tim.o(i.TIM_TimeBaseStructInit)
    USART2_IRQHandler                        0x08001bdd   Thumb Code    26  usart.o(i.USART2_IRQHandler)
    USART_Cmd                                0x08001bfd   Thumb Code    24  stm32f10x_usart.o(i.USART_Cmd)
    USART_DMACmd                             0x08001c15   Thumb Code    18  stm32f10x_usart.o(i.USART_DMACmd)
    USART_GetITStatus                        0x08001c27   Thumb Code    84  stm32f10x_usart.o(i.USART_GetITStatus)
    USART_ITConfig                           0x08001c7b   Thumb Code    74  stm32f10x_usart.o(i.USART_ITConfig)
    USART_Init                               0x08001cc5   Thumb Code   210  stm32f10x_usart.o(i.USART_Init)
    UsageFault_Handler                       0x08001d9d   Thumb Code     4  stm32f10x_it.o(i.UsageFault_Handler)
    __0printf$1                              0x08001da1   Thumb Code    22  printf1.o(i.__0printf$1)
    __1printf$1                              0x08001da1   Thumb Code     0  printf1.o(i.__0printf$1)
    __2printf                                0x08001da1   Thumb Code     0  printf1.o(i.__0printf$1)
    __ARM_fpclassify                         0x08001dc1   Thumb Code    40  fpclassify.o(i.__ARM_fpclassify)
    __kernel_poly                            0x08001de9   Thumb Code   170  poly.o(i.__kernel_poly)
    __mathlib_dbl_infnan                     0x08001e93   Thumb Code     6  dunder.o(i.__mathlib_dbl_infnan)
    __mathlib_dbl_infnan2                    0x08001e99   Thumb Code     4  dunder.o(i.__mathlib_dbl_infnan2)
    __mathlib_dbl_underflow                  0x08001e9d   Thumb Code    10  dunder.o(i.__mathlib_dbl_underflow)
    __scatterload_copy                       0x08001ead   Thumb Code    14  handlers.o(i.__scatterload_copy)
    __scatterload_null                       0x08001ebb   Thumb Code     2  handlers.o(i.__scatterload_null)
    __scatterload_zeroinit                   0x08001ebd   Thumb Code    14  handlers.o(i.__scatterload_zeroinit)
    abnormal_control                         0x08002021   Thumb Code    90  balance.o(i.abnormal_control)
    all_control                              0x08002099   Thumb Code   278  balance.o(i.all_control)
    atan                                     0x080021ed   Thumb Code   474  atan.o(i.atan)
    atan2                                    0x0800240d   Thumb Code   346  atan2.o(i.atan2)
    balance_control                          0x0800258d   Thumb Code   110  balance.o(i.balance_control)
    complement_filter                        0x08002611   Thumb Code   372  pose.o(i.complement_filter)
    control_init                             0x080027ad   Thumb Code   118  control.o(i.control_init)
    data_init                                0x08002829   Thumb Code    80  main.o(i.data_init)
    delay_init                               0x080028cd   Thumb Code    30  delay.o(i.delay_init)
    delay_ms                                 0x080028eb   Thumb Code    66  delay.o(i.delay_ms)
    encoder1_init                            0x0800292d   Thumb Code   174  encoder.o(i.encoder1_init)
    encoder2_init                            0x080029e1   Thumb Code   168  encoder.o(i.encoder2_init)
    encoder_init                             0x08002a91   Thumb Code    12  encoder.o(i.encoder_init)
    encoder_read                             0x08002a9d   Thumb Code    52  encoder.o(i.encoder_read)
    fputc                                    0x08002ad5   Thumb Code    24  usart.o(i.fputc)
    imu_iic_Ack                              0x08002b01   Thumb Code    56  iic.o(i.imu_iic_Ack)
    imu_iic_NAck                             0x08002b3d   Thumb Code    46  iic.o(i.imu_iic_NAck)
    imu_iic_ReadByte                         0x08002b71   Thumb Code    82  iic.o(i.imu_iic_ReadByte)
    imu_iic_Start                            0x08002bc9   Thumb Code    56  iic.o(i.imu_iic_Start)
    imu_iic_Stop                             0x08002c05   Thumb Code    38  iic.o(i.imu_iic_Stop)
    imu_iic_WaitAck                          0x08002c31   Thumb Code    66  iic.o(i.imu_iic_WaitAck)
    imu_iic_WriteByte                        0x08002c79   Thumb Code    96  iic.o(i.imu_iic_WriteByte)
    imu_iic_gpio_init                        0x08002cdd   Thumb Code    72  iic.o(i.imu_iic_gpio_init)
    imu_init                                 0x08002d29   Thumb Code    88  imu.o(i.imu_init)
    imu_read                                 0x08002d81   Thumb Code    52  imu.o(i.imu_read)
    key_init                                 0x08002dbd   Thumb Code   116  key.o(i.key_init)
    led_init                                 0x08002e39   Thumb Code    48  led.o(i.led_init)
    main                                     0x08002e6d   Thumb Code    24  main.o(i.main)
    myabs                                    0x08002e85   Thumb Code    14  pwm.o(i.myabs)
    pick_up                                  0x08002e95   Thumb Code   176  balance.o(i.pick_up)
    put_down                                 0x08002f55   Thumb Code   148  balance.o(i.put_down)
    pwm_init                                 0x08003001   Thumb Code   218  pwm.o(i.pwm_init)
    straight_control                         0x080030e9   Thumb Code    46  balance.o(i.straight_control)
    system_init                              0x0800311d   Thumb Code    58  main.o(i.system_init)
    turn_control                             0x0800315d   Thumb Code   204  balance.o(i.turn_control)
    usart1_init                              0x08003255   Thumb Code   126  usart.o(i.usart1_init)
    usart2_init                              0x080032dd   Thumb Code   274  usart.o(i.usart2_init)
    velocity_control                         0x08003401   Thumb Code   418  balance.o(i.velocity_control)
    __mathlib_zero                           0x08003698   Data           8  qnan.o(.constdata)
    Region$$Table$$Base                      0x080036e8   Number         0  anon$$obj.o(Region$$Table)
    Region$$Table$$Limit                     0x08003708   Number         0  anon$$obj.o(Region$$Table)
    ConfigOK                                 0x20000000   Data           1  main.o(.data)
    DataOK                                   0x20000001   Data           1  main.o(.data)
    dt                                       0x20000004   Data           4  main.o(.data)
    pitch                                    0x20000008   Data           4  main.o(.data)
    yaw                                      0x2000000c   Data           4  main.o(.data)
    roll                                     0x20000010   Data           4  main.o(.data)
    q0                                       0x20000014   Data           4  main.o(.data)
    q1                                       0x20000018   Data           4  main.o(.data)
    q2                                       0x2000001c   Data           4  main.o(.data)
    q3                                       0x20000020   Data           4  main.o(.data)
    imuKi                                    0x20000024   Data           4  main.o(.data)
    imuKp                                    0x20000028   Data           4  main.o(.data)
    Encoder_Left                             0x2000002c   Data           4  main.o(.data)
    Encoder_Right                            0x20000030   Data           4  main.o(.data)
    Balance_Pwm                              0x20000034   Data           4  main.o(.data)
    Velocity_Pwm                             0x20000038   Data           4  main.o(.data)
    Turn_Pwm                                 0x2000003c   Data           4  main.o(.data)
    Motor1                                   0x20000040   Data           4  main.o(.data)
    Motor2                                   0x20000044   Data           4  main.o(.data)
    Balance_Kp                               0x20000048   Data           4  main.o(.data)
    Balance_Kd                               0x2000004c   Data           4  main.o(.data)
    Velocity_Kp                              0x20000050   Data           4  main.o(.data)
    Velocity_Ki                              0x20000054   Data           4  main.o(.data)
    Turn_Kp                                  0x20000058   Data           4  main.o(.data)
    Turn_Kd                                  0x2000005c   Data           4  main.o(.data)
    Straight_Kp                              0x20000060   Data           4  main.o(.data)
    K_pitch                                  0x20000064   Data           4  main.o(.data)
    K_roll                                   0x20000068   Data           4  main.o(.data)
    PITCH_MID                                0x2000006c   Data           4  main.o(.data)
    received_flag                            0x20000070   Data           1  main.o(.data)
    Deadzone1                                0x20000088   Data           4  pwm.o(.data)
    Deadzone2                                0x2000008c   Data           4  pwm.o(.data)
    Flag_Front                               0x20000090   Data           1  usart.o(.data)
    Flag_Back                                0x20000091   Data           1  usart.o(.data)
    Flag_Left                                0x20000092   Data           1  usart.o(.data)
    Flag_Right                               0x20000093   Data           1  usart.o(.data)
    Front_Back_Change                        0x20000094   Data           1  usart.o(.data)
    speed_control_flag                       0x20000096   Data           1  control.o(.data)
    init_flag                                0x2000009c   Data           1  pose.o(.data)
    _accel_scale                             0x200000ac   Data           4  imu.o(.data)
    _gyro_scale                              0x200000b0   Data           4  imu.o(.data)
    Flag_Stop                                0x200000b4   Data           1  balance.o(.data)
    __stdout                                 0x200000ec   Data           4  stdout.o(.data)
    angle                                    0x200000f0   Data          12  main.o(.bss)
    gyro                                     0x200000fc   Data          12  main.o(.bss)
    acc                                      0x20000108   Data          12  main.o(.bss)
    usart2_dma_send_buffer                   0x20000114   Data          13  usart.o(.bss)
    usart2_dma_rece_buffer                   0x20000121   Data          11  usart.o(.bss)
    rc                                       0x2000012c   Data          16  usart.o(.bss)
    __initial_sp                             0x20000540   Data           0  startup_stm32f10x_md.o(STACK)



==============================================================================

Memory Map of the image

  Image Entry point : 0x080000ed

  Load Region LR_IROM1 (Base: 0x08000000, Size: 0x000037f8, Max: 0x00010000, ABSOLUTE)

    Execution Region ER_IROM1 (Base: 0x08000000, Size: 0x00003708, Max: 0x00010000, ABSOLUTE)

    Base Addr    Size         Type   Attr      Idx    E Section Name        Object

    0x08000000   0x000000ec   Data   RO          299    RESET               startup_stm32f10x_md.o
    0x080000ec   0x00000000   Code   RO         2669  * .ARM.Collect$$$$00000000  mc_w.l(entry.o)
    0x080000ec   0x00000004   Code   RO         2994    .ARM.Collect$$$$00000001  mc_w.l(entry2.o)
    0x080000f0   0x00000004   Code   RO         2997    .ARM.Collect$$$$00000004  mc_w.l(entry5.o)
    0x080000f4   0x00000000   Code   RO         2999    .ARM.Collect$$$$00000008  mc_w.l(entry7b.o)
    0x080000f4   0x00000000   Code   RO         3001    .ARM.Collect$$$$0000000A  mc_w.l(entry8b.o)
    0x080000f4   0x00000008   Code   RO         3002    .ARM.Collect$$$$0000000B  mc_w.l(entry9a.o)
    0x080000fc   0x00000000   Code   RO         3004    .ARM.Collect$$$$0000000D  mc_w.l(entry10a.o)
    0x080000fc   0x00000000   Code   RO         3006    .ARM.Collect$$$$0000000F  mc_w.l(entry11a.o)
    0x080000fc   0x00000004   Code   RO         2995    .ARM.Collect$$$$00002712  mc_w.l(entry2.o)
    0x08000100   0x00000024   Code   RO          300    .text               startup_stm32f10x_md.o
    0x08000124   0x000000b0   Code   RO         2933    .text               mf_w.l(fadd.o)
    0x080001d4   0x00000064   Code   RO         2935    .text               mf_w.l(fmul.o)
    0x08000238   0x0000014e   Code   RO         2937    .text               mf_w.l(dadd.o)
    0x08000386   0x000000e4   Code   RO         2939    .text               mf_w.l(dmul.o)
    0x0800046a   0x000000de   Code   RO         2941    .text               mf_w.l(ddiv.o)
    0x08000548   0x00000012   Code   RO         2943    .text               mf_w.l(fflti.o)
    0x0800055a   0x00000032   Code   RO         2947    .text               mf_w.l(ffixi.o)
    0x0800058c   0x00000026   Code   RO         2949    .text               mf_w.l(f2d.o)
    0x080005b2   0x00000038   Code   RO         2951    .text               mf_w.l(d2f.o)
    0x080005ea   0x00000002   PAD
    0x080005ec   0x00000014   Code   RO         2953    .text               mf_w.l(cfcmple.o)
    0x08000600   0x00000014   Code   RO         2955    .text               mf_w.l(cfrcmple.o)
    0x08000614   0x0000002c   Code   RO         3009    .text               mc_w.l(uidiv.o)
    0x08000640   0x0000001e   Code   RO         3013    .text               mc_w.l(llshl.o)
    0x0800065e   0x00000024   Code   RO         3015    .text               mc_w.l(llsshr.o)
    0x08000682   0x00000000   Code   RO         3024    .text               mc_w.l(iusefp.o)
    0x08000682   0x0000006e   Code   RO         3025    .text               mf_w.l(fepilogue.o)
    0x080006f0   0x000000ba   Code   RO         3027    .text               mf_w.l(depilogue.o)
    0x080007aa   0x0000002e   Code   RO         3029    .text               mf_w.l(dscalb.o)
    0x080007d8   0x00000024   Code   RO         3035    .text               mc_w.l(init.o)
    0x080007fc   0x00000020   Code   RO         3037    .text               mc_w.l(llushr.o)
    0x0800081c   0x00000004   Code   RO          163    i.BusFault_Handler  stm32f10x_it.o
    0x08000820   0x0000006c   Code   RO         2201    i.DMA1_Channel6_IRQHandler  usart.o
    0x0800088c   0x0000001c   Code   RO          340    i.DMA_ClearFlag     stm32f10x_dma.o
    0x080008a8   0x0000001c   Code   RO          341    i.DMA_ClearITPendingBit  stm32f10x_dma.o
    0x080008c4   0x00000018   Code   RO          342    i.DMA_Cmd           stm32f10x_dma.o
    0x080008dc   0x0000014c   Code   RO          343    i.DMA_DeInit        stm32f10x_dma.o
    0x08000a28   0x0000002c   Code   RO          346    i.DMA_GetITStatus   stm32f10x_dma.o
    0x08000a54   0x00000012   Code   RO          347    i.DMA_ITConfig      stm32f10x_dma.o
    0x08000a66   0x0000003c   Code   RO          348    i.DMA_Init          stm32f10x_dma.o
    0x08000aa2   0x00000004   Code   RO          349    i.DMA_SetCurrDataCounter  stm32f10x_dma.o
    0x08000aa6   0x00000002   Code   RO          164    i.DebugMon_Handler  stm32f10x_it.o
    0x08000aa8   0x00000020   Code   RO         2183    i.EXTI15_10_IRQHandler  key.o
    0x08000ac8   0x0000000c   Code   RO          413    i.EXTI_ClearITPendingBit  stm32f10x_exti.o
    0x08000ad4   0x00000094   Code   RO          418    i.EXTI_Init         stm32f10x_exti.o
    0x08000b68   0x00000040   Code   RO          643    i.GPIO_EXTILineConfig  stm32f10x_gpio.o
    0x08000ba8   0x00000116   Code   RO          646    i.GPIO_Init         stm32f10x_gpio.o
    0x08000cbe   0x00000002   PAD
    0x08000cc0   0x00000090   Code   RO          648    i.GPIO_PinRemapConfig  stm32f10x_gpio.o
    0x08000d50   0x00000012   Code   RO          650    i.GPIO_ReadInputDataBit  stm32f10x_gpio.o
    0x08000d62   0x00000004   Code   RO          653    i.GPIO_ResetBits    stm32f10x_gpio.o
    0x08000d66   0x00000004   Code   RO          654    i.GPIO_SetBits      stm32f10x_gpio.o
    0x08000d6a   0x00000004   Code   RO          165    i.HardFault_Handler  stm32f10x_it.o
    0x08000d6e   0x00000002   PAD
    0x08000d70   0x0000008c   Code   RO         2528    i.MPU6050ReadAcc    imu.o
    0x08000dfc   0x0000008c   Code   RO         2529    i.MPU6050ReadGyro   imu.o
    0x08000e88   0x00000048   Code   RO         2530    i.MPU6050ReadID     imu.o
    0x08000ed0   0x00000058   Code   RO         2532    i.MPU6050_ReadData  imu.o
    0x08000f28   0x0000002e   Code   RO         2534    i.MPU6050_WriteReg  imu.o
    0x08000f56   0x00000004   Code   RO          166    i.MemManage_Handler  stm32f10x_it.o
    0x08000f5a   0x00000002   Code   RO          167    i.NMI_Handler       stm32f10x_it.o
    0x08000f5c   0x00000070   Code   RO          304    i.NVIC_Init         misc.o
    0x08000fcc   0x00000014   Code   RO          305    i.NVIC_PriorityGroupConfig  misc.o
    0x08000fe0   0x00000002   Code   RO          168    i.PendSV_Handler    stm32f10x_it.o
    0x08000fe2   0x00000002   PAD
    0x08000fe4   0x00000020   Code   RO          959    i.RCC_AHBPeriphClockCmd  stm32f10x_rcc.o
    0x08001004   0x00000020   Code   RO          960    i.RCC_APB1PeriphClockCmd  stm32f10x_rcc.o
    0x08001024   0x00000020   Code   RO          962    i.RCC_APB2PeriphClockCmd  stm32f10x_rcc.o
    0x08001044   0x000000d4   Code   RO          970    i.RCC_GetClocksFreq  stm32f10x_rcc.o
    0x08001118   0x00000170   Code   RO         2202    i.RC_Data_Solve     usart.o
    0x08001288   0x00000002   Code   RO          169    i.SVC_Handler       stm32f10x_it.o
    0x0800128a   0x00000008   Code   RO          252    i.SetSysClock       system_stm32f10x.o
    0x08001292   0x00000002   PAD
    0x08001294   0x000000e0   Code   RO          253    i.SetSysClockTo72   system_stm32f10x.o
    0x08001374   0x000000b0   Code   RO         2144    i.Set_Pwm           pwm.o
    0x08001424   0x00000028   Code   RO          308    i.SysTick_CLKSourceConfig  misc.o
    0x0800144c   0x00000002   Code   RO          170    i.SysTick_Handler   stm32f10x_it.o
    0x0800144e   0x00000002   PAD
    0x08001450   0x00000060   Code   RO          255    i.SystemInit        system_stm32f10x.o
    0x080014b0   0x00000080   Code   RO         1392    i.TI1_Config        stm32f10x_tim.o
    0x08001530   0x00000098   Code   RO         1393    i.TI2_Config        stm32f10x_tim.o
    0x080015c8   0x00000090   Code   RO         1394    i.TI3_Config        stm32f10x_tim.o
    0x08001658   0x00000098   Code   RO         1395    i.TI4_Config        stm32f10x_tim.o
    0x080016f0   0x000000b0   Code   RO         2248    i.TIM1_UP_IRQHandler  control.o
    0x080017a0   0x00000014   Code   RO         2359    i.TIM2_IRQHandler   encoder.o
    0x080017b4   0x00000018   Code   RO         2360    i.TIM4_IRQHandler   encoder.o
    0x080017cc   0x00000018   Code   RO         1396    i.TIM_ARRPreloadConfig  stm32f10x_tim.o
    0x080017e4   0x00000006   Code   RO         1402    i.TIM_ClearFlag     stm32f10x_tim.o
    0x080017ea   0x00000006   Code   RO         1403    i.TIM_ClearITPendingBit  stm32f10x_tim.o
    0x080017f0   0x00000018   Code   RO         1408    i.TIM_Cmd           stm32f10x_tim.o
    0x08001808   0x0000001e   Code   RO         1410    i.TIM_CtrlPWMOutputs  stm32f10x_tim.o
    0x08001826   0x00000042   Code   RO         1417    i.TIM_EncoderInterfaceConfig  stm32f10x_tim.o
    0x08001868   0x00000022   Code   RO         1429    i.TIM_GetITStatus   stm32f10x_tim.o
    0x0800188a   0x00000002   PAD
    0x0800188c   0x000000ac   Code   RO         1431    i.TIM_ICInit        stm32f10x_tim.o
    0x08001938   0x00000012   Code   RO         1432    i.TIM_ICStructInit  stm32f10x_tim.o
    0x0800194a   0x00000012   Code   RO         1433    i.TIM_ITConfig      stm32f10x_tim.o
    0x0800195c   0x00000098   Code   RO         1437    i.TIM_OC1Init       stm32f10x_tim.o
    0x080019f4   0x00000012   Code   RO         1440    i.TIM_OC1PreloadConfig  stm32f10x_tim.o
    0x08001a06   0x00000002   PAD
    0x08001a08   0x000000a4   Code   RO         1442    i.TIM_OC2Init       stm32f10x_tim.o
    0x08001aac   0x0000001a   Code   RO         1445    i.TIM_OC2PreloadConfig  stm32f10x_tim.o
    0x08001ac6   0x00000004   Code   RO         1473    i.TIM_SetCounter    stm32f10x_tim.o
    0x08001aca   0x00000012   Code   RO         1474    i.TIM_SetIC1Prescaler  stm32f10x_tim.o
    0x08001adc   0x0000001a   Code   RO         1475    i.TIM_SetIC2Prescaler  stm32f10x_tim.o
    0x08001af6   0x00000012   Code   RO         1476    i.TIM_SetIC3Prescaler  stm32f10x_tim.o
    0x08001b08   0x0000001a   Code   RO         1477    i.TIM_SetIC4Prescaler  stm32f10x_tim.o
    0x08001b22   0x00000002   PAD
    0x08001b24   0x000000a4   Code   RO         1479    i.TIM_TimeBaseInit  stm32f10x_tim.o
    0x08001bc8   0x00000012   Code   RO         1480    i.TIM_TimeBaseStructInit  stm32f10x_tim.o
    0x08001bda   0x00000002   PAD
    0x08001bdc   0x00000020   Code   RO         2203    i.USART2_IRQHandler  usart.o
    0x08001bfc   0x00000018   Code   RO         1944    i.USART_Cmd         stm32f10x_usart.o
    0x08001c14   0x00000012   Code   RO         1945    i.USART_DMACmd      stm32f10x_usart.o
    0x08001c26   0x00000054   Code   RO         1948    i.USART_GetITStatus  stm32f10x_usart.o
    0x08001c7a   0x0000004a   Code   RO         1950    i.USART_ITConfig    stm32f10x_usart.o
    0x08001cc4   0x000000d8   Code   RO         1951    i.USART_Init        stm32f10x_usart.o
    0x08001d9c   0x00000004   Code   RO          171    i.UsageFault_Handler  stm32f10x_it.o
    0x08001da0   0x00000020   Code   RO         2717    i.__0printf$1       mc_w.l(printf1.o)
    0x08001dc0   0x00000028   Code   RO         2981    i.__ARM_fpclassify  m_ws.l(fpclassify.o)
    0x08001de8   0x000000aa   Code   RO         2983    i.__kernel_poly     m_ws.l(poly.o)
    0x08001e92   0x00000006   Code   RO         2968    i.__mathlib_dbl_infnan  m_ws.l(dunder.o)
    0x08001e98   0x00000004   Code   RO         2969    i.__mathlib_dbl_infnan2  m_ws.l(dunder.o)
    0x08001e9c   0x00000010   Code   RO         2973    i.__mathlib_dbl_underflow  m_ws.l(dunder.o)
    0x08001eac   0x0000000e   Code   RO         3045    i.__scatterload_copy  mc_w.l(handlers.o)
    0x08001eba   0x00000002   Code   RO         3046    i.__scatterload_null  mc_w.l(handlers.o)
    0x08001ebc   0x0000000e   Code   RO         3047    i.__scatterload_zeroinit  mc_w.l(handlers.o)
    0x08001eca   0x00000002   PAD
    0x08001ecc   0x00000154   Code   RO         2724    i._printf_core      mc_w.l(printf1.o)
    0x08002020   0x00000078   Code   RO         2593    i.abnormal_control  balance.o
    0x08002098   0x00000154   Code   RO         2594    i.all_control       balance.o
    0x080021ec   0x00000220   Code   RO         2958    i.atan              m_ws.l(atan.o)
    0x0800240c   0x00000180   Code   RO         2662    i.atan2             m_ws.l(atan2.o)
    0x0800258c   0x00000084   Code   RO         2595    i.balance_control   balance.o
    0x08002610   0x0000019c   Code   RO         2497    i.complement_filter  pose.o
    0x080027ac   0x0000007c   Code   RO         2249    i.control_init      control.o
    0x08002828   0x000000a4   Code   RO            1    i.data_init         main.o
    0x080028cc   0x0000001e   Code   RO         2120    i.delay_init        delay.o
    0x080028ea   0x00000042   Code   RO         2121    i.delay_ms          delay.o
    0x0800292c   0x000000b4   Code   RO         2361    i.encoder1_init     encoder.o
    0x080029e0   0x000000b0   Code   RO         2362    i.encoder2_init     encoder.o
    0x08002a90   0x0000000c   Code   RO         2363    i.encoder_init      encoder.o
    0x08002a9c   0x00000038   Code   RO         2364    i.encoder_read      encoder.o
    0x08002ad4   0x0000001c   Code   RO         2204    i.fputc             usart.o
    0x08002af0   0x0000000e   Code   RO         2270    i.iic_Delay         iic.o
    0x08002afe   0x00000002   PAD
    0x08002b00   0x0000003c   Code   RO         2271    i.imu_iic_Ack       iic.o
    0x08002b3c   0x00000034   Code   RO         2272    i.imu_iic_NAck      iic.o
    0x08002b70   0x00000058   Code   RO         2273    i.imu_iic_ReadByte  iic.o
    0x08002bc8   0x0000003c   Code   RO         2274    i.imu_iic_Start     iic.o
    0x08002c04   0x0000002c   Code   RO         2275    i.imu_iic_Stop      iic.o
    0x08002c30   0x00000048   Code   RO         2276    i.imu_iic_WaitAck   iic.o
    0x08002c78   0x00000064   Code   RO         2277    i.imu_iic_WriteByte  iic.o
    0x08002cdc   0x0000004c   Code   RO         2278    i.imu_iic_gpio_init  iic.o
    0x08002d28   0x00000058   Code   RO         2535    i.imu_init          imu.o
    0x08002d80   0x0000003c   Code   RO         2536    i.imu_read          imu.o
    0x08002dbc   0x0000007c   Code   RO         2184    i.key_init          key.o
    0x08002e38   0x00000034   Code   RO         2171    i.led_init          led.o
    0x08002e6c   0x00000018   Code   RO            2    i.main              main.o
    0x08002e84   0x0000000e   Code   RO         2145    i.myabs             pwm.o
    0x08002e92   0x00000002   PAD
    0x08002e94   0x000000c0   Code   RO         2596    i.pick_up           balance.o
    0x08002f54   0x000000ac   Code   RO         2597    i.put_down          balance.o
    0x08003000   0x000000e8   Code   RO         2146    i.pwm_init          pwm.o
    0x080030e8   0x00000034   Code   RO         2598    i.straight_control  balance.o
    0x0800311c   0x00000040   Code   RO            3    i.system_init       main.o
    0x0800315c   0x000000f8   Code   RO         2599    i.turn_control      balance.o
    0x08003254   0x00000088   Code   RO         2205    i.usart1_init       usart.o
    0x080032dc   0x00000124   Code   RO         2206    i.usart2_init       usart.o
    0x08003400   0x000001fc   Code   RO         2600    i.velocity_control  balance.o
    0x080035fc   0x00000004   PAD
    0x08003600   0x00000098   Data   RO         2959    .constdata          m_ws.l(atan.o)
    0x08003698   0x00000008   Data   RO         2985    .constdata          m_ws.l(qnan.o)
    0x080036a0   0x00000048   Data   RO         2537    .conststring        imu.o
    0x080036e8   0x00000020   Data   RO         3043    Region$$Table       anon$$obj.o


    Execution Region RW_IRAM1 (Base: 0x20000000, Size: 0x00000540, Max: 0x00005000, ABSOLUTE)

    Base Addr    Size         Type   Attr      Idx    E Section Name        Object

    0x20000000   0x00000071   Data   RW            5    .data               main.o
    0x20000071   0x00000014   Data   RW          990    .data               stm32f10x_rcc.o
    0x20000085   0x00000003   PAD
    0x20000088   0x00000008   Data   RW         2147    .data               pwm.o
    0x20000090   0x00000005   Data   RW         2208    .data               usart.o
    0x20000095   0x00000001   PAD
    0x20000096   0x00000004   Data   RW         2250    .data               control.o
    0x2000009a   0x00000002   PAD
    0x2000009c   0x00000010   Data   RW         2499    .data               pose.o
    0x200000ac   0x00000008   Data   RW         2538    .data               imu.o
    0x200000b4   0x00000038   Data   RW         2601    .data               balance.o
    0x200000ec   0x00000004   Data   RW         3008    .data               mc_w.l(stdout.o)
    0x200000f0   0x00000024   Zero   RW            4    .bss                main.o
    0x20000114   0x00000028   Zero   RW         2207    .bss                usart.o
    0x2000013c   0x00000004   PAD
    0x20000140   0x00000400   Zero   RW          297    STACK               startup_stm32f10x_md.o


==============================================================================

Image component sizes


      Code (inc. data)   RO Data    RW Data    ZI Data      Debug   Object Name

      1764        294          0         56          0       5965   balance.o
       300         30          0          4          0       1297   control.o
         0          0          0          0          0         32   core_cm3.o
        96          0          0          0          0        888   delay.o
       468         22          0          0          0       3070   encoder.o
       566         40          0          0          0       4289   iic.o
       634         40         72          8          0       4046   imu.o
       156         12          0          0          0        970   key.o
        52          4          0          0          0        443   led.o
       252         90          0        113         36     268644   main.o
       172         22          0          0          0       1897   misc.o
       412         40          0         16          0       2202   pose.o
       422         44          0          8          0       1899   pwm.o
        36          8        236          0       1024        776   startup_stm32f10x_md.o
       538         36          0          0          0       5848   stm32f10x_dma.o
       160         12          0          0          0       1373   stm32f10x_exti.o
       512         10          0          0          0       4800   stm32f10x_gpio.o
        26          0          0          0          0       3554   stm32f10x_it.o
       308         38          0         20          0       4778   stm32f10x_rcc.o
      1608        180          0          0          0      15039   stm32f10x_tim.o
       416          6          0          0          0       4761   stm32f10x_usart.o
       328         28          0          0          0       1729   system_stm32f10x.o
       964         82          0          5         40       4314   usart.o

    ----------------------------------------------------------------------
     10216       1042        340        236       1104     342614   Object Totals
         0          0         32          0          0          0   (incl. Generated)
        26          4          0          6          4          0   (incl. Padding)

    ----------------------------------------------------------------------

      Code (inc. data)   RO Data    RW Data    ZI Data      Debug   Library Member Name

       544         70        152          0          0        124   atan.o
       384         38          0          0          0        144   atan2.o
        26          6          0          0          0        204   dunder.o
        40          0          0          0          0         68   fpclassify.o
       170          0          0          0          0         96   poly.o
         0          0          8          0          0          0   qnan.o
         0          0          0          0          0          0   entry.o
         0          0          0          0          0          0   entry10a.o
         0          0          0          0          0          0   entry11a.o
         8          4          0          0          0          0   entry2.o
         4          0          0          0          0          0   entry5.o
         0          0          0          0          0          0   entry7b.o
         0          0          0          0          0          0   entry8b.o
         8          4          0          0          0          0   entry9a.o
        30          0          0          0          0          0   handlers.o
        36          8          0          0          0         68   init.o
         0          0          0          0          0          0   iusefp.o
        30          0          0          0          0         68   llshl.o
        36          0          0          0          0         68   llsshr.o
        32          0          0          0          0         68   llushr.o
       372         14          0          0          0        184   printf1.o
         0          0          0          4          0          0   stdout.o
        44          0          0          0          0         80   uidiv.o
        20          0          0          0          0         68   cfcmple.o
        20          0          0          0          0         68   cfrcmple.o
        56          0          0          0          0         88   d2f.o
       334          0          0          0          0        148   dadd.o
       222          0          0          0          0        100   ddiv.o
       186          0          0          0          0        176   depilogue.o
       228          0          0          0          0         96   dmul.o
        46          0          0          0          0         80   dscalb.o
        38          0          0          0          0         68   f2d.o
       176          0          0          0          0        140   fadd.o
       110          0          0          0          0        168   fepilogue.o
        50          0          0          0          0         68   ffixi.o
        18          0          0          0          0         68   fflti.o
       100          0          0          0          0         76   fmul.o

    ----------------------------------------------------------------------
      3372        144        160          4          0       2584   Library Totals
         4          0          0          0          0          0   (incl. Padding)

    ----------------------------------------------------------------------

      Code (inc. data)   RO Data    RW Data    ZI Data      Debug   Library Name

      1164        114        160          0          0        636   m_ws.l
       600         30          0          4          0        536   mc_w.l
      1604          0          0          0          0       1412   mf_w.l

    ----------------------------------------------------------------------
      3372        144        160          4          0       2584   Library Totals

    ----------------------------------------------------------------------

==============================================================================


      Code (inc. data)   RO Data    RW Data    ZI Data      Debug   

     13588       1186        500        240       1104     338226   Grand Totals
     13588       1186        500        240       1104     338226   ELF Image Totals
     13588       1186        500        240          0          0   ROM Totals

==============================================================================

    Total RO  Size (Code + RO Data)                14088 (  13.76kB)
    Total RW  Size (RW Data + ZI Data)              1344 (   1.31kB)
    Total ROM Size (Code + RO Data + RW Data)      14328 (  13.99kB)

==============================================================================

